Component: ARM Compiler 5.06 update 6 (build 750) Tool: armlink [4d35ed]

==============================================================================

Section Cross References

    main.o(.text) refers to _printf_percent.o(.ARM.Collect$$_printf_percent$$00000000) for _printf_percent
    main.o(.text) refers to _printf_f.o(.ARM.Collect$$_printf_percent$$00000003) for _printf_f
    main.o(.text) refers to printf1.o(x$fpl$printf1) for _printf_fp_dec
    main.o(.text) refers to speedtext.o(.text) for InitAll
    main.o(.text) refers to oled.o(.text) for OLED_Clear
    main.o(.text) refers to delay.o(.text) for delay_ms
    main.o(.text) refers to dflt_clz.o(x$fpl$dfltu) for __aeabi_ui2d
    main.o(.text) refers to ddiv.o(x$fpl$ddiv) for __aeabi_ddiv
    main.o(.text) refers to daddsub_clz.o(x$fpl$dadd) for __aeabi_dadd
    main.o(.text) refers to dmul.o(x$fpl$dmul) for __aeabi_dmul
    main.o(.text) refers to daddsub_clz.o(x$fpl$dsub) for __aeabi_dsub
    main.o(.text) refers to noretval__2sprintf.o(.text) for __2sprintf
    main.o(.text) refers to speedtext.o(.data) for TIME_SAVE
    main.o(.text) refers to main.o(.data) for show_flag
    main.o(.text) refers to main.o(.bss) for time
    main.o(.text) refers to d2f.o(x$fpl$d2f) for __aeabi_d2f
    main.o(.text) refers to fdiv.o(x$fpl$fdiv) for __aeabi_fdiv
    main.o(.text) refers to f2d.o(x$fpl$f2d) for __aeabi_f2d
    main.o(.text) refers to stm32f10x_tim.o(.text) for TIM_SetCounter
    main.o(.text) refers to bsp_generaltim.o(.data) for TIM_ICUserValueStructure1
    stm32f10x_it.o(.text) refers to stm32f10x_tim.o(.text) for TIM_GetITStatus
    stm32f10x_it.o(.text) refers to main.o(.text) for TIM2_CaptureCallBack
    stm32f10x_it.o(.text) refers to main.o(.data) for STATE_USE
    stm32f10x_it.o(.text) refers to bsp_generaltim.o(.data) for TIM_ICUserValueStructure1
    speedtext.o(.text) refers to stm32f10x_rcc.o(.text) for RCC_APB2PeriphClockCmd
    speedtext.o(.text) refers to stm32f10x_gpio.o(.text) for GPIO_Init
    speedtext.o(.text) refers to system_stm32f10x.o(.text) for SystemInit
    speedtext.o(.text) refers to bsp_generaltim.o(.text) for GENERAL_TIM_Init
    speedtext.o(.text) refers to oled.o(.text) for OLED_Init
    speedtext.o(.text) refers to led.o(.text) for LED_GPIO_Config
    bsp_generaltim.o(.text) refers to misc.o(.text) for NVIC_PriorityGroupConfig
    bsp_generaltim.o(.text) refers to stm32f10x_rcc.o(.text) for RCC_APB1PeriphClockCmd
    bsp_generaltim.o(.text) refers to stm32f10x_tim.o(.text) for TIM_TimeBaseInit
    bsp_generaltim.o(.text) refers to stm32f10x_gpio.o(.text) for GPIO_Init
    led.o(.text) refers to stm32f10x_rcc.o(.text) for RCC_APB2PeriphClockCmd
    led.o(.text) refers to stm32f10x_gpio.o(.text) for GPIO_Init
    led.o(.text) refers to delay.o(.text) for delay_ms
    oled.o(.text) refers to stm32f10x_gpio.o(.text) for GPIO_SetBits
    oled.o(.text) refers to oled.o(.constdata) for F8X16
    oled.o(.text) refers to delay.o(.text) for delay_init
    oled.o(.text) refers to sys.o(.text) for NVIC_Configuration
    oled.o(.text) refers to stm32f10x_rcc.o(.text) for RCC_APB2PeriphClockCmd
    oled.o(.text) refers to oled.o(.data) for Hzk
    delay.o(.text) refers to misc.o(.text) for SysTick_CLKSourceConfig
    delay.o(.text) refers to system_stm32f10x.o(.data) for SystemCoreClock
    delay.o(.text) refers to delay.o(.data) for fac_us
    sys.o(.text) refers to misc.o(.text) for NVIC_PriorityGroupConfig
    usart.o(.text) refers (Special) to use_no_semi_2.o(.text) for __use_no_semihosting
    usart.o(.text) refers to stm32f10x_rcc.o(.text) for RCC_APB2PeriphClockCmd
    usart.o(.text) refers to stm32f10x_gpio.o(.text) for GPIO_Init
    usart.o(.text) refers to misc.o(.text) for NVIC_Init
    usart.o(.text) refers to stm32f10x_usart.o(.text) for USART_Init
    usart.o(.text) refers to usart.o(.data) for USART_RX_STA
    usart.o(.text) refers to usart.o(.bss) for USART_RX_BUF
    usart.o(.bss) refers (Special) to use_no_semi_2.o(.text) for __use_no_semihosting
    usart.o(.data) refers (Special) to use_no_semi_2.o(.text) for __use_no_semihosting
    startup_stm32f10x_hd.o(STACK) refers (Special) to heapauxi.o(.text) for __use_two_region_memory
    startup_stm32f10x_hd.o(HEAP) refers (Special) to heapauxi.o(.text) for __use_two_region_memory
    startup_stm32f10x_hd.o(RESET) refers (Special) to heapauxi.o(.text) for __use_two_region_memory
    startup_stm32f10x_hd.o(RESET) refers to startup_stm32f10x_hd.o(STACK) for __initial_sp
    startup_stm32f10x_hd.o(RESET) refers to startup_stm32f10x_hd.o(.text) for Reset_Handler
    startup_stm32f10x_hd.o(RESET) refers to stm32f10x_it.o(.text) for NMI_Handler
    startup_stm32f10x_hd.o(RESET) refers to usart.o(.text) for USART1_IRQHandler
    startup_stm32f10x_hd.o(.text) refers (Special) to heapauxi.o(.text) for __use_two_region_memory
    startup_stm32f10x_hd.o(.text) refers to system_stm32f10x.o(.text) for SystemInit
[...]

    Local Symbols

    Symbol Name                              Value     Ov Type        Size  Object(Section)

    ../clib/angel/boardlib.s                 0x00000000   Number         0  boardinit1.o ABSOLUTE
    ../clib/angel/boardlib.s                 0x00000000   Number         0  boardinit3.o ABSOLUTE
    ../clib/angel/boardlib.s                 0x00000000   Number         0  boardinit2.o ABSOLUTE
    ../clib/angel/boardlib.s                 0x00000000   Number         0  boardshut.o ABSOLUTE
    ../clib/angel/dczerorl2.s                0x00000000   Number         0  __dczerorl2.o ABSOLUTE
    ../clib/angel/handlers.s                 0x00000000   Number         0  __scatter_zi.o ABSOLUTE
    ../clib/angel/kernel.s                   0x00000000   Number         0  __rtentry2.o ABSOLUTE
    ../clib/angel/kernel.s                   0x00000000   Number         0  __rtentry4.o ABSOLUTE
    ../clib/angel/kernel.s                   0x00000000   Number         0  __rtentry.o ABSOLUTE
    ../clib/angel/kernel.s                   0x00000000   Number         0  rtexit.o ABSOLUTE
    ../clib/angel/kernel.s                   0x00000000   Number         0  rtexit2.o ABSOLUTE
    ../clib/angel/rt.s                       0x00000000   Number         0  rt_raise.o ABSOLUTE
    ../clib/angel/rt.s                       0x00000000   Number         0  rt_locale.o ABSOLUTE
    ../clib/angel/rt.s                       0x00000000   Number         0  rt_locale_intlibspace.o ABSOLUTE
    ../clib/angel/scatter.s                  0x00000000   Number         0  __scatter.o ABSOLUTE
    ../clib/angel/startup.s                  0x00000000   Number         0  __main.o ABSOLUTE
    ../clib/angel/sys.s                      0x00000000   Number         0  use_no_semi.o ABSOLUTE
    ../clib/angel/sys.s                      0x00000000   Number         0  libspace.o ABSOLUTE
    ../clib/angel/sys.s                      0x00000000   Number         0  use_no_semi_2.o ABSOLUTE
    ../clib/angel/sys.s                      0x00000000   Number         0  indicate_semi.o ABSOLUTE
    ../clib/angel/sys.s                      0x00000000   Number         0  sys_stackheap_outer.o ABSOLUTE
    ../clib/angel/sysapp.c                   0x00000000   Number         0  sys_wrch.o ABSOLUTE
    ../clib/angel/sysapp.c                   0x00000000   Number         0  sys_command.o ABSOLUTE
    ../clib/armsys.c                         0x00000000   Number         0  no_argv.o ABSOLUTE
    ../clib/armsys.c                         0x00000000   Number         0  _get_argv_nomalloc.o ABSOLUTE
    ../clib/armsys.c                         0x00000000   Number         0  argv_veneer.o ABSOLUTE
    ../clib/armsys.c                         0x00000000   Number         0  argv_veneer.o ABSOLUTE
    ../clib/bigflt.c                         0x00000000   Number         0  bigflt0.o ABSOLUTE
    ../clib/btod.s                           0x00000000   Number         0  btod.o ABSOLUTE
    ../clib/heapalloc.c                      0x00000000   Number         0  hrguard.o ABSOLUTE
    ../clib/heapaux.c                        0x00000000   Number         0  heapauxi.o ABSOLUTE
    ../clib/libinit.s                        0x00000000   Number         0  libshutdown2.o ABSOLUTE
    ../clib/libinit.s                        0x00000000   Number         0  libinit.o ABSOLUTE
    ../clib/libinit.s                        0x00000000   Number         0  libinit2.o ABSOLUTE
    ../clib/libinit.s                        0x00000000   Number         0  libshutdown.o ABSOLUTE
    ../clib/locale.s                         0x00000000   Number         0  lc_numeric_c.o ABSOLUTE
    ../clib/longlong.s                       0x00000000   Number         0  lludiv10.o ABSOLUTE
    ../clib/memcpset.s                       0x00000000   Number         0  strcmpv7m.o ABSOLUTE
    ../clib/printf.c                         0x00000000   Number         0  noretval__2sprintf.o ABSOLUTE
    ../clib/printf.c                         0x00000000   Number         0  __printf.o ABSOLUTE
    ../clib/printf.c                         0x00000000   Number         0  __printf_flags.o ABSOLUTE
    ../clib/printf.c                         0x00000000   Number         0  __printf_ss.o ABSOLUTE
    ../clib/printf.c                         0x00000000   Number         0  __printf_flags_ss.o ABSOLUTE
    ../clib/printf.c                         0x00000000   Number         0  __printf_wp.o ABSOLUTE
    ../clib/printf.c                         0x00000000   Number         0  __printf_flags_wp.o ABSOLUTE
    ../clib/printf.c                         0x00000000   Number         0  _printf_char_common.o ABSOLUTE
    ../clib/printf.c                         0x00000000   Number         0  __printf_ss_wp.o ABSOLUTE
    ../clib/printf.c                         0x00000000   Number         0  __printf_nopercent.o ABSOLUTE
    ../clib/printf.c                         0x00000000   Number         0  _sputc.o ABSOLUTE
    ../clib/printf.c                         0x00000000   Number         0  __printf_flags_ss_wp.o ABSOLUTE
    ../clib/printf.c                         0x00000000   Number         0  _printf_fp_infnan.o ABSOLUTE
    ../clib/printf.c                         0x00000000   Number         0  _printf_fp_dec.o ABSOLUTE
    ../clib/printf.c                         0x00000000   Number         0  __2sprintf.o ABSOLUTE
    ../clib/printf_percent.s                 0x00000000   Number         0  _printf_percent.o ABSOLUTE
    ../clib/printf_percent.s                 0x00000000   Number         0  _printf_f.o ABSOLUTE
    ../clib/printf_percent.s                 0x00000000   Number         0  _printf_percent_end.o ABSOLUTE
    ../clib/signal.c                         0x00000000   Number         0  defsig_rtred_inner.o ABSOLUTE
    ../clib/signal.c                         0x00000000   Number         0  defsig_exit.o ABSOLUTE
    ../clib/signal.c                         0x00000000   Number         0  defsig_other.o ABSOLUTE
    ../clib/signal.c                         0x00000000   Number         0  defsig_segv_inner.o ABSOLUTE
    ../clib/signal.c                         0x00000000   Number         0  defsig_rtmem_formal.o ABSOLUTE
    ../clib/signal.c                         0x00000000   Number         0  defsig_rtmem_outer.o ABSOLUTE
    ../clib/signal.c                         0x00000000   Number         0  defsig_abrt_inner.o ABSOLUTE
    ../clib/signal.c                         0x00000000   Number         0  defsig_stak_inner.o ABSOLUTE
    ../clib/signal.c                         0x00000000   Number         0  defsig_general.o ABSOLUTE
    ../clib/signal.c                         0x00000000   Number         0  defsig_pvfn_inner.o ABSOLUTE
    ../clib/signal.c                         0x00000000   Number         0  __raise.o ABSOLUTE
    ../clib/signal.c                         0x00000000   Number         0  defsig_cppl_inner.o ABSOLUTE
    ../clib/signal.c                         0x00000000   Number         0  defsig_fpe_inner.o ABSOLUTE
    ../clib/signal.c                         0x00000000   Number         0  defsig_rtmem_inner.o ABSOLUTE
    ../clib/signal.s                         0x00000000   Number         0  defsig.o ABSOLUTE
    ../clib/stdlib.c                         0x00000000   Number         0  exit.o ABSOLUTE
    ../fplib/d2f.s                           0x00000000   Number         0  d2f.o ABSOLUTE
    ../fplib/daddsub.s                       0x00000000   Number         0  daddsub_clz.o ABSOLUTE
    ../fplib/ddiv.s                          0x00000000   Number         0  ddiv.o ABSOLUTE
    ../fplib/dflt.s                          0x00000000   Number         0  dflt_clz.o ABSOLUTE
    ../fplib/dmul.s                          0x00000000   Number         0  dmul.o ABSOLUTE
    ../fplib/dnaninf.s                       0x00000000   Number         0  dnaninf.o ABSOLUTE
    ../fplib/dretinf.s                       0x00000000   Number         0  dretinf.o ABSOLUTE
    ../fplib/f2d.s                           0x00000000   Number         0  f2d.o ABSOLUTE
    ../fplib/fdiv.s                          0x00000000   Number         0  fdiv.o ABSOLUTE
    ../fplib/fnaninf.s                       0x00000000   Number         0  fnaninf.o ABSOLUTE
    ../fplib/fpinit.s                        0x00000000   Number         0  fpinit.o ABSOLUTE
    ../fplib/fretinf.s                       0x00000000   Number         0  fretinf.o ABSOLUTE
    ../fplib/istatus.s                       0x00000000   Number         0  istatus.o ABSOLUTE
    ../fplib/printf1.s                       0x00000000   Number         0  printf1.o ABSOLUTE
    ../fplib/usenofp.s                       0x00000000   Number         0  usenofp.o ABSOLUTE
    ../mathlib/fpclassify.c                  0x00000000   Number         0  fpclassify.o ABSOLUTE
    ..\CORE\core_cm3.c                       0x00000000   Number         0  core_cm3.o ABSOLUTE
    ..\CORE\startup_stm32f10x_hd.s           0x00000000   Number         0  startup_stm32f10x_hd.o ABSOLUTE
    ..\HARDWARE\OLED\oled.c                  0x00000000   Number         0  oled.o ABSOLUTE
    ..\STM32F10x_FWLib\src\misc.c            0x00000000   Number         0  misc.o ABSOLUTE
    ..\STM32F10x_FWLib\src\stm32f10x_gpio.c  0x00000000   Number         0  stm32f10x_gpio.o ABSOLUTE
    ..\STM32F10x_FWLib\src\stm32f10x_rcc.c   0x00000000   Number         0  stm32f10x_rcc.o ABSOLUTE
    ..\STM32F10x_FWLib\src\stm32f10x_tim.c   0x00000000   Number         0  stm32f10x_tim.o ABSOLUTE
    ..\STM32F10x_FWLib\src\stm32f10x_usart.c 0x00000000   Number         0  stm32f10x_usart.o ABSOLUTE
    ..\SYSTEM\delay\delay.c                  0x00000000   Number         0  delay.o ABSOLUTE
    ..\SYSTEM\sys\sys.c                      0x00000000   Number         0  sys.o ABSOLUTE
    ..\SYSTEM\usart\usart.c                  0x00000000   Number         0  usart.o ABSOLUTE
    ..\\CORE\\core_cm3.c                     0x00000000   Number         0  core_cm3.o ABSOLUTE
    GeneralTim\bsp_GeneralTim.c              0x00000000   Number         0  bsp_generaltim.o ABSOLUTE
    LED\led.c                                0x00000000   Number         0  led.o ABSOLUTE
    dc.s                                     0x00000000   Number         0  dc.o ABSOLUTE
    main.c                                   0x00000000   Number         0  main.o ABSOLUTE
    speedtext\speedtext.c                    0x00000000   Number         0  speedtext.o ABSOLUTE
    stm32f10x_it.c                           0x00000000   Number         0  stm32f10x_it.o ABSOLUTE
    system_stm32f10x.c                       0x00000000   Number         0  system_stm32f10x.o ABSOLUTE
    RESET                                    0x08000000   Section      304  startup_stm32f10x_hd.o(RESET)
    !!!main                                  0x08000130   Section        8  __main.o(!!!main)
    !!!scatter                               0x08000138   Section       52  __scatter.o(!!!scatter)
    !!dczerorl2                              0x0800016c   Section       90  __dczerorl2.o(!!dczerorl2)
    !!handler_zi                             0x080001c8   Section       28  __scatter_zi.o(!!handler_zi)
    .ARM.Collect$$_printf_percent$$00000000  0x080001e4   Section        0  _printf_percent.o(.ARM.Collect$$_printf_percent$$00000000)
    .ARM.Collect$$_printf_percent$$00000003  0x080001e4   Section        6  _printf_f.o(.ARM.Collect$$_printf_percent$$00000003)
    .ARM.Collect$$_printf_percent$$00000017  0x080001ea   Section        4  _printf_percent_end.o(.ARM.Collect$$_printf_percent$$00000017)
    .ARM.Collect$$libinit$$00000000          0x080001ee   Section        2  libinit.o(.ARM.Collect$$libinit$$00000000)
    .ARM.Collect$$libinit$$00000002          0x080001f0   Section        0  libinit2.o(.ARM.Collect$$libinit$$00000002)
    .ARM.Collect$$libinit$$00000004          0x080001f0   Section        0  libinit2.o(.ARM.Collect$$libinit$$00000004)
    .ARM.Collect$$libinit$$0000000A          0x080001f0   Section        0  libinit2.o(.ARM.Collect$$libinit$$0000000A)
    .ARM.Collect$$libinit$$0000000C          0x080001f0   Section        0  libinit2.o(.ARM.Collect$$libinit$$0000000C)
    .ARM.Collect$$libinit$$0000000E          0x080001f0   Section        0  libinit2.o(.ARM.Collect$$libinit$$0000000E)
    .ARM.Collect$$libinit$$0000000F          0x080001f0   Section        6  libinit2.o(.ARM.Collect$$libinit$$0000000F)
    .ARM.Collect$$libinit$$00000011          0x080001f6   Section        0  libinit2.o(.ARM.Collect$$libinit$$00000011)
    .ARM.Collect$$libinit$$00000013          0x080001f6   Section        0  libinit2.o(.ARM.Collect$$libinit$$00000013)
    .ARM.Collect$$libinit$$00000015          0x080001f6   Section        0  libinit2.o(.ARM.Collect$$libinit$$00000015)
    .ARM.Collect$$libinit$$00000016          0x080001f6   Section       10  libinit2.o(.ARM.Collect$$libinit$$00000016)
    .ARM.Collect$$libinit$$00000017          0x08000200   Section        0  libinit2.o(.ARM.Collect$$libinit$$00000017)
    .ARM.Collect$$libinit$$00000019          0x08000200   Section        0  libinit2.o(.ARM.Collect$$libinit$$00000019)
    .ARM.Collect$$libinit$$0000001B          0x08000200   Section        0  libinit2.o(.ARM.Collect$$libinit$$0000001B)
    .ARM.Collect$$libinit$$0000001D          0x08000200   Section        0  libinit2.o(.ARM.Collect$$libinit$$0000001D)
    .ARM.Collect$$libinit$$0000001F          0x08000200   Section        0  libinit2.o(.ARM.Collect$$libinit$$0000001F)
    .ARM.Collect$$libinit$$00000021          0x08000200   Section        0  libinit2.o(.ARM.Collect$$libinit$$00000021)
    .ARM.Collect$$libinit$$00000023          0x08000200   Section        0  libinit2.o(.ARM.Collect$$libinit$$00000023)
    .ARM.Collect$$libinit$$00000025          0x08000200   Section        0  libinit2.o(.ARM.Collect$$libinit$$00000025)
    .ARM.Collect$$libinit$$0000002C          0x08000200   Section        0  libinit2.o(.ARM.Collect$$libinit$$0000002C)
    .ARM.Collect$$libinit$$0000002E          0x08000200   Section        0  libinit2.o(.ARM.Collect$$libinit$$0000002E)
    .ARM.Collect$$libinit$$00000030          0x08000200   Section        0  libinit2.o(.ARM.Collect$$libinit$$00000030)
    .ARM.Collect$$libinit$$00000032          0x08000200   Section        0  libinit2.o(.ARM.Collect$$libinit$$00000032)
    .ARM.Collect$$libinit$$00000033          0x08000200   Section        2  libinit2.o(.ARM.Collect$$libinit$$00000033)
    .ARM.Collect$$libshutdown$$00000000      0x08000202   Section        2  libshutdown.o(.ARM.Collect$$libshutdown$$00000000)
    .ARM.Collect$$libshutdown$$00000002      0x08000204   Section        0  libshutdown2.o(.ARM.Collect$$libshutdown$$00000002)
    .ARM.Collect$$libshutdown$$00000004      0x08000204   Section        0  libshutdown2.o(.ARM.Collect$$libshutdown$$00000004)
    .ARM.Collect$$libshutdown$$00000007      0x08000204   Section        0  libshutdown2.o(.ARM.Collect$$libshutdown$$00000007)
    .ARM.Collect$$libshutdown$$0000000A      0x08000204   Section        0  libshutdown2.o(.ARM.Collect$$libshutdown$$0000000A)
    .ARM.Collect$$libshutdown$$0000000C      0x08000204   Section        0  libshutdown2.o(.ARM.Collect$$libshutdown$$0000000C)
    .ARM.Collect$$libshutdown$$0000000F      0x08000204   Section        0  libshutdown2.o(.ARM.Collect$$libshutdown$$0000000F)
    .ARM.Collect$$libshutdown$$00000010      0x08000204   Section        2  libshutdown2.o(.ARM.Collect$$libshutdown$$00000010)
    .ARM.Collect$$rtentry$$00000000          0x08000206   Section        0  __rtentry.o(.ARM.Collect$$rtentry$$00000000)
    .ARM.Collect$$rtentry$$00000002          0x08000206   Section        0  __rtentry2.o(.ARM.Collect$$rtentry$$00000002)
    .ARM.Collect$$rtentry$$00000004          0x08000206   Section        6  __rtentry4.o(.ARM.Collect$$rtentry$$00000004)
    .ARM.Collect$$rtentry$$00000009          0x0800020c   Section        0  __rtentry2.o(.ARM.Collect$$rtentry$$00000009)
    .ARM.Collect$$rtentry$$0000000A          0x0800020c   Section        4  __rtentry2.o(.ARM.Collect$$rtentry$$0000000A)
    .ARM.Collect$$rtentry$$0000000C          0x08000210   Section        0  __rtentry2.o(.ARM.Collect$$rtentry$$0000000C)
    .ARM.Collect$$rtentry$$0000000D          0x08000210   Section        8  __rtentry2.o(.ARM.Collect$$rtentry$$0000000D)
    .ARM.Collect$$rtexit$$00000000           0x08000218   Section        2  rtexit.o(.ARM.Collect$$rtexit$$00000000)
    .ARM.Collect$$rtexit$$00000002           0x0800021a   Section        0  rtexit2.o(.ARM.Collect$$rtexit$$00000002)
    .ARM.Collect$$rtexit$$00000003           0x0800021a   Section        4  rtexit2.o(.ARM.Collect$$rtexit$$00000003)
    .ARM.Collect$$rtexit$$00000004           0x0800021e   Section        6  rtexit2.o(.ARM.Collect$$rtexit$$00000004)
    .text                                    0x08000224   Section        0  main.o(.text)
    .text                                    0x08000a7c   Section        0  stm32f10x_it.o(.text)
    .text                                    0x08000bac   Section        0  speedtext.o(.text)
    .text                                    0x08000bfc   Section        0  bsp_generaltim.o(.text)
    GENERAL_TIM_NVIC_Config                  0x08000bfd   Thumb Code    80  bsp_generaltim.o(.text)
    GENERAL_TIM_Mode_Config                  0x08000c4d   Thumb Code   276  bsp_generaltim.o(.text)
    TIM3_Mode_Config                         0x08000d61   Thumb Code   312  bsp_generaltim.o(.text)
    .text                                    0x08000ec4   Section        0  led.o(.text)
    .text                                    0x08000f60   Section        0  oled.o(.text)
    .text                                    0x08001534   Section        0  delay.o(.text)
    .text                                    0x08001608   Section        0  sys.o(.text)
    .text                                    0x08001614   Section        0  usart.o(.text)
    .text                                    0x08001754   Section       64  startup_stm32f10x_hd.o(.text)
    .text                                    0x08001794   Section        0  system_stm32f10x.o(.text)
    SetSysClockTo72                          0x08001795   Thumb Code   214  system_stm32f10x.o(.text)
    SetSysClock                              0x0800186b   Thumb Code     8  system_stm32f10x.o(.text)
    .text                                    0x08001964   Section        0  misc.o(.text)
    .text                                    0x08001a40   Section        0  stm32f10x_gpio.o(.text)
    .text                                    0x08001d9c   Section        0  stm32f10x_rcc.o(.text)
    .text                                    0x08002140   Section        0  stm32f10x_usart.o(.text)
    .text                                    0x08002548   Section        0  stm32f10x_tim.o(.text)
    TI4_Config                               0x080029ef   Thumb Code   130  stm32f10x_tim.o(.text)
    TI3_Config                               0x08002a83   Thumb Code   122  stm32f10x_tim.o(.text)
    TI2_Config                               0x08002b17   Thumb Code   130  stm32f10x_tim.o(.text)
    TI1_Config                               0x08002bab   Thumb Code   108  stm32f10x_tim.o(.text)
    .text                                    0x08003362   Section        2  use_no_semi_2.o(.text)
    .text                                    0x08003364   Section        0  noretval__2sprintf.o(.text)
    .text                                    0x0800338c   Section        0  __printf.o(.text)
    .text                                    0x080033f4   Section        0  heapauxi.o(.text)
    .text                                    0x080033fa   Section        2  use_no_semi.o(.text)
    .text                                    0x080033fc   Section        0  _printf_fp_dec.o(.text)
    _fp_digits                               0x080033ff   Thumb Code   432  _printf_fp_dec.o(.text)
    .text                                    0x0800381c   Section        0  _printf_char_common.o(.text)
    _printf_input_char                       0x0800381d   Thumb Code    10  _printf_char_common.o(.text)
    .text                                    0x0800384c   Section        0  _sputc.o(.text)
    .text                                    0x08003858   Section        8  rt_locale_intlibspace.o(.text)
    .text                                    0x08003860   Section      138  lludiv10.o(.text)
    .text                                    0x080038ec   Section        0  _printf_fp_infnan.o(.text)
    .text                                    0x0800396c   Section        0  bigflt0.o(.text)
    .text                                    0x08003a50   Section        8  libspace.o(.text)
    .text                                    0x08003a58   Section       74  sys_stackheap_outer.o(.text)
    .text                                    0x08003aa2   Section        0  exit.o(.text)
    .text                                    0x08003ab4   Section      128  strcmpv7m.o(.text)
    CL$$btod_d2e                             0x08003b34   Section       62  btod.o(CL$$btod_d2e)
    CL$$btod_d2e_denorm_low                  0x08003b72   Section       70  btod.o(CL$$btod_d2e_denorm_low)
    CL$$btod_d2e_norm_op1                    0x08003bb8   Section       96  btod.o(CL$$btod_d2e_norm_op1)
    CL$$btod_div_common                      0x08003c18   Section      824  btod.o(CL$$btod_div_common)
    CL$$btod_e2e                             0x08003f50   Section      220  btod.o(CL$$btod_e2e)
    CL$$btod_ediv                            0x0800402c   Section       42  btod.o(CL$$btod_ediv)
    CL$$btod_emul                            0x08004056   Section       42  btod.o(CL$$btod_emul)
    CL$$btod_mult_common                     0x08004080   Section      580  btod.o(CL$$btod_mult_common)
    i.__ARM_fpclassify                       0x080042c4   Section        0  fpclassify.o(i.__ARM_fpclassify)
    locale$$code                             0x080042ec   Section       44  lc_numeric_c.o(locale$$code)
    x$fpl$d2f                                0x08004318   Section       98  d2f.o(x$fpl$d2f)
    x$fpl$dadd                               0x0800437c   Section      336  daddsub_clz.o(x$fpl$dadd)
    _dadd1                                   0x0800438d   Thumb Code     0  daddsub_clz.o(x$fpl$dadd)
    x$fpl$ddiv                               0x080044cc   Section      688  ddiv.o(x$fpl$ddiv)
    ddiv_entry                               0x080044d3   Thumb Code     0  ddiv.o(x$fpl$ddiv)
    x$fpl$dfltu                              0x0800477c   Section       38  dflt_clz.o(x$fpl$dfltu)
    x$fpl$dmul                               0x080047a4   Section      340  dmul.o(x$fpl$dmul)
    x$fpl$dnaninf                            0x080048f8   Section      156  dnaninf.o(x$fpl$dnaninf)
    x$fpl$dretinf                            0x08004994   Section       12  dretinf.o(x$fpl$dretinf)
    x$fpl$dsub                               0x080049a0   Section      468  daddsub_clz.o(x$fpl$dsub)
    _dsub1                                   0x080049b1   Thumb Code     0  daddsub_clz.o(x$fpl$dsub)
    x$fpl$f2d                                0x08004b74   Section       86  f2d.o(x$fpl$f2d)
    x$fpl$fdiv                               0x08004bcc   Section      388  fdiv.o(x$fpl$fdiv)
    _fdiv1                                   0x08004bcd   Thumb Code     0  fdiv.o(x$fpl$fdiv)
    x$fpl$fnaninf                            0x08004d50   Section      140  fnaninf.o(x$fpl$fnaninf)
    x$fpl$fretinf                            0x08004ddc   Section       10  fretinf.o(x$fpl$fretinf)
    x$fpl$printf1                            0x08004de6   Section        4  printf1.o(x$fpl$printf1)
    .constdata                               0x08004dea   Section     2072  oled.o(.constdata)
    x$fpl$usenofp                            0x08004dea   Section        0  usenofp.o(x$fpl$usenofp)
    .constdata                               0x08005604   Section      148  bigflt0.o(.constdata)
    tenpwrs_x                                0x08005604   Data          60  bigflt0.o(.constdata)
    tenpwrs_i                                0x08005640   Data          64  bigflt0.o(.constdata)
    locale$$data                             0x080056b8   Section       28  lc_numeric_c.o(locale$$data)
    __lcnum_c_name                           0x080056bc   Data           2  lc_numeric_c.o(locale$$data)
    __lcnum_c_start                          0x080056c4   Data           0  lc_numeric_c.o(locale$$data)
    __lcnum_c_point                          0x080056d0   Data           0  lc_numeric_c.o(locale$$data)
    __lcnum_c_thousands                      0x080056d2   Data           0  lc_numeric_c.o(locale$$data)
    __lcnum_c_grouping                       0x080056d3   Data           0  lc_numeric_c.o(locale$$data)
    __lcnum_c_end                            0x080056d4   Data           0  lc_numeric_c.o(locale$$data)
    .data                                    0x20000000   Section       32  main.o(.data)
    .data                                    0x20000020   Section       32  speedtext.o(.data)
    .data                                    0x20000040   Section       12  bsp_generaltim.o(.data)
    .data                                    0x2000004c   Section      384  oled.o(.data)
    .data                                    0x200001cc   Section        4  delay.o(.data)
    fac_us                                   0x200001cc   Data           1  delay.o(.data)
    fac_ms                                   0x200001ce   Data           2  delay.o(.data)
    .data                                    0x200001d0   Section        6  usart.o(.data)
    .data                                    0x200001d8   Section       20  system_stm32f10x.o(.data)
    .data                                    0x200001ec   Section       20  stm32f10x_rcc.o(.data)
    APBAHBPrescTable                         0x200001ec   Data          16  stm32f10x_rcc.o(.data)
    ADCPrescTable                            0x200001fc   Data           4  stm32f10x_rcc.o(.data)
    .bss                                     0x20000200   Section      474  main.o(.bss)
    .bss                                     0x200003da   Section      200  usart.o(.bss)
    .bss                                     0x200004a4   Section       96  libspace.o(.bss)
    HEAP                                     0x20000508   Section      512  startup_stm32f10x_hd.o(HEAP)
    Heap_Mem                                 0x20000508   Data         512  startup_stm32f10x_hd.o(HEAP)
    STACK                                    0x20000708   Section     1024  startup_stm32f10x_hd.o(STACK)
    Stack_Mem                                0x20000708   Data        1024  startup_stm32f10x_hd.o(STACK)
    __initial_sp                             0x20000b08   Data           0  startup_stm32f10x_hd.o(STACK)

    Global Symbols

    Symbol Name                              Value     Ov Type        Size  Object(Section)

    BuildAttributes$$THM_ISAv4$P$D$K$B$S$PE$A:L22UL41UL21$X:L11$S22US41US21$IEEE1$IW$USESV6$~STKCKD$USESV7$~SHL$OTIME$ROPI$IEEEJ$EBA8$UX$STANDARDLIB$REQ8$PRES8$EABIv2 0x00000000   Number         0  anon$$obj.o ABSOLUTE
    __ARM_use_no_argv                        0x00000000   Number         0  main.o ABSOLUTE
    __ARM_exceptions_init                     - Undefined Weak Reference
    __alloca_initialize                       - Undefined Weak Reference
    __arm_preinit_                            - Undefined Weak Reference
    __cpp_initialize__aeabi_                  - Undefined Weak Reference
    __cxa_finalize                            - Undefined Weak Reference
    __sigvec_lookup                           - Undefined Weak Reference
    _atexit_init                              - Undefined Weak Reference
    _call_atexit_fns                          - Undefined Weak Reference
    _clock_init                               - Undefined Weak Reference
    _fp_trap_init                             - Undefined Weak Reference
    _fp_trap_shutdown                         - Undefined Weak Reference
    _get_lc_collate                           - Undefined Weak Reference
    _get_lc_ctype                             - Undefined Weak Reference
    _get_lc_monetary                          - Undefined Weak Reference
    _get_lc_time                              - Undefined Weak Reference
    _getenv_init                              - Undefined Weak Reference
    _handle_redirection                       - Undefined Weak Reference
    _init_alloc                               - Undefined Weak Reference
    _init_user_alloc                          - Undefined Weak Reference
    _initio                                   - Undefined Weak Reference
    _printf_post_padding                      - Undefined Weak Reference
    _printf_pre_padding                       - Undefined Weak Reference
    _rand_init                                - Undefined Weak Reference
    _signal_finish                            - Undefined Weak Reference
    _signal_init                              - Undefined Weak Reference
    _terminate_alloc                          - Undefined Weak Reference
    _terminate_user_alloc                     - Undefined Weak Reference
    _terminateio                              - Undefined Weak Reference
    __Vectors_Size                           0x00000130   Number         0  startup_stm32f10x_hd.o ABSOLUTE
    __Vectors                                0x08000000   Data           4  startup_stm32f10x_hd.o(RESET)
    __Vectors_End                            0x08000130   Data           0  startup_stm32f10x_hd.o(RESET)
    __main                                   0x08000131   Thumb Code     8  __main.o(!!!main)
    __scatterload                            0x08000139   Thumb Code     0  __scatter.o(!!!scatter)
    __scatterload_rt2                        0x08000139   Thumb Code    44  __scatter.o(!!!scatter)
    __scatterload_rt2_thumb_only             0x08000139   Thumb Code     0  __scatter.o(!!!scatter)
    __scatterload_null                       0x08000147   Thumb Code     0  __scatter.o(!!!scatter)
    __decompress                             0x0800016d   Thumb Code    90  __dczerorl2.o(!!dczerorl2)
    __decompress1                            0x0800016d   Thumb Code     0  __dczerorl2.o(!!dczerorl2)
    __scatterload_zeroinit                   0x080001c9   Thumb Code    28  __scatter_zi.o(!!handler_zi)
    _printf_f                                0x080001e5   Thumb Code     0  _printf_f.o(.ARM.Collect$$_printf_percent$$00000003)
    _printf_percent                          0x080001e5   Thumb Code     0  _printf_percent.o(.ARM.Collect$$_printf_percent$$00000000)
    _printf_percent_end                      0x080001eb   Thumb Code     0  _printf_percent_end.o(.ARM.Collect$$_printf_percent$$00000017)
    __rt_lib_init                            0x080001ef   Thumb Code     0  libinit.o(.ARM.Collect$$libinit$$00000000)
    __rt_lib_init_fp_1                       0x080001f1   Thumb Code     0  libinit2.o(.ARM.Collect$$libinit$$00000002)
    __rt_lib_init_heap_1                     0x080001f1   Thumb Code     0  libinit2.o(.ARM.Collect$$libinit$$0000000A)
    __rt_lib_init_lc_common                  0x080001f1   Thumb Code     0  libinit2.o(.ARM.Collect$$libinit$$0000000F)
    __rt_lib_init_preinit_1                  0x080001f1   Thumb Code     0  libinit2.o(.ARM.Collect$$libinit$$00000004)
    __rt_lib_init_rand_1                     0x080001f1   Thumb Code     0  libinit2.o(.ARM.Collect$$libinit$$0000000E)
    __rt_lib_init_user_alloc_1               0x080001f1   Thumb Code     0  libinit2.o(.ARM.Collect$$libinit$$0000000C)
    __rt_lib_init_lc_collate_1               0x080001f7   Thumb Code     0  libinit2.o(.ARM.Collect$$libinit$$00000011)
    __rt_lib_init_lc_ctype_1                 0x080001f7   Thumb Code     0  libinit2.o(.ARM.Collect$$libinit$$00000013)
    __rt_lib_init_lc_monetary_1              0x080001f7   Thumb Code     0  libinit2.o(.ARM.Collect$$libinit$$00000015)
    __rt_lib_init_lc_numeric_2               0x080001f7   Thumb Code     0  libinit2.o(.ARM.Collect$$libinit$$00000016)
    __rt_lib_init_alloca_1                   0x08000201   Thumb Code     0  libinit2.o(.ARM.Collect$$libinit$$0000002E)
    __rt_lib_init_argv_1                     0x08000201   Thumb Code     0  libinit2.o(.ARM.Collect$$libinit$$0000002C)
    __rt_lib_init_atexit_1                   0x08000201   Thumb Code     0  libinit2.o(.ARM.Collect$$libinit$$0000001B)
    __rt_lib_init_clock_1                    0x08000201   Thumb Code     0  libinit2.o(.ARM.Collect$$libinit$$00000021)
    __rt_lib_init_cpp_1                      0x08000201   Thumb Code     0  libinit2.o(.ARM.Collect$$libinit$$00000032)
    __rt_lib_init_exceptions_1               0x08000201   Thumb Code     0  libinit2.o(.ARM.Collect$$libinit$$00000030)
    __rt_lib_init_fp_trap_1                  0x08000201   Thumb Code     0  libinit2.o(.ARM.Collect$$libinit$$0000001F)
    __rt_lib_init_getenv_1                   0x08000201   Thumb Code     0  libinit2.o(.ARM.Collect$$libinit$$00000023)
    __rt_lib_init_lc_numeric_1               0x08000201   Thumb Code     0  libinit2.o(.ARM.Collect$$libinit$$00000017)
    __rt_lib_init_lc_time_1                  0x08000201   Thumb Code     0  libinit2.o(.ARM.Collect$$libinit$$00000019)
    __rt_lib_init_return                     0x08000201   Thumb Code     0  libinit2.o(.ARM.Collect$$libinit$$00000033)
    __rt_lib_init_signal_1                   0x08000201   Thumb Code     0  libinit2.o(.ARM.Collect$$libinit$$0000001D)
    __rt_lib_init_stdio_1                    0x08000201   Thumb Code     0  libinit2.o(.ARM.Collect$$libinit$$00000025)
    __rt_lib_shutdown                        0x08000203   Thumb Code     0  libshutdown.o(.ARM.Collect$$libshutdown$$00000000)
    __rt_lib_shutdown_cpp_1                  0x08000205   Thumb Code     0  libshutdown2.o(.ARM.Collect$$libshutdown$$00000002)
    __rt_lib_shutdown_fp_trap_1              0x08000205   Thumb Code     0  libshutdown2.o(.ARM.Collect$$libshutdown$$00000007)
    __rt_lib_shutdown_heap_1                 0x08000205   Thumb Code     0  libshutdown2.o(.ARM.Collect$$libshutdown$$0000000F)
    __rt_lib_shutdown_return                 0x08000205   Thumb Code     0  libshutdown2.o(.ARM.Collect$$libshutdown$$00000010)
    __rt_lib_shutdown_signal_1               0x08000205   Thumb Code     0  libshutdown2.o(.ARM.Collect$$libshutdown$$0000000A)
    __rt_lib_shutdown_stdio_1                0x08000205   Thumb Code     0  libshutdown2.o(.ARM.Collect$$libshutdown$$00000004)
    __rt_lib_shutdown_user_alloc_1           0x08000205   Thumb Code     0  libshutdown2.o(.ARM.Collect$$libshutdown$$0000000C)
    __rt_entry                               0x08000207   Thumb Code     0  __rtentry.o(.ARM.Collect$$rtentry$$00000000)
    __rt_entry_presh_1                       0x08000207   Thumb Code     0  __rtentry2.o(.ARM.Collect$$rtentry$$00000002)
    __rt_entry_sh                            0x08000207   Thumb Code     0  __rtentry4.o(.ARM.Collect$$rtentry$$00000004)
    __rt_entry_li                            0x0800020d   Thumb Code     0  __rtentry2.o(.ARM.Collect$$rtentry$$0000000A)
    __rt_entry_postsh_1                      0x0800020d   Thumb Code     0  __rtentry2.o(.ARM.Collect$$rtentry$$00000009)
    __rt_entry_main                          0x08000211   Thumb Code     0  __rtentry2.o(.ARM.Collect$$rtentry$$0000000D)
    __rt_entry_postli_1                      0x08000211   Thumb Code     0  __rtentry2.o(.ARM.Collect$$rtentry$$0000000C)
    __rt_exit                                0x08000219   Thumb Code     0  rtexit.o(.ARM.Collect$$rtexit$$00000000)
    __rt_exit_ls                             0x0800021b   Thumb Code     0  rtexit2.o(.ARM.Collect$$rtexit$$00000003)
    __rt_exit_prels_1                        0x0800021b   Thumb Code     0  rtexit2.o(.ARM.Collect$$rtexit$$00000002)
    __rt_exit_exit                           0x0800021f   Thumb Code     0  rtexit2.o(.ARM.Collect$$rtexit$$00000004)
    delay_use                                0x08000225   Thumb Code    10  main.o(.text)
    main                                     0x0800022f   Thumb Code  1432  main.o(.text)
    TIM2_CaptureCallBack                     0x080007c7   Thumb Code   232  main.o(.text)
    TIM3_CaptureCallBack                     0x080008af   Thumb Code   388  main.o(.text)
    NMI_Handler                              0x08000a7d   Thumb Code     2  stm32f10x_it.o(.text)
    HardFault_Handler                        0x08000a7f   Thumb Code     4  stm32f10x_it.o(.text)
    MemManage_Handler                        0x08000a83   Thumb Code     4  stm32f10x_it.o(.text)
    BusFault_Handler                         0x08000a87   Thumb Code     4  stm32f10x_it.o(.text)
    UsageFault_Handler                       0x08000a8b   Thumb Code     4  stm32f10x_it.o(.text)
    SVC_Handler                              0x08000a8f   Thumb Code     2  stm32f10x_it.o(.text)
    DebugMon_Handler                         0x08000a91   Thumb Code     2  stm32f10x_it.o(.text)
    PendSV_Handler                           0x08000a93   Thumb Code     2  stm32f10x_it.o(.text)
    SysTick_Handler                          0x08000a95   Thumb Code     2  stm32f10x_it.o(.text)
    TIM2_IRQHandler                          0x08000a97   Thumb Code   152  stm32f10x_it.o(.text)
    TIM3_IRQHandler                          0x08000b2f   Thumb Code   104  stm32f10x_it.o(.text)
    Senor_GPIOInit                           0x08000bad   Thumb Code    46  speedtext.o(.text)
    InitAll                                  0x08000bdb   Thumb Code    24  speedtext.o(.text)
    InputCheck                               0x08000bf3   Thumb Code     4  speedtext.o(.text)
    GENERAL_TIM_Init                         0x08000e99   Thumb Code    32  bsp_generaltim.o(.text)
    LED_GPIO_Config                          0x08000ec5   Thumb Code    50  led.o(.text)
    Key_GPIO_Config                          0x08000ef7   Thumb Code    32  led.o(.text)
    Key_Scan                                 0x08000f17   Thumb Code    64  led.o(.text)
    IIC_Start                                0x08000f61   Thumb Code    36  oled.o(.text)
    IIC_Stop                                 0x08000f85   Thumb Code    28  oled.o(.text)
    IIC_Wait_Ack                             0x08000fa1   Thumb Code    20  oled.o(.text)
    Write_IIC_Byte                           0x08000fb5   Thumb Code    80  oled.o(.text)
    Write_IIC_Command                        0x08001005   Thumb Code    44  oled.o(.text)
    Write_IIC_Data                           0x08001031   Thumb Code    44  oled.o(.text)
    OLED_WR_Byte                             0x0800105d   Thumb Code    24  oled.o(.text)
    fill_picture                             0x08001075   Thumb Code    64  oled.o(.text)
    Delay_50ms                               0x080010b5   Thumb Code    22  oled.o(.text)
    Delay_1ms                                0x080010cb   Thumb Code    26  oled.o(.text)
    OLED_Set_Pos                             0x080010e5   Thumb Code    40  oled.o(.text)
    OLED_Display_On                          0x0800110d   Thumb Code    28  oled.o(.text)
    OLED_Display_Off                         0x08001129   Thumb Code    28  oled.o(.text)
    OLED_Clear                               0x08001145   Thumb Code    64  oled.o(.text)
    OLED_On                                  0x08001185   Thumb Code    62  oled.o(.text)
    OLED_ShowChar                            0x080011c3   Thumb Code   154  oled.o(.text)
    oled_pow                                 0x0800125d   Thumb Code    22  oled.o(.text)
    OLED_ShowNum                             0x08001273   Thumb Code   136  oled.o(.text)
    OLED_ShowString                          0x080012fb   Thumb Code    58  oled.o(.text)
    OLED_ShowCHinese                         0x08001335   Thumb Code   110  oled.o(.text)
    OLED_DrawBMP                             0x080013a3   Thumb Code   118  oled.o(.text)
    OLED_Init                                0x08001419   Thumb Code   276  oled.o(.text)
    delay_init                               0x08001535   Thumb Code    50  delay.o(.text)
    delay_us                                 0x08001567   Thumb Code    72  delay.o(.text)
    delay_ms                                 0x080015af   Thumb Code    72  delay.o(.text)
    NVIC_Configuration                       0x08001609   Thumb Code    12  sys.o(.text)
    _sys_exit                                0x08001615   Thumb Code     6  usart.o(.text)
    fputc                                    0x0800161b   Thumb Code    24  usart.o(.text)
    uart_init                                0x08001633   Thumb Code   152  usart.o(.text)
    USART1_IRQHandler                        0x080016cb   Thumb Code   122  usart.o(.text)
    Reset_Handler                            0x08001755   Thumb Code     8  startup_stm32f10x_hd.o(.text)
    ADC1_2_IRQHandler                        0x0800176f   Thumb Code     0  startup_stm32f10x_hd.o(.text)
    ADC3_IRQHandler                          0x0800176f   Thumb Code     0  startup_stm32f10x_hd.o(.text)
    CAN1_RX1_IRQHandler                      0x0800176f   Thumb Code     0  startup_stm32f10x_hd.o(.text)
    CAN1_SCE_IRQHandler                      0x0800176f   Thumb Code     0  startup_stm32f10x_hd.o(.text)
    DMA1_Channel1_IRQHandler                 0x0800176f   Thumb Code     0  startup_stm32f10x_hd.o(.text)
    DMA1_Channel2_IRQHandler                 0x0800176f   Thumb Code     0  startup_stm32f10x_hd.o(.text)
    DMA1_Channel3_IRQHandler                 0x0800176f   Thumb Code     0  startup_stm32f10x_hd.o(.text)
    DMA1_Channel4_IRQHandler                 0x0800176f   Thumb Code     0  startup_stm32f10x_hd.o(.text)
    DMA1_Channel5_IRQHandler                 0x0800176f   Thumb Code     0  startup_stm32f10x_hd.o(.text)
    DMA1_Channel6_IRQHandler                 0x0800176f   Thumb Code     0  startup_stm32f10x_hd.o(.text)
    DMA1_Channel7_IRQHandler                 0x0800176f   Thumb Code     0  startup_stm32f10x_hd.o(.text)
    DMA2_Channel1_IRQHandler                 0x0800176f   Thumb Code     0  startup_stm32f10x_hd.o(.text)
    DMA2_Channel2_IRQHandler                 0x0800176f   Thumb Code     0  startup_stm32f10x_hd.o(.text)
    DMA2_Channel3_IRQHandler                 0x0800176f   Thumb Code     0  startup_stm32f10x_hd.o(.text)
    DMA2_Channel4_5_IRQHandler               0x0800176f   Thumb Code     0  startup_stm32f10x_hd.o(.text)
    EXTI0_IRQHandler                         0x0800176f   Thumb Code     0  startup_stm32f10x_hd.o(.text)
    EXTI15_10_IRQHandler                     0x0800176f   Thumb Code     0  startup_stm32f10x_hd.o(.text)
    EXTI1_IRQHandler                         0x0800176f   Thumb Code     0  startup_stm32f10x_hd.o(.text)
    EXTI2_IRQHandler                         0x0800176f   Thumb Code     0  startup_stm32f10x_hd.o(.text)
    EXTI3_IRQHandler                         0x0800176f   Thumb Code     0  startup_stm32f10x_hd.o(.text)
    EXTI4_IRQHandler                         0x0800176f   Thumb Code     0  startup_stm32f10x_hd.o(.text)
    EXTI9_5_IRQHandler                       0x0800176f   Thumb Code     0  startup_stm32f10x_hd.o(.text)
    FLASH_IRQHandler                         0x0800176f   Thumb Code     0  startup_stm32f10x_hd.o(.text)
    FSMC_IRQHandler                          0x0800176f   Thumb Code     0  startup_stm32f10x_hd.o(.text)
    I2C1_ER_IRQHandler                       0x0800176f   Thumb Code     0  startup_stm32f10x_hd.o(.text)
    I2C1_EV_IRQHandler                       0x0800176f   Thumb Code     0  startup_stm32f10x_hd.o(.text)
    I2C2_ER_IRQHandler                       0x0800176f   Thumb Code     0  startup_stm32f10x_hd.o(.text)
    I2C2_EV_IRQHandler                       0x0800176f   Thumb Code     0  startup_stm32f10x_hd.o(.text)
    PVD_IRQHandler                           0x0800176f   Thumb Code     0  startup_stm32f10x_hd.o(.text)
    RCC_IRQHandler                           0x0800176f   Thumb Code     0  startup_stm32f10x_hd.o(.text)
    RTCAlarm_IRQHandler                      0x0800176f   Thumb Code     0  startup_stm32f10x_hd.o(.text)
    RTC_IRQHandler                           0x0800176f   Thumb Code     0  startup_stm32f10x_hd.o(.text)
    SDIO_IRQHandler                          0x0800176f   Thumb Code     0  startup_stm32f10x_hd.o(.text)
    SPI1_IRQHandler                          0x0800176f   Thumb Code     0  startup_stm32f10x_hd.o(.text)
    SPI2_IRQHandler                          0x0800176f   Thumb Code     0  startup_stm32f10x_hd.o(.text)
    SPI3_IRQHandler                          0x0800176f   Thumb Code     0  startup_stm32f10x_hd.o(.text)
    TAMPER_IRQHandler                        0x0800176f   Thumb Code     0  startup_stm32f10x_hd.o(.text)
    TIM1_BRK_IRQHandler                      0x0800176f   Thumb Code     0  startup_stm32f10x_hd.o(.text)
    TIM1_CC_IRQHandler                       0x0800176f   Thumb Code     0  startup_stm32f10x_hd.o(.text)
    TIM1_TRG_COM_IRQHandler                  0x0800176f   Thumb Code     0  startup_stm32f10x_hd.o(.text)
    TIM1_UP_IRQHandler                       0x0800176f   Thumb Code     0  startup_stm32f10x_hd.o(.text)
    TIM4_IRQHandler                          0x0800176f   Thumb Code     0  startup_stm32f10x_hd.o(.text)
    TIM5_IRQHandler                          0x0800176f   Thumb Code     0  startup_stm32f10x_hd.o(.text)
    TIM6_IRQHandler                          0x0800176f   Thumb Code     0  startup_stm32f10x_hd.o(.text)
    TIM7_IRQHandler                          0x0800176f   Thumb Code     0  startup_stm32f10x_hd.o(.text)
    TIM8_BRK_IRQHandler                      0x0800176f   Thumb Code     0  startup_stm32f10x_hd.o(.text)
    TIM8_CC_IRQHandler                       0x0800176f   Thumb Code     0  startup_stm32f10x_hd.o(.text)
    TIM8_TRG_COM_IRQHandler                  0x0800176f   Thumb Code     0  startup_stm32f10x_hd.o(.text)
    TIM8_UP_IRQHandler                       0x0800176f   Thumb Code     0  startup_stm32f10x_hd.o(.text)
    UART4_IRQHandler                         0x0800176f   Thumb Code     0  startup_stm32f10x_hd.o(.text)
    UART5_IRQHandler                         0x0800176f   Thumb Code     0  startup_stm32f10x_hd.o(.text)
    USART2_IRQHandler                        0x0800176f   Thumb Code     0  startup_stm32f10x_hd.o(.text)
    USART3_IRQHandler                        0x0800176f   Thumb Code     0  startup_stm32f10x_hd.o(.text)
    USBWakeUp_IRQHandler                     0x0800176f   Thumb Code     0  startup_stm32f10x_hd.o(.text)
    USB_HP_CAN1_TX_IRQHandler                0x0800176f   Thumb Code     0  startup_stm32f10x_hd.o(.text)
    USB_LP_CAN1_RX0_IRQHandler               0x0800176f   Thumb Code     0  startup_stm32f10x_hd.o(.text)
    WWDG_IRQHandler                          0x0800176f   Thumb Code     0  startup_stm32f10x_hd.o(.text)
    __user_initial_stackheap                 0x08001771   Thumb Code     0  startup_stm32f10x_hd.o(.text)
    SystemInit                               0x08001873   Thumb Code    68  system_stm32f10x.o(.text)
    SystemCoreClockUpdate                    0x080018b7   Thumb Code   142  system_stm32f10x.o(.text)
    NVIC_PriorityGroupConfig                 0x08001965   Thumb Code    10  misc.o(.text)
    NVIC_Init                                0x0800196f   Thumb Code   100  misc.o(.text)
    NVIC_SetVectorTable                      0x080019d3   Thumb Code    14  misc.o(.text)
    NVIC_SystemLPConfig                      0x080019e1   Thumb Code    34  misc.o(.text)
    SysTick_CLKSourceConfig                  0x08001a03   Thumb Code    40  misc.o(.text)
    GPIO_DeInit                              0x08001a41   Thumb Code   172  stm32f10x_gpio.o(.text)
    GPIO_AFIODeInit                          0x08001aed   Thumb Code    20  stm32f10x_gpio.o(.text)
    GPIO_Init                                0x08001b01   Thumb Code   278  stm32f10x_gpio.o(.text)
    GPIO_StructInit                          0x08001c17   Thumb Code    16  stm32f10x_gpio.o(.text)
    GPIO_ReadInputDataBit                    0x08001c27   Thumb Code    18  stm32f10x_gpio.o(.text)
    GPIO_ReadInputData                       0x08001c39   Thumb Code     8  stm32f10x_gpio.o(.text)
    GPIO_ReadOutputDataBit                   0x08001c41   Thumb Code    18  stm32f10x_gpio.o(.text)
    GPIO_ReadOutputData                      0x08001c53   Thumb Code     8  stm32f10x_gpio.o(.text)
    GPIO_SetBits                             0x08001c5b   Thumb Code     4  stm32f10x_gpio.o(.text)
    GPIO_ResetBits                           0x08001c5f   Thumb Code     4  stm32f10x_gpio.o(.text)
    GPIO_WriteBit                            0x08001c63   Thumb Code    10  stm32f10x_gpio.o(.text)
    GPIO_Write                               0x08001c6d   Thumb Code     4  stm32f10x_gpio.o(.text)
    GPIO_PinLockConfig                       0x08001c71   Thumb Code    18  stm32f10x_gpio.o(.text)
    GPIO_EventOutputConfig                   0x08001c83   Thumb Code    26  stm32f10x_gpio.o(.text)
    GPIO_EventOutputCmd                      0x08001c9d   Thumb Code     6  stm32f10x_gpio.o(.text)
    GPIO_PinRemapConfig                      0x08001ca3   Thumb Code   138  stm32f10x_gpio.o(.text)
    GPIO_EXTILineConfig                      0x08001d2d   Thumb Code    66  stm32f10x_gpio.o(.text)
    GPIO_ETH_MediaInterfaceConfig            0x08001d6f   Thumb Code     8  stm32f10x_gpio.o(.text)
    RCC_DeInit                               0x08001d9d   Thumb Code    64  stm32f10x_rcc.o(.text)
    RCC_HSEConfig                            0x08001ddd   Thumb Code    70  stm32f10x_rcc.o(.text)
    RCC_GetFlagStatus                        0x08001e23   Thumb Code    56  stm32f10x_rcc.o(.text)
    RCC_WaitForHSEStartUp                    0x08001e5b   Thumb Code    56  stm32f10x_rcc.o(.text)
    RCC_AdjustHSICalibrationValue            0x08001e93   Thumb Code    20  stm32f10x_rcc.o(.text)
    RCC_HSICmd                               0x08001ea7   Thumb Code     6  stm32f10x_rcc.o(.text)
    RCC_PLLConfig                            0x08001ead   Thumb Code    24  stm32f10x_rcc.o(.text)
    RCC_PLLCmd                               0x08001ec5   Thumb Code     6  stm32f10x_rcc.o(.text)
    RCC_SYSCLKConfig                         0x08001ecb   Thumb Code    18  stm32f10x_rcc.o(.text)
    RCC_GetSYSCLKSource                      0x08001edd   Thumb Code    10  stm32f10x_rcc.o(.text)
    RCC_HCLKConfig                           0x08001ee7   Thumb Code    18  stm32f10x_rcc.o(.text)
    RCC_PCLK1Config                          0x08001ef9   Thumb Code    18  stm32f10x_rcc.o(.text)
    RCC_PCLK2Config                          0x08001f0b   Thumb Code    20  stm32f10x_rcc.o(.text)
    RCC_ITConfig                             0x08001f1f   Thumb Code    26  stm32f10x_rcc.o(.text)
    RCC_USBCLKConfig                         0x08001f39   Thumb Code     8  stm32f10x_rcc.o(.text)
    RCC_ADCCLKConfig                         0x08001f41   Thumb Code    18  stm32f10x_rcc.o(.text)
    RCC_LSEConfig                            0x08001f53   Thumb Code    50  stm32f10x_rcc.o(.text)
    RCC_LSICmd                               0x08001f85   Thumb Code     6  stm32f10x_rcc.o(.text)
    RCC_RTCCLKConfig                         0x08001f8b   Thumb Code    12  stm32f10x_rcc.o(.text)
    RCC_RTCCLKCmd                            0x08001f97   Thumb Code     8  stm32f10x_rcc.o(.text)
    RCC_GetClocksFreq                        0x08001f9f   Thumb Code   192  stm32f10x_rcc.o(.text)
    RCC_AHBPeriphClockCmd                    0x0800205f   Thumb Code    26  stm32f10x_rcc.o(.text)
    RCC_APB2PeriphClockCmd                   0x08002079   Thumb Code    26  stm32f10x_rcc.o(.text)
    RCC_APB1PeriphClockCmd                   0x08002093   Thumb Code    26  stm32f10x_rcc.o(.text)
    RCC_APB2PeriphResetCmd                   0x080020ad   Thumb Code    26  stm32f10x_rcc.o(.text)
    RCC_APB1PeriphResetCmd                   0x080020c7   Thumb Code    26  stm32f10x_rcc.o(.text)
    RCC_BackupResetCmd                       0x080020e1   Thumb Code     8  stm32f10x_rcc.o(.text)
    RCC_ClockSecuritySystemCmd               0x080020e9   Thumb Code     6  stm32f10x_rcc.o(.text)
    RCC_MCOConfig                            0x080020ef   Thumb Code     6  stm32f10x_rcc.o(.text)
    RCC_ClearFlag                            0x080020f5   Thumb Code    14  stm32f10x_rcc.o(.text)
    RCC_GetITStatus                          0x08002103   Thumb Code    20  stm32f10x_rcc.o(.text)
    RCC_ClearITPendingBit                    0x08002117   Thumb Code     6  stm32f10x_rcc.o(.text)
    USART_DeInit                             0x08002141   Thumb Code   134  stm32f10x_usart.o(.text)
    USART_Init                               0x080021c7   Thumb Code   210  stm32f10x_usart.o(.text)
    USART_StructInit                         0x08002299   Thumb Code    24  stm32f10x_usart.o(.text)
    USART_ClockInit                          0x080022b1   Thumb Code    34  stm32f10x_usart.o(.text)
    USART_ClockStructInit                    0x080022d3   Thumb Code    12  stm32f10x_usart.o(.text)
    USART_Cmd                                0x080022df   Thumb Code    24  stm32f10x_usart.o(.text)
    USART_ITConfig                           0x080022f7   Thumb Code    74  stm32f10x_usart.o(.text)
    USART_DMACmd                             0x08002341   Thumb Code    18  stm32f10x_usart.o(.text)
    USART_SetAddress                         0x08002353   Thumb Code    18  stm32f10x_usart.o(.text)
    USART_WakeUpConfig                       0x08002365   Thumb Code    18  stm32f10x_usart.o(.text)
    USART_ReceiverWakeUpCmd                  0x08002377   Thumb Code    24  stm32f10x_usart.o(.text)
    USART_LINBreakDetectLengthConfig         0x0800238f   Thumb Code    18  stm32f10x_usart.o(.text)
    USART_LINCmd                             0x080023a1   Thumb Code    24  stm32f10x_usart.o(.text)
    USART_SendData                           0x080023b9   Thumb Code     8  stm32f10x_usart.o(.text)
    USART_ReceiveData                        0x080023c1   Thumb Code    10  stm32f10x_usart.o(.text)
    USART_SendBreak                          0x080023cb   Thumb Code    10  stm32f10x_usart.o(.text)
    USART_SetGuardTime                       0x080023d5   Thumb Code    16  stm32f10x_usart.o(.text)
    USART_SetPrescaler                       0x080023e5   Thumb Code    16  stm32f10x_usart.o(.text)
    USART_SmartCardCmd                       0x080023f5   Thumb Code    24  stm32f10x_usart.o(.text)
    USART_SmartCardNACKCmd                   0x0800240d   Thumb Code    24  stm32f10x_usart.o(.text)
    USART_HalfDuplexCmd                      0x08002425   Thumb Code    24  stm32f10x_usart.o(.text)
    USART_OverSampling8Cmd                   0x0800243d   Thumb Code    22  stm32f10x_usart.o(.text)
    USART_OneBitMethodCmd                    0x08002453   Thumb Code    24  stm32f10x_usart.o(.text)
    USART_IrDAConfig                         0x0800246b   Thumb Code    18  stm32f10x_usart.o(.text)
    USART_IrDACmd                            0x0800247d   Thumb Code    24  stm32f10x_usart.o(.text)
    USART_GetFlagStatus                      0x08002495   Thumb Code    26  stm32f10x_usart.o(.text)
    USART_ClearFlag                          0x080024af   Thumb Code    18  stm32f10x_usart.o(.text)
    USART_GetITStatus                        0x080024c1   Thumb Code    84  stm32f10x_usart.o(.text)
    USART_ClearITPendingBit                  0x08002515   Thumb Code    52  stm32f10x_usart.o(.text)
    TIM_DeInit                               0x08002549   Thumb Code   424  stm32f10x_tim.o(.text)
    TIM_TimeBaseInit                         0x080026f1   Thumb Code   122  stm32f10x_tim.o(.text)
    TIM_OC1Init                              0x0800276b   Thumb Code   132  stm32f10x_tim.o(.text)
    TIM_OC2Init                              0x080027ef   Thumb Code   154  stm32f10x_tim.o(.text)
    TIM_OC3Init                              0x08002889   Thumb Code   150  stm32f10x_tim.o(.text)
    TIM_OC4Init                              0x0800291f   Thumb Code   182  stm32f10x_tim.o(.text)
    TIM_SetIC4Prescaler                      0x080029d5   Thumb Code    26  stm32f10x_tim.o(.text)
    TIM_SetIC3Prescaler                      0x08002a71   Thumb Code    18  stm32f10x_tim.o(.text)
    TIM_SetIC2Prescaler                      0x08002afd   Thumb Code    26  stm32f10x_tim.o(.text)
    TIM_SetIC1Prescaler                      0x08002b99   Thumb Code    18  stm32f10x_tim.o(.text)
    TIM_ICInit                               0x08002c17   Thumb Code   150  stm32f10x_tim.o(.text)
    TIM_PWMIConfig                           0x08002cad   Thumb Code   124  stm32f10x_tim.o(.text)
    TIM_BDTRConfig                           0x08002d29   Thumb Code    32  stm32f10x_tim.o(.text)
    TIM_TimeBaseStructInit                   0x08002d49   Thumb Code    18  stm32f10x_tim.o(.text)
    TIM_OCStructInit                         0x08002d5b   Thumb Code    20  stm32f10x_tim.o(.text)
    TIM_ICStructInit                         0x08002d6f   Thumb Code    18  stm32f10x_tim.o(.text)
    TIM_BDTRStructInit                       0x08002d81   Thumb Code    40  stm32f10x_tim.o(.text)
    TIM_Cmd                                  0x08002da9   Thumb Code    24  stm32f10x_tim.o(.text)
    TIM_CtrlPWMOutputs                       0x08002dc1   Thumb Code    30  stm32f10x_tim.o(.text)
    TIM_ITConfig                             0x08002ddf   Thumb Code    18  stm32f10x_tim.o(.text)
    TIM_GenerateEvent                        0x08002df1   Thumb Code     4  stm32f10x_tim.o(.text)
    TIM_DMAConfig                            0x08002df5   Thumb Code    10  stm32f10x_tim.o(.text)
    TIM_DMACmd                               0x08002dff   Thumb Code    18  stm32f10x_tim.o(.text)
    TIM_InternalClockConfig                  0x08002e11   Thumb Code    12  stm32f10x_tim.o(.text)
    TIM_SelectInputTrigger                   0x08002e1d   Thumb Code    18  stm32f10x_tim.o(.text)
    TIM_ITRxExternalClockConfig              0x08002e2f   Thumb Code    24  stm32f10x_tim.o(.text)
    TIM_TIxExternalClockConfig               0x08002e47   Thumb Code    62  stm32f10x_tim.o(.text)
    TIM_ETRConfig                            0x08002e85   Thumb Code    28  stm32f10x_tim.o(.text)
    TIM_ETRClockMode1Config                  0x08002ea1   Thumb Code    54  stm32f10x_tim.o(.text)
    TIM_ETRClockMode2Config                  0x08002ed7   Thumb Code    32  stm32f10x_tim.o(.text)
    TIM_PrescalerConfig                      0x08002ef7   Thumb Code     6  stm32f10x_tim.o(.text)
    TIM_CounterModeConfig                    0x08002efd   Thumb Code    18  stm32f10x_tim.o(.text)
    TIM_EncoderInterfaceConfig               0x08002f0f   Thumb Code    66  stm32f10x_tim.o(.text)
    TIM_ForcedOC1Config                      0x08002f51   Thumb Code    18  stm32f10x_tim.o(.text)
    TIM_ForcedOC2Config                      0x08002f63   Thumb Code    26  stm32f10x_tim.o(.text)
    TIM_ForcedOC3Config                      0x08002f7d   Thumb Code    18  stm32f10x_tim.o(.text)
    TIM_ForcedOC4Config                      0x08002f8f   Thumb Code    26  stm32f10x_tim.o(.text)
    TIM_ARRPreloadConfig                     0x08002fa9   Thumb Code    24  stm32f10x_tim.o(.text)
    TIM_SelectCOM                            0x08002fc1   Thumb Code    24  stm32f10x_tim.o(.text)
    TIM_SelectCCDMA                          0x08002fd9   Thumb Code    24  stm32f10x_tim.o(.text)
    TIM_CCPreloadControl                     0x08002ff1   Thumb Code    24  stm32f10x_tim.o(.text)
    TIM_OC1PreloadConfig                     0x08003009   Thumb Code    18  stm32f10x_tim.o(.text)
    TIM_OC2PreloadConfig                     0x0800301b   Thumb Code    26  stm32f10x_tim.o(.text)
    TIM_OC3PreloadConfig                     0x08003035   Thumb Code    18  stm32f10x_tim.o(.text)
    TIM_OC4PreloadConfig                     0x08003047   Thumb Code    26  stm32f10x_tim.o(.text)
    TIM_OC1FastConfig                        0x08003061   Thumb Code    18  stm32f10x_tim.o(.text)
    TIM_OC2FastConfig                        0x08003073   Thumb Code    26  stm32f10x_tim.o(.text)
    TIM_OC3FastConfig                        0x0800308d   Thumb Code    18  stm32f10x_tim.o(.text)
    TIM_OC4FastConfig                        0x0800309f   Thumb Code    26  stm32f10x_tim.o(.text)
    TIM_ClearOC1Ref                          0x080030b9   Thumb Code    18  stm32f10x_tim.o(.text)
    TIM_ClearOC2Ref                          0x080030cb   Thumb Code    24  stm32f10x_tim.o(.text)
    TIM_ClearOC3Ref                          0x080030e3   Thumb Code    18  stm32f10x_tim.o(.text)
    TIM_ClearOC4Ref                          0x080030f5   Thumb Code    24  stm32f10x_tim.o(.text)
    TIM_OC1PolarityConfig                    0x0800310d   Thumb Code    18  stm32f10x_tim.o(.text)
    TIM_OC1NPolarityConfig                   0x0800311f   Thumb Code    18  stm32f10x_tim.o(.text)
    TIM_OC2PolarityConfig                    0x08003131   Thumb Code    26  stm32f10x_tim.o(.text)
    TIM_OC2NPolarityConfig                   0x0800314b   Thumb Code    26  stm32f10x_tim.o(.text)
    TIM_OC3PolarityConfig                    0x08003165   Thumb Code    26  stm32f10x_tim.o(.text)
    TIM_OC3NPolarityConfig                   0x0800317f   Thumb Code    26  stm32f10x_tim.o(.text)
    TIM_OC4PolarityConfig                    0x08003199   Thumb Code    26  stm32f10x_tim.o(.text)
    TIM_CCxCmd                               0x080031b3   Thumb Code    30  stm32f10x_tim.o(.text)
    TIM_CCxNCmd                              0x080031d1   Thumb Code    30  stm32f10x_tim.o(.text)
    TIM_SelectOCxM                           0x080031ef   Thumb Code    82  stm32f10x_tim.o(.text)
    TIM_UpdateDisableConfig                  0x08003241   Thumb Code    24  stm32f10x_tim.o(.text)
    TIM_UpdateRequestConfig                  0x08003259   Thumb Code    24  stm32f10x_tim.o(.text)
    TIM_SelectHallSensor                     0x08003271   Thumb Code    24  stm32f10x_tim.o(.text)
    TIM_SelectOnePulseMode                   0x08003289   Thumb Code    18  stm32f10x_tim.o(.text)
    TIM_SelectOutputTrigger                  0x0800329b   Thumb Code    18  stm32f10x_tim.o(.text)
    TIM_SelectSlaveMode                      0x080032ad   Thumb Code    18  stm32f10x_tim.o(.text)
    TIM_SelectMasterSlaveMode                0x080032bf   Thumb Code    18  stm32f10x_tim.o(.text)
    TIM_SetCounter                           0x080032d1   Thumb Code     4  stm32f10x_tim.o(.text)
    TIM_SetAutoreload                        0x080032d5   Thumb Code     4  stm32f10x_tim.o(.text)
    TIM_SetCompare1                          0x080032d9   Thumb Code     4  stm32f10x_tim.o(.text)
    TIM_SetCompare2                          0x080032dd   Thumb Code     4  stm32f10x_tim.o(.text)
    TIM_SetCompare3                          0x080032e1   Thumb Code     4  stm32f10x_tim.o(.text)
    TIM_SetCompare4                          0x080032e5   Thumb Code     6  stm32f10x_tim.o(.text)
    TIM_SetClockDivision                     0x080032eb   Thumb Code    18  stm32f10x_tim.o(.text)
    TIM_GetCapture1                          0x080032fd   Thumb Code     6  stm32f10x_tim.o(.text)
    TIM_GetCapture2                          0x08003303   Thumb Code     6  stm32f10x_tim.o(.text)
    TIM_GetCapture3                          0x08003309   Thumb Code     6  stm32f10x_tim.o(.text)
    TIM_GetCapture4                          0x0800330f   Thumb Code     8  stm32f10x_tim.o(.text)
    TIM_GetCounter                           0x08003317   Thumb Code     6  stm32f10x_tim.o(.text)
    TIM_GetPrescaler                         0x0800331d   Thumb Code     6  stm32f10x_tim.o(.text)
    TIM_GetFlagStatus                        0x08003323   Thumb Code    18  stm32f10x_tim.o(.text)
    TIM_ClearFlag                            0x08003335   Thumb Code     6  stm32f10x_tim.o(.text)
    TIM_GetITStatus                          0x0800333b   Thumb Code    34  stm32f10x_tim.o(.text)
    TIM_ClearITPendingBit                    0x0800335d   Thumb Code     6  stm32f10x_tim.o(.text)
    __use_no_semihosting                     0x08003363   Thumb Code     2  use_no_semi_2.o(.text)
    __2sprintf                               0x08003365   Thumb Code    34  noretval__2sprintf.o(.text)
    __printf                                 0x0800338d   Thumb Code   104  __printf.o(.text)
    __use_two_region_memory                  0x080033f5   Thumb Code     2  heapauxi.o(.text)
    __rt_heap_escrow$2region                 0x080033f7   Thumb Code     2  heapauxi.o(.text)
    __rt_heap_expand$2region                 0x080033f9   Thumb Code     2  heapauxi.o(.text)
    __I$use$semihosting                      0x080033fb   Thumb Code     0  use_no_semi.o(.text)
    __use_no_semihosting_swi                 0x080033fb   Thumb Code     2  use_no_semi.o(.text)
    __lib_sel_fp_printf                      0x080033fd   Thumb Code     2  _printf_fp_dec.o(.text)
    _printf_fp_dec_real                      0x080035af   Thumb Code   620  _printf_fp_dec.o(.text)
    _printf_char_common                      0x08003827   Thumb Code    32  _printf_char_common.o(.text)
    _sputc                                   0x0800384d   Thumb Code    10  _sputc.o(.text)
    __rt_locale                              0x08003859   Thumb Code     8  rt_locale_intlibspace.o(.text)
    _ll_udiv10                               0x08003861   Thumb Code   138  lludiv10.o(.text)
    _printf_fp_infnan                        0x080038ed   Thumb Code   112  _printf_fp_infnan.o(.text)
    _btod_etento                             0x0800396d   Thumb Code   224  bigflt0.o(.text)
    __user_libspace                          0x08003a51   Thumb Code     8  libspace.o(.text)
    __user_perproc_libspace                  0x08003a51   Thumb Code     0  libspace.o(.text)
    __user_perthread_libspace                0x08003a51   Thumb Code     0  libspace.o(.text)
    __user_setup_stackheap                   0x08003a59   Thumb Code    74  sys_stackheap_outer.o(.text)
    exit                                     0x08003aa3   Thumb Code    18  exit.o(.text)
    strcmp                                   0x08003ab5   Thumb Code   128  strcmpv7m.o(.text)
    _btod_d2e                                0x08003b35   Thumb Code    62  btod.o(CL$$btod_d2e)
    _d2e_denorm_low                          0x08003b73   Thumb Code    70  btod.o(CL$$btod_d2e_denorm_low)
    _d2e_norm_op1                            0x08003bb9   Thumb Code    96  btod.o(CL$$btod_d2e_norm_op1)
    __btod_div_common                        0x08003c19   Thumb Code   696  btod.o(CL$$btod_div_common)
    _e2e                                     0x08003f51   Thumb Code   220  btod.o(CL$$btod_e2e)
    _btod_ediv                               0x0800402d   Thumb Code    42  btod.o(CL$$btod_ediv)
    _btod_emul                               0x08004057   Thumb Code    42  btod.o(CL$$btod_emul)
    __btod_mult_common                       0x08004081   Thumb Code   580  btod.o(CL$$btod_mult_common)
    __ARM_fpclassify                         0x080042c5   Thumb Code    40  fpclassify.o(i.__ARM_fpclassify)
    _get_lc_numeric                          0x080042ed   Thumb Code    44  lc_numeric_c.o(locale$$code)
    __aeabi_d2f                              0x08004319   Thumb Code     0  d2f.o(x$fpl$d2f)
    _d2f                                     0x08004319   Thumb Code    98  d2f.o(x$fpl$d2f)
    __aeabi_dadd                             0x0800437d   Thumb Code     0  daddsub_clz.o(x$fpl$dadd)
    _dadd                                    0x0800437d   Thumb Code   332  daddsub_clz.o(x$fpl$dadd)
    __aeabi_ddiv                             0x080044cd   Thumb Code     0  ddiv.o(x$fpl$ddiv)
    _ddiv                                    0x080044cd   Thumb Code   552  ddiv.o(x$fpl$ddiv)
    __aeabi_ui2d                             0x0800477d   Thumb Code     0  dflt_clz.o(x$fpl$dfltu)
    _dfltu                                   0x0800477d   Thumb Code    38  dflt_clz.o(x$fpl$dfltu)
    __aeabi_dmul                             0x080047a5   Thumb Code     0  dmul.o(x$fpl$dmul)
    _dmul                                    0x080047a5   Thumb Code   332  dmul.o(x$fpl$dmul)
    __fpl_dnaninf                            0x080048f9   Thumb Code   156  dnaninf.o(x$fpl$dnaninf)
    __fpl_dretinf                            0x08004995   Thumb Code    12  dretinf.o(x$fpl$dretinf)
    __aeabi_dsub                             0x080049a1   Thumb Code     0  daddsub_clz.o(x$fpl$dsub)
    _dsub                                    0x080049a1   Thumb Code   464  daddsub_clz.o(x$fpl$dsub)
    __aeabi_f2d                              0x08004b75   Thumb Code     0  f2d.o(x$fpl$f2d)
    _f2d                                     0x08004b75   Thumb Code    86  f2d.o(x$fpl$f2d)
    __aeabi_fdiv                             0x08004bcd   Thumb Code     0  fdiv.o(x$fpl$fdiv)
    _fdiv                                    0x08004bcd   Thumb Code   384  fdiv.o(x$fpl$fdiv)
    __fpl_fnaninf                            0x08004d51   Thumb Code   140  fnaninf.o(x$fpl$fnaninf)
    __fpl_fretinf                            0x08004ddd   Thumb Code    10  fretinf.o(x$fpl$fretinf)
    _printf_fp_dec                           0x08004de7   Thumb Code     4  printf1.o(x$fpl$printf1)
    F6x8                                     0x08004dea   Data         552  oled.o(.constdata)
    __I$use$fp                               0x08004dea   Number         0  usenofp.o(x$fpl$usenofp)
    F8X16                                    0x08005012   Data        1520  oled.o(.constdata)
    Region$$Table$$Base                      0x08005698   Number         0  anon$$obj.o(Region$$Table)
    Region$$Table$$Limit                     0x080056b8   Number         0  anon$$obj.o(Region$$Table)
    FlagS                                    0x20000000   Data           8  main.o(.data)
    showOLED                                 0x20000008   Data           6  main.o(.data)
    beforeTime                               0x20000010   Data           4  main.o(.data)
    r1                                       0x20000014   Data           4  main.o(.data)
    STATE_USE                                0x20000018   Data           2  main.o(.data)
    show_flag                                0x2000001c   Data           4  main.o(.data)
    TIME_SAVE                                0x20000020   Data          32  speedtext.o(.data)
    TIM_ICUserValueStructure1                0x20000040   Data           6  bsp_generaltim.o(.data)
    TIM_ICUserValueStructure2                0x20000046   Data           6  bsp_generaltim.o(.data)
    Hzk                                      0x2000004c   Data         384  oled.o(.data)
    __stdout                                 0x200001d0   Data           4  usart.o(.data)
    USART_RX_STA                             0x200001d4   Data           2  usart.o(.data)
    SystemCoreClock                          0x200001d8   Data           4  system_stm32f10x.o(.data)
    AHBPrescTable                            0x200001dc   Data          16  system_stm32f10x.o(.data)
    temp                                     0x20000200   Data          32  main.o(.bss)
    time                                     0x20000220   Data          64  main.o(.bss)
    speed                                    0x20000260   Data          64  main.o(.bss)
    a                                        0x200002a0   Data          64  main.o(.bss)
    v                                        0x200002e0   Data          80  main.o(.bss)
    t                                        0x20000330   Data          80  main.o(.bss)
    a_char                                   0x20000380   Data          80  main.o(.bss)
    a_average                                0x200003d0   Data          10  main.o(.bss)
    USART_RX_BUF                             0x200003da   Data         200  usart.o(.bss)
    __libspace_start                         0x200004a4   Data          96  libspace.o(.bss)
    __temporary_stack_top$libspace           0x20000504   Data           0  libspace.o(.bss)



==============================================================================

Memory Map of the image

  Image Entry point : 0x08000131

  Load Region LR_IROM1 (Base: 0x08000000, Size: 0x000058d4, Max: 0x00010000, ABSOLUTE, COMPRESSED[0x00005794])

    Execution Region ER_IROM1 (Exec base: 0x08000000, Load base: 0x08000000, Size: 0x000056d4, Max: 0x00010000, ABSOLUTE)

    Exec Addr    Load Addr    Size         Type   Attr      Idx    E Section Name        Object

    0x08000000   0x08000000   0x00000130   Data   RO          251    RESET               startup_stm32f10x_hd.o
    0x08000130   0x08000130   0x00000008   Code   RO          370  * !!!main             c_w.l(__main.o)
    0x08000138   0x08000138   0x00000034   Code   RO          616    !!!scatter          c_w.l(__scatter.o)
    0x0800016c   0x0800016c   0x0000005a   Code   RO          614    !!dczerorl2         c_w.l(__dczerorl2.o)
    0x080001c6   0x080001c6   0x00000002   PAD
    0x080001c8   0x080001c8   0x0000001c   Code   RO          618    !!handler_zi        c_w.l(__scatter_zi.o)
    0x080001e4   0x080001e4   0x00000000   Code   RO          367    .ARM.Collect$$_printf_percent$$00000000  c_w.l(_printf_percent.o)
    0x080001e4   0x080001e4   0x00000006   Code   RO          366    .ARM.Collect$$_printf_percent$$00000003  c_w.l(_printf_f.o)
    0x080001ea   0x080001ea   0x00000004   Code   RO          409    .ARM.Collect$$_printf_percent$$00000017  c_w.l(_printf_percent_end.o)
    0x080001ee   0x080001ee   0x00000002   Code   RO          491    .ARM.Collect$$libinit$$00000000  c_w.l(libinit.o)
    0x080001f0   0x080001f0   0x00000000   Code   RO          493    .ARM.Collect$$libinit$$00000002  c_w.l(libinit2.o)
    0x080001f0   0x080001f0   0x00000000   Code   RO          495    .ARM.Collect$$libinit$$00000004  c_w.l(libinit2.o)
    0x080001f0   0x080001f0   0x00000000   Code   RO          498    .ARM.Collect$$libinit$$0000000A  c_w.l(libinit2.o)
    0x080001f0   0x080001f0   0x00000000   Code   RO          500    .ARM.Collect$$libinit$$0000000C  c_w.l(libinit2.o)
    0x080001f0   0x080001f0   0x00000000   Code   RO          502    .ARM.Collect$$libinit$$0000000E  c_w.l(libinit2.o)
    0x080001f0   0x080001f0   0x00000006   Code   RO          503    .ARM.Collect$$libinit$$0000000F  c_w.l(libinit2.o)
    0x080001f6   0x080001f6   0x00000000   Code   RO          505    .ARM.Collect$$libinit$$00000011  c_w.l(libinit2.o)
    0x080001f6   0x080001f6   0x00000000   Code   RO          507    .ARM.Collect$$libinit$$00000013  c_w.l(libinit2.o)
    0x080001f6   0x080001f6   0x00000000   Code   RO          509    .ARM.Collect$$libinit$$00000015  c_w.l(libinit2.o)
    0x080001f6   0x080001f6   0x0000000a   Code   RO          510    .ARM.Collect$$libinit$$00000016  c_w.l(libinit2.o)
    0x08000200   0x08000200   0x00000000   Code   RO          511    .ARM.Collect$$libinit$$00000017  c_w.l(libinit2.o)
    0x08000200   0x08000200   0x00000000   Code   RO          513    .ARM.Collect$$libinit$$00000019  c_w.l(libinit2.o)
    0x08000200   0x08000200   0x00000000   Code   RO          515    .ARM.Collect$$libinit$$0000001B  c_w.l(libinit2.o)
    0x08000200   0x08000200   0x00000000   Code   RO          517    .ARM.Collect$$libinit$$0000001D  c_w.l(libinit2.o)
    0x08000200   0x08000200   0x00000000   Code   RO          519    .ARM.Collect$$libinit$$0000001F  c_w.l(libinit2.o)
    0x08000200   0x08000200   0x00000000   Code   RO          521    .ARM.Collect$$libinit$$00000021  c_w.l(libinit2.o)
    0x08000200   0x08000200   0x00000000   Code   RO          523    .ARM.Collect$$libinit$$00000023  c_w.l(libinit2.o)
    0x08000200   0x08000200   0x00000000   Code   RO          525    .ARM.Collect$$libinit$$00000025  c_w.l(libinit2.o)
    0x08000200   0x08000200   0x00000000   Code   RO          529    .ARM.Collect$$libinit$$0000002C  c_w.l(libinit2.o)
    0x08000200   0x08000200   0x00000000   Code   RO          531    .ARM.Collect$$libinit$$0000002E  c_w.l(libinit2.o)
    0x08000200   0x08000200   0x00000000   Code   RO          533    .ARM.Collect$$libinit$$00000030  c_w.l(libinit2.o)
    0x08000200   0x08000200   0x00000000   Code   RO          535    .ARM.Collect$$libinit$$00000032  c_w.l(libinit2.o)
    0x08000200   0x08000200   0x00000002   Code   RO          536    .ARM.Collect$$libinit$$00000033  c_w.l(libinit2.o)
    0x08000202   0x08000202   0x00000002   Code   RO          564    .ARM.Collect$$libshutdown$$00000000  c_w.l(libshutdown.o)
    0x08000204   0x08000204   0x00000000   Code   RO          573    .ARM.Collect$$libshutdown$$00000002  c_w.l(libshutdown2.o)
    0x08000204   0x08000204   0x00000000   Code   RO          575    .ARM.Collect$$libshutdown$$00000004  c_w.l(libshutdown2.o)
    0x08000204   0x08000204   0x00000000   Code   RO          578    .ARM.Collect$$libshutdown$$00000007  c_w.l(libshutdown2.o)
    0x08000204   0x08000204   0x00000000   Code   RO          581    .ARM.Collect$$libshutdown$$0000000A  c_w.l(libshutdown2.o)
    0x08000204   0x08000204   0x00000000   Code   RO          583    .ARM.Collect$$libshutdown$$0000000C  c_w.l(libshutdown2.o)
    0x08000204   0x08000204   0x00000000   Code   RO          586    .ARM.Collect$$libshutdown$$0000000F  c_w.l(libshutdown2.o)
    0x08000204   0x08000204   0x00000002   Code   RO          587    .ARM.Collect$$libshutdown$$00000010  c_w.l(libshutdown2.o)
    0x08000206   0x08000206   0x00000000   Code   RO          402    .ARM.Collect$$rtentry$$00000000  c_w.l(__rtentry.o)
    0x08000206   0x08000206   0x00000000   Code   RO          420    .ARM.Collect$$rtentry$$00000002  c_w.l(__rtentry2.o)
    0x08000206   0x08000206   0x00000006   Code   RO          432    .ARM.Collect$$rtentry$$00000004  c_w.l(__rtentry4.o)
    0x0800020c   0x0800020c   0x00000000   Code   RO          422    .ARM.Collect$$rtentry$$00000009  c_w.l(__rtentry2.o)
    0x0800020c   0x0800020c   0x00000004   Code   RO          423    .ARM.Collect$$rtentry$$0000000A  c_w.l(__rtentry2.o)
    0x08000210   0x08000210   0x00000000   Code   RO          425    .ARM.Collect$$rtentry$$0000000C  c_w.l(__rtentry2.o)
    0x08000210   0x08000210   0x00000008   Code   RO          426    .ARM.Collect$$rtentry$$0000000D  c_w.l(__rtentry2.o)
    0x08000218   0x08000218   0x00000002   Code   RO          537    .ARM.Collect$$rtexit$$00000000  c_w.l(rtexit.o)
    0x0800021a   0x0800021a   0x00000000   Code   RO          544    .ARM.Collect$$rtexit$$00000002  c_w.l(rtexit2.o)
    0x0800021a   0x0800021a   0x00000004   Code   RO          545    .ARM.Collect$$rtexit$$00000003  c_w.l(rtexit2.o)
    0x0800021e   0x0800021e   0x00000006   Code   RO          546    .ARM.Collect$$rtexit$$00000004  c_w.l(rtexit2.o)
    0x08000224   0x08000224   0x00000858   Code   RO            1    .text               main.o
    0x08000a7c   0x08000a7c   0x00000130   Code   RO           82    .text               stm32f10x_it.o
    0x08000bac   0x08000bac   0x00000050   Code   RO           98    .text               speedtext.o
    0x08000bfc   0x08000bfc   0x000002c8   Code   RO          137    .text               bsp_generaltim.o
    0x08000ec4   0x08000ec4   0x0000009c   Code   RO          155    .text               led.o
    0x08000f60   0x08000f60   0x000005d4   Code   RO          170    .text               oled.o
    0x08001534   0x08001534   0x000000d4   Code   RO          189    .text               delay.o
    0x08001608   0x08001608   0x0000000c   Code   RO          203    .text               sys.o
    0x08001614   0x08001614   0x00000140   Code   RO          215    .text               usart.o
    0x08001754   0x08001754   0x00000040   Code   RO          252    .text               startup_stm32f10x_hd.o
    0x08001794   0x08001794   0x000001d0   Code   RO          256    .text               system_stm32f10x.o
    0x08001964   0x08001964   0x000000dc   Code   RO          274    .text               misc.o
    0x08001a40   0x08001a40   0x0000035c   Code   RO          286    .text               stm32f10x_gpio.o
    0x08001d9c   0x08001d9c   0x000003a4   Code   RO          298    .text               stm32f10x_rcc.o
    0x08002140   0x08002140   0x00000408   Code   RO          312    .text               stm32f10x_usart.o
    0x08002548   0x08002548   0x00000e1a   Code   RO          324    .text               stm32f10x_tim.o
    0x08003362   0x08003362   0x00000002   Code   RO          338    .text               c_w.l(use_no_semi_2.o)
    0x08003364   0x08003364   0x00000028   Code   RO          342    .text               c_w.l(noretval__2sprintf.o)
    0x0800338c   0x0800338c   0x00000068   Code   RO          344    .text               c_w.l(__printf.o)
    0x080033f4   0x080033f4   0x00000006   Code   RO          368    .text               c_w.l(heapauxi.o)
    0x080033fa   0x080033fa   0x00000002   Code   RO          400    .text               c_w.l(use_no_semi.o)
    0x080033fc   0x080033fc   0x0000041e   Code   RO          403    .text               c_w.l(_printf_fp_dec.o)
    0x0800381a   0x0800381a   0x00000002   PAD
    0x0800381c   0x0800381c   0x00000030   Code   RO          405    .text               c_w.l(_printf_char_common.o)
    0x0800384c   0x0800384c   0x0000000a   Code   RO          407    .text               c_w.l(_sputc.o)
    0x08003856   0x08003856   0x00000002   PAD
    0x08003858   0x08003858   0x00000008   Code   RO          437    .text               c_w.l(rt_locale_intlibspace.o)
    0x08003860   0x08003860   0x0000008a   Code   RO          439    .text               c_w.l(lludiv10.o)
    0x080038ea   0x080038ea   0x00000002   PAD
    0x080038ec   0x080038ec   0x00000080   Code   RO          441    .text               c_w.l(_printf_fp_infnan.o)
    0x0800396c   0x0800396c   0x000000e4   Code   RO          445    .text               c_w.l(bigflt0.o)
    0x08003a50   0x08003a50   0x00000008   Code   RO          477    .text               c_w.l(libspace.o)
    0x08003a58   0x08003a58   0x0000004a   Code   RO          480    .text               c_w.l(sys_stackheap_outer.o)
    0x08003aa2   0x08003aa2   0x00000012   Code   RO          482    .text               c_w.l(exit.o)
    0x08003ab4   0x08003ab4   0x00000080   Code   RO          484    .text               c_w.l(strcmpv7m.o)
    0x08003b34   0x08003b34   0x0000003e   Code   RO          448    CL$$btod_d2e        c_w.l(btod.o)
    0x08003b72   0x08003b72   0x00000046   Code   RO          450    CL$$btod_d2e_denorm_low  c_w.l(btod.o)
    0x08003bb8   0x08003bb8   0x00000060   Code   RO          449    CL$$btod_d2e_norm_op1  c_w.l(btod.o)
    0x08003c18   0x08003c18   0x00000338   Code   RO          458    CL$$btod_div_common  c_w.l(btod.o)
    0x08003f50   0x08003f50   0x000000dc   Code   RO          455    CL$$btod_e2e        c_w.l(btod.o)
    0x0800402c   0x0800402c   0x0000002a   Code   RO          452    CL$$btod_ediv       c_w.l(btod.o)
    0x08004056   0x08004056   0x0000002a   Code   RO          451    CL$$btod_emul       c_w.l(btod.o)
    0x08004080   0x08004080   0x00000244   Code   RO          457    CL$$btod_mult_common  c_w.l(btod.o)
    0x080042c4   0x080042c4   0x00000028   Code   RO          475    i.__ARM_fpclassify  m_ws.l(fpclassify.o)
    0x080042ec   0x080042ec   0x0000002c   Code   RO          471    locale$$code        c_w.l(lc_numeric_c.o)
    0x08004318   0x08004318   0x00000062   Code   RO          372    x$fpl$d2f           fz_ws.l(d2f.o)
    0x0800437a   0x0800437a   0x00000002   PAD
    0x0800437c   0x0800437c   0x00000150   Code   RO          374    x$fpl$dadd          fz_ws.l(daddsub_clz.o)
    0x080044cc   0x080044cc   0x000002b0   Code   RO          381    x$fpl$ddiv          fz_ws.l(ddiv.o)
    0x0800477c   0x0800477c   0x00000026   Code   RO          384    x$fpl$dfltu         fz_ws.l(dflt_clz.o)
    0x080047a2   0x080047a2   0x00000002   PAD
    0x080047a4   0x080047a4   0x00000154   Code   RO          390    x$fpl$dmul          fz_ws.l(dmul.o)
    0x080048f8   0x080048f8   0x0000009c   Code   RO          410    x$fpl$dnaninf       fz_ws.l(dnaninf.o)
    0x08004994   0x08004994   0x0000000c   Code   RO          412    x$fpl$dretinf       fz_ws.l(dretinf.o)
    0x080049a0   0x080049a0   0x000001d4   Code   RO          376    x$fpl$dsub          fz_ws.l(daddsub_clz.o)
    0x08004b74   0x08004b74   0x00000056   Code   RO          392    x$fpl$f2d           fz_ws.l(f2d.o)
    0x08004bca   0x08004bca   0x00000002   PAD
    0x08004bcc   0x08004bcc   0x00000184   Code   RO          395    x$fpl$fdiv          fz_ws.l(fdiv.o)
    0x08004d50   0x08004d50   0x0000008c   Code   RO          414    x$fpl$fnaninf       fz_ws.l(fnaninf.o)
    0x08004ddc   0x08004ddc   0x0000000a   Code   RO          416    x$fpl$fretinf       fz_ws.l(fretinf.o)
    0x08004de6   0x08004de6   0x00000004   Code   RO          398    x$fpl$printf1       fz_ws.l(printf1.o)
    0x08004dea   0x08004dea   0x00000000   Code   RO          418    x$fpl$usenofp       fz_ws.l(usenofp.o)
    0x08004dea   0x08004dea   0x00000818   Data   RO          171    .constdata          oled.o
    0x08005602   0x08005602   0x00000002   PAD
    0x08005604   0x08005604   0x00000094   Data   RO          446    .constdata          c_w.l(bigflt0.o)
    0x08005698   0x08005698   0x00000020   Data   RO          612    Region$$Table       anon$$obj.o
    0x080056b8   0x080056b8   0x0000001c   Data   RO          470    locale$$data        c_w.l(lc_numeric_c.o)


    Execution Region RW_IRAM1 (Exec base: 0x20000000, Load base: 0x080056d4, Size: 0x00000b08, Max: 0x00005000, ABSOLUTE, COMPRESSED[0x000000c0])

    Exec Addr    Load Addr    Size         Type   Attr      Idx    E Section Name        Object

    0x20000000   COMPRESSED   0x00000020   Data   RW            3    .data               main.o
    0x20000020   COMPRESSED   0x00000020   Data   RW           99    .data               speedtext.o
    0x20000040   COMPRESSED   0x0000000c   Data   RW          138    .data               bsp_generaltim.o
    0x2000004c   COMPRESSED   0x00000180   Data   RW          172    .data               oled.o
    0x200001cc   COMPRESSED   0x00000004   Data   RW          190    .data               delay.o
    0x200001d0   COMPRESSED   0x00000006   Data   RW          217    .data               usart.o
    0x200001d6   COMPRESSED   0x00000002   PAD
    0x200001d8   COMPRESSED   0x00000014   Data   RW          257    .data               system_stm32f10x.o
    0x200001ec   COMPRESSED   0x00000014   Data   RW          299    .data               stm32f10x_rcc.o
    0x20000200        -       0x000001da   Zero   RW            2    .bss                main.o
    0x200003da        -       0x000000c8   Zero   RW          216    .bss                usart.o
    0x200004a2   COMPRESSED   0x00000002   PAD
    0x200004a4        -       0x00000060   Zero   RW          478    .bss                c_w.l(libspace.o)
    0x20000504   COMPRESSED   0x00000004   PAD
    0x20000508        -       0x00000200   Zero   RW          250    HEAP                startup_stm32f10x_hd.o
    0x20000708        -       0x00000400   Zero   RW          249    STACK               startup_stm32f10x_hd.o


==============================================================================

Image component sizes


      Code (inc. data)   RO Data    RW Data    ZI Data      Debug   Object Name

       712         12          0         12          0       2957   bsp_generaltim.o
         0          0          0          0          0         32   core_cm3.o
       212         18          0          4          0       1115   delay.o
       156         10          0          0          0       1259   led.o
      2136        126          0         32        474     255149   main.o
       220         22          0          0          0       1881   misc.o
      1492         20       2072        384          0       7035   oled.o
        80          6          0         32          0     205176   speedtext.o
        64         26        304          0       1536        844   startup_stm32f10x_hd.o
       860         38          0          0          0       5813   stm32f10x_gpio.o
       304         22          0          0          0       1678   stm32f10x_it.o
       932         36          0         20          0       9032   stm32f10x_rcc.o
      3610         88          0          0          0      22920   stm32f10x_tim.o
      1032         22          0          0          0       8540   stm32f10x_usart.o
        12          0          0          0          0        493   sys.o
       464         32          0         20          0       1851   system_stm32f10x.o
       320         16          0          6        200       3298   usart.o

    ----------------------------------------------------------------------
     12606        494       2410        512       2212     529073   Object Totals
         0          0         32          0          0          0   (incl. Generated)
         0          0          2          2          2          0   (incl. Padding)

    ----------------------------------------------------------------------

      Code (inc. data)   RO Data    RW Data    ZI Data      Debug   Library Member Name

        90          0          0          0          0          0   __dczerorl2.o
         8          0          0          0          0         68   __main.o
       104          0          0          0          0         84   __printf.o
         0          0          0          0          0          0   __rtentry.o
        12          0          0          0          0          0   __rtentry2.o
         6          0          0          0          0          0   __rtentry4.o
        52          8          0          0          0          0   __scatter.o
        28          0          0          0          0          0   __scatter_zi.o
        48          6          0          0          0         96   _printf_char_common.o
         6          0          0          0          0          0   _printf_f.o
      1054          0          0          0          0        216   _printf_fp_dec.o
       128         16          0          0          0         84   _printf_fp_infnan.o
         0          0          0          0          0          0   _printf_percent.o
         4          0          0          0          0          0   _printf_percent_end.o
        10          0          0          0          0         68   _sputc.o
       228          4        148          0          0         96   bigflt0.o
      1936        128          0          0          0        672   btod.o
        18          0          0          0          0         80   exit.o
         6          0          0          0          0        152   heapauxi.o
        44         10         28          0          0         76   lc_numeric_c.o
         2          0          0          0          0          0   libinit.o
        18          0          0          0          0          0   libinit2.o
         2          0          0          0          0          0   libshutdown.o
         2          0          0          0          0          0   libshutdown2.o
         8          4          0          0         96         68   libspace.o
       138          0          0          0          0         80   lludiv10.o
        40          6          0          0          0         84   noretval__2sprintf.o
         8          4          0          0          0         68   rt_locale_intlibspace.o
         2          0          0          0          0          0   rtexit.o
        10          0          0          0          0          0   rtexit2.o
       128          0          0          0          0         68   strcmpv7m.o
        74          0          0          0          0         80   sys_stackheap_outer.o
         2          0          0          0          0         68   use_no_semi.o
         2          0          0          0          0         68   use_no_semi_2.o
        98          4          0          0          0         92   d2f.o
       804         16          0          0          0        272   daddsub_clz.o
       688        140          0          0          0        208   ddiv.o
        38          0          0          0          0         68   dflt_clz.o
       340         12          0          0          0        104   dmul.o
       156          4          0          0          0         92   dnaninf.o
        12          0          0          0          0         68   dretinf.o
        86          4          0          0          0         84   f2d.o
       388         76          0          0          0         96   fdiv.o
       140          4          0          0          0         84   fnaninf.o
        10          0          0          0          0         68   fretinf.o
         4          0          0          0          0         68   printf1.o
         0          0          0          0          0          0   usenofp.o
        40          0          0          0          0         68   fpclassify.o

    ----------------------------------------------------------------------
      7036        446        176          0        100       3648   Library Totals
        14          0          0          0          4          0   (incl. Padding)

    ----------------------------------------------------------------------

      Code (inc. data)   RO Data    RW Data    ZI Data      Debug   Library Name

      4218        186        176          0         96       2276   c_w.l
      2764        260          0          0          0       1304   fz_ws.l
        40          0          0          0          0         68   m_ws.l

    ----------------------------------------------------------------------
      7036        446        176          0        100       3648   Library Totals

    ----------------------------------------------------------------------

==============================================================================


      Code (inc. data)   RO Data    RW Data    ZI Data      Debug   

     19642        940       2586        512       2312     529493   Grand Totals
     19642        940       2586        192       2312     529493   ELF Image Totals (compressed)
     19642        940       2586        192          0          0   ROM Totals

==============================================================================

    Total RO  Size (Code + RO Data)                22228 (  21.71kB)
    Total RW  Size (RW Data + ZI Data)              2824 (   2.76kB)
    Total ROM Size (Code + RO Data + RW Data)      22420 (  21.89kB)

==============================================================================

