Component: ARM Compiler 5.06 update 6 (build 750) Tool: armlink [4d35ed]

==============================================================================

Section Cross References

    main.o(.text) refers to _printf_percent.o(.ARM.Collect$$_printf_percent$$00000000) for _printf_percent
    main.o(.text) refers to _printf_f.o(.ARM.Collect$$_printf_percent$$00000003) for _printf_f
    main.o(.text) refers to printf1.o(x$fpl$printf1) for _printf_fp_dec
    main.o(.text) refers to speedtext.o(.text) for InitAll
    main.o(.text) refers to oled.o(.text) for OLED_Clear
    main.o(.text) refers to delay.o(.text) for delay_ms
    main.o(.text) refers to dflt_clz.o(x$fpl$dfltu) for __aeabi_ui2d
    main.o(.text) refers to ddiv.o(x$fpl$ddiv) for __aeabi_ddiv
    main.o(.text) refers to daddsub_clz.o(x$fpl$dadd) for __aeabi_dadd
    main.o(.text) refers to dmul.o(x$fpl$dmul) for __aeabi_dmul
    main.o(.text) refers to daddsub_clz.o(x$fpl$dsub) for __aeabi_dsub
    main.o(.text) refers to noretval__2sprintf.o(.text) for __2sprintf
    main.o(.text) refers to stm32f10x_tim.o(.text) for TIM_SetCounter
    main.o(.text) refers to speedtext.o(.data) for TIME_SAVE
    main.o(.text) refers to main.o(.data) for show_flag
    main.o(.text) refers to main.o(.bss) for time
    main.o(.text) refers to bsp_generaltim.o(.data) for TIM_ICUserValueStructure1
    stm32f10x_it.o(.text) refers to stm32f10x_tim.o(.text) for TIM_GetITStatus
    stm32f10x_it.o(.text) refers to main.o(.text) for TIM2_CaptureCallBack
    stm32f10x_it.o(.text) refers to main.o(.data) for STATE_USE
    stm32f10x_it.o(.text) refers to bsp_generaltim.o(.data) for TIM_ICUserValueStructure1
    speedtext.o(.text) refers to stm32f10x_rcc.o(.text) for RCC_APB2PeriphClockCmd
    speedtext.o(.text) refers to stm32f10x_gpio.o(.text) for GPIO_Init
    speedtext.o(.text) refers to system_stm32f10x.o(.text) for SystemInit
    speedtext.o(.text) refers to bsp_generaltim.o(.text) for GENERAL_TIM_Init
    speedtext.o(.text) refers to oled.o(.text) for OLED_Init
    speedtext.o(.text) refers to led.o(.text) for LED_GPIO_Config
    bsp_generaltim.o(.text) refers to misc.o(.text) for NVIC_PriorityGroupConfig
    bsp_generaltim.o(.text) refers to stm32f10x_rcc.o(.text) for RCC_APB1PeriphClockCmd
    bsp_generaltim.o(.text) refers to stm32f10x_tim.o(.text) for TIM_TimeBaseInit
    bsp_generaltim.o(.text) refers to stm32f10x_gpio.o(.text) for GPIO_Init
    led.o(.text) refers to stm32f10x_rcc.o(.text) for RCC_APB2PeriphClockCmd
    led.o(.text) refers to stm32f10x_gpio.o(.text) for GPIO_Init
    led.o(.text) refers to delay.o(.text) for delay_ms
    oled.o(.text) refers to stm32f10x_gpio.o(.text) for GPIO_SetBits
    oled.o(.text) refers to oled.o(.constdata) for F8X16
    oled.o(.text) refers to delay.o(.text) for delay_init
    oled.o(.text) refers to sys.o(.text) for NVIC_Configuration
    oled.o(.text) refers to stm32f10x_rcc.o(.text) for RCC_APB2PeriphClockCmd
    oled.o(.text) refers to oled.o(.data) for Hzk
    delay.o(.text) refers to misc.o(.text) for SysTick_CLKSourceConfig
    delay.o(.text) refers to system_stm32f10x.o(.data) for SystemCoreClock
    delay.o(.text) refers to delay.o(.data) for fac_us
    sys.o(.text) refers to misc.o(.text) for NVIC_PriorityGroupConfig
    usart.o(.text) refers (Special) to use_no_semi_2.o(.text) for __use_no_semihosting
    usart.o(.text) refers to stm32f10x_rcc.o(.text) for RCC_APB2PeriphClockCmd
    usart.o(.text) refers to stm32f10x_gpio.o(.text) for GPIO_Init
    usart.o(.text) refers to misc.o(.text) for NVIC_Init
    usart.o(.text) refers to stm32f10x_usart.o(.text) for USART_Init
    usart.o(.text) refers to usart.o(.data) for USART_RX_STA
    usart.o(.text) refers to usart.o(.bss) for USART_RX_BUF
    usart.o(.bss) refers (Special) to use_no_semi_2.o(.text) for __use_no_semihosting
    usart.o(.data) refers (Special) to use_no_semi_2.o(.text) for __use_no_semihosting
    startup_stm32f10x_hd.o(STACK) refers (Special) to heapauxi.o(.text) for __use_two_region_memory
    startup_stm32f10x_hd.o(HEAP) refers (Special) to heapauxi.o(.text) for __use_two_region_memory
    startup_stm32f10x_hd.o(RESET) refers (Special) to heapauxi.o(.text) for __use_two_region_memory
    startup_stm32f10x_hd.o(RESET) refers to startup_stm32f10x_hd.o(STACK) for __initial_sp
    startup_stm32f10x_hd.o(RESET) refers to startup_stm32f10x_hd.o(.text) for Reset_Handler
    startup_stm32f10x_hd.o(RESET) refers to stm32f10x_it.o(.text) for NMI_Handler
    startup_stm32f10x_hd.o(RESET) refers to usart.o(.text) for USART1_IRQHandler
    startup_stm32f10x_hd.o(.text) refers (Special) to heapauxi.o(.text) for __use_two_region_memory
    startup_stm32f10x_hd.o(.text) refers to system_stm32f10x.o(.text) for SystemInit
    startup_stm32f10x_hd.o(.text) refers to __main.o(!!!main) for __main
    startup_stm32f10x_hd.o(.text) refers to startup_stm32f10x_hd.o(HEAP) for Heap_Mem
    startup_stm32f10x_hd.o(.text) refers to startup_stm32f10x_hd.o(STACK) for Stack_Mem
[...]
    libshutdown.o(.ARM.Collect$$libshutdown$$00000000) refers (Special) to libshutdown2.o(.ARM.Collect$$libshutdown$$0000000F) for __rt_lib_shutdown_heap_1
    libshutdown.o(.ARM.Collect$$libshutdown$$00000000) refers (Special) to libshutdown2.o(.ARM.Collect$$libshutdown$$00000010) for __rt_lib_shutdown_return
    libshutdown.o(.ARM.Collect$$libshutdown$$00000000) refers (Special) to libshutdown2.o(.ARM.Collect$$libshutdown$$0000000A) for __rt_lib_shutdown_signal_1
    libshutdown.o(.ARM.Collect$$libshutdown$$00000000) refers (Special) to libshutdown2.o(.ARM.Collect$$libshutdown$$00000004) for __rt_lib_shutdown_stdio_1
    libshutdown.o(.ARM.Collect$$libshutdown$$00000000) refers (Special) to libshutdown2.o(.ARM.Collect$$libshutdown$$0000000C) for __rt_lib_shutdown_user_alloc_1
    rt_raise.o(.text) refers to __raise.o(.text) for __raise
    rt_raise.o(.text) refers to usart.o(.text) for _sys_exit
    defsig_exit.o(.text) refers to usart.o(.text) for _sys_exit
    defsig_rtmem_inner.o(.text) refers to defsig_general.o(.text) for __default_signal_display
    __raise.o(.text) refers to defsig.o(CL$$defsig) for __default_signal_handler
    defsig_general.o(.text) refers to sys_wrch.o(.text) for _ttywrch
    sys_wrch.o(.text) refers (Special) to use_no_semi.o(.text) for __I$use$semihosting
    sys_wrch.o(.text) refers (Special) to indicate_semi.o(.text) for __semihosting_library_function
    defsig.o(CL$$defsig) refers to defsig_rtmem_inner.o(.text) for __rt_SIGRTMEM_inner
    defsig_abrt_inner.o(.text) refers to defsig_general.o(.text) for __default_signal_display
    defsig_fpe_inner.o(.text) refers to defsig_general.o(.text) for __default_signal_display
    defsig_rtred_inner.o(.text) refers to defsig_general.o(.text) for __default_signal_display
    defsig_stak_inner.o(.text) refers to defsig_general.o(.text) for __default_signal_display
    defsig_pvfn_inner.o(.text) refers to defsig_general.o(.text) for __default_signal_display
    defsig_cppl_inner.o(.text) refers to defsig_general.o(.text) for __default_signal_display
    defsig_segv_inner.o(.text) refers to defsig_general.o(.text) for __default_signal_display
    defsig_other.o(.text) refers to defsig_general.o(.text) for __default_signal_display


==============================================================================

Removing Unused input sections from the image.

    Removing core_cm3.o(.emb_text), (32 bytes).

1 unused section(s) (total 32 bytes) removed from the image.

==============================================================================

Image Symbol Table

    Local Symbols

    Symbol Name                              Value     Ov Type        Size  Object(Section)

    ../clib/angel/boardlib.s                 0x00000000   Number         0  boardshut.o ABSOLUTE
    ../clib/angel/boardlib.s                 0x00000000   Number         0  boardinit1.o ABSOLUTE
    ../clib/angel/boardlib.s                 0x00000000   Number         0  boardinit2.o ABSOLUTE
    ../clib/angel/boardlib.s                 0x00000000   Number         0  boardinit3.o ABSOLUTE
    ../clib/angel/dczerorl2.s                0x00000000   Number         0  __dczerorl2.o ABSOLUTE
    ../clib/angel/handlers.s                 0x00000000   Number         0  __scatter_zi.o ABSOLUTE
    ../clib/angel/kernel.s                   0x00000000   Number         0  __rtentry4.o ABSOLUTE
    ../clib/angel/kernel.s                   0x00000000   Number         0  rtexit.o ABSOLUTE
    ../clib/angel/kernel.s                   0x00000000   Number         0  rtexit2.o ABSOLUTE
    ../clib/angel/kernel.s                   0x00000000   Number         0  __rtentry.o ABSOLUTE
    ../clib/angel/kernel.s                   0x00000000   Number         0  __rtentry2.o ABSOLUTE
    ../clib/angel/rt.s                       0x00000000   Number         0  rt_locale.o ABSOLUTE
    ../clib/angel/rt.s                       0x00000000   Number         0  rt_raise.o ABSOLUTE
    ../clib/angel/rt.s                       0x00000000   Number         0  rt_locale_intlibspace.o ABSOLUTE
    ../clib/angel/scatter.s                  0x00000000   Number         0  __scatter.o ABSOLUTE
    ../clib/angel/startup.s                  0x00000000   Number         0  __main.o ABSOLUTE
    ../clib/angel/sys.s                      0x00000000   Number         0  indicate_semi.o ABSOLUTE
    ../clib/angel/sys.s                      0x00000000   Number         0  use_no_semi_2.o ABSOLUTE
    ../clib/angel/sys.s                      0x00000000   Number         0  libspace.o ABSOLUTE
    ../clib/angel/sys.s                      0x00000000   Number         0  sys_stackheap_outer.o ABSOLUTE
    ../clib/angel/sys.s                      0x00000000   Number         0  use_no_semi.o ABSOLUTE
    ../clib/angel/sysapp.c                   0x00000000   Number         0  sys_command.o ABSOLUTE
    ../clib/angel/sysapp.c                   0x00000000   Number         0  sys_wrch.o ABSOLUTE
    ../clib/armsys.c                         0x00000000   Number         0  _get_argv_nomalloc.o ABSOLUTE
    ../clib/armsys.c                         0x00000000   Number         0  no_argv.o ABSOLUTE
    ../clib/armsys.c                         0x00000000   Number         0  argv_veneer.o ABSOLUTE
    ../clib/armsys.c                         0x00000000   Number         0  argv_veneer.o ABSOLUTE
    ../clib/bigflt.c                         0x00000000   Number         0  bigflt0.o ABSOLUTE
    ../clib/btod.s                           0x00000000   Number         0  btod.o ABSOLUTE
    ../clib/heapalloc.c                      0x00000000   Number         0  hrguard.o ABSOLUTE
    ../clib/heapaux.c                        0x00000000   Number         0  heapauxi.o ABSOLUTE
    ../clib/libinit.s                        0x00000000   Number         0  libshutdown2.o ABSOLUTE
    ../clib/libinit.s                        0x00000000   Number         0  libinit.o ABSOLUTE
    ../clib/libinit.s                        0x00000000   Number         0  libinit2.o ABSOLUTE
    ../clib/libinit.s                        0x00000000   Number         0  libshutdown.o ABSOLUTE
    ../clib/locale.s                         0x00000000   Number         0  lc_numeric_c.o ABSOLUTE
    ../clib/longlong.s                       0x00000000   Number         0  lludiv10.o ABSOLUTE
    ../clib/memcpset.s                       0x00000000   Number         0  strcmpv7m.o ABSOLUTE
    ../clib/misc.s                           0x00000000   Number         0  printf_stubs.o ABSOLUTE
    ../clib/printf.c                         0x00000000   Number         0  __printf_flags_wp.o ABSOLUTE
    ../clib/printf.c                         0x00000000   Number         0  __printf_flags_ss_wp.o ABSOLUTE
    ../clib/printf.c                         0x00000000   Number         0  _printf_char_common.o ABSOLUTE
    ../clib/printf.c                         0x00000000   Number         0  __printf_ss_wp.o ABSOLUTE
    ../clib/printf.c                         0x00000000   Number         0  _sputc.o ABSOLUTE
    ../clib/printf.c                         0x00000000   Number         0  __printf_flags.o ABSOLUTE
    ../clib/printf.c                         0x00000000   Number         0  __printf_ss.o ABSOLUTE
    ../clib/printf.c                         0x00000000   Number         0  __printf_flags_ss.o ABSOLUTE
    ../clib/printf.c                         0x00000000   Number         0  __printf_wp.o ABSOLUTE
    ../clib/printf.c                         0x00000000   Number         0  __2sprintf.o ABSOLUTE
    ../clib/printf.c                         0x00000000   Number         0  _printf_fp_infnan.o ABSOLUTE
    ../clib/printf.c                         0x00000000   Number         0  __printf_nopercent.o ABSOLUTE
    ../clib/printf.c                         0x00000000   Number         0  _printf_fp_dec.o ABSOLUTE
    ../clib/printf.c                         0x00000000   Number         0  noretval__2sprintf.o ABSOLUTE
    ../clib/printf.c                         0x00000000   Number         0  __printf.o ABSOLUTE
    ../clib/printf_percent.s                 0x00000000   Number         0  _printf_percent_end.o ABSOLUTE
    ../clib/printf_percent.s                 0x00000000   Number         0  _printf_f.o ABSOLUTE
    ../clib/printf_percent.s                 0x00000000   Number         0  _printf_percent.o ABSOLUTE
    ../clib/signal.c                         0x00000000   Number         0  defsig_stak_inner.o ABSOLUTE
    ../clib/signal.c                         0x00000000   Number         0  defsig_rtmem_formal.o ABSOLUTE
    ../clib/signal.c                         0x00000000   Number         0  defsig_segv_inner.o ABSOLUTE
    ../clib/signal.c                         0x00000000   Number         0  defsig_other.o ABSOLUTE
    ../clib/signal.c                         0x00000000   Number         0  __raise.o ABSOLUTE
    ../clib/signal.c                         0x00000000   Number         0  defsig_cppl_inner.o ABSOLUTE
    ../clib/signal.c                         0x00000000   Number         0  defsig_abrt_inner.o ABSOLUTE
    ../clib/signal.c                         0x00000000   Number         0  defsig_rtmem_inner.o ABSOLUTE
    ../clib/signal.c                         0x00000000   Number         0  defsig_fpe_inner.o ABSOLUTE
    ../clib/signal.c                         0x00000000   Number         0  defsig_exit.o ABSOLUTE
    ../clib/signal.c                         0x00000000   Number         0  defsig_rtmem_outer.o ABSOLUTE
    ../clib/signal.c                         0x00000000   Number         0  defsig_pvfn_inner.o ABSOLUTE
    ../clib/signal.c                         0x00000000   Number         0  defsig_general.o ABSOLUTE
    ../clib/signal.c                         0x00000000   Number         0  defsig_rtred_inner.o ABSOLUTE
    ../clib/signal.s                         0x00000000   Number         0  defsig.o ABSOLUTE
    ../clib/stdlib.c                         0x00000000   Number         0  exit.o ABSOLUTE
    ../fplib/daddsub.s                       0x00000000   Number         0  daddsub_clz.o ABSOLUTE
    ../fplib/ddiv.s                          0x00000000   Number         0  ddiv.o ABSOLUTE
    ../fplib/dflt.s                          0x00000000   Number         0  dflt_clz.o ABSOLUTE
    ../fplib/dmul.s                          0x00000000   Number         0  dmul.o ABSOLUTE
    ../fplib/dnaninf.s                       0x00000000   Number         0  dnaninf.o ABSOLUTE
    ../fplib/dretinf.s                       0x00000000   Number         0  dretinf.o ABSOLUTE
    ../fplib/fpinit.s                        0x00000000   Number         0  fpinit.o ABSOLUTE
    ../fplib/istatus.s                       0x00000000   Number         0  istatus.o ABSOLUTE
    ../fplib/printf1.s                       0x00000000   Number         0  printf1.o ABSOLUTE
    ../fplib/usenofp.s                       0x00000000   Number         0  usenofp.o ABSOLUTE
    ../mathlib/fpclassify.c                  0x00000000   Number         0  fpclassify.o ABSOLUTE
    ..\CORE\core_cm3.c                       0x00000000   Number         0  core_cm3.o ABSOLUTE
    ..\CORE\startup_stm32f10x_hd.s           0x00000000   Number         0  startup_stm32f10x_hd.o ABSOLUTE
    ..\HARDWARE\OLED\oled.c                  0x00000000   Number         0  oled.o ABSOLUTE
    ..\STM32F10x_FWLib\src\misc.c            0x00000000   Number         0  misc.o ABSOLUTE
    ..\STM32F10x_FWLib\src\stm32f10x_gpio.c  0x00000000   Number         0  stm32f10x_gpio.o ABSOLUTE
    ..\STM32F10x_FWLib\src\stm32f10x_rcc.c   0x00000000   Number         0  stm32f10x_rcc.o ABSOLUTE
    ..\STM32F10x_FWLib\src\stm32f10x_tim.c   0x00000000   Number         0  stm32f10x_tim.o ABSOLUTE
    ..\STM32F10x_FWLib\src\stm32f10x_usart.c 0x00000000   Number         0  stm32f10x_usart.o ABSOLUTE
    ..\SYSTEM\delay\delay.c                  0x00000000   Number         0  delay.o ABSOLUTE
    ..\SYSTEM\sys\sys.c                      0x00000000   Number         0  sys.o ABSOLUTE
    ..\SYSTEM\usart\usart.c                  0x00000000   Number         0  usart.o ABSOLUTE
    ..\\CORE\\core_cm3.c                     0x00000000   Number         0  core_cm3.o ABSOLUTE
    GeneralTim\bsp_GeneralTim.c              0x00000000   Number         0  bsp_generaltim.o ABSOLUTE
    LED\led.c                                0x00000000   Number         0  led.o ABSOLUTE
    dc.s                                     0x00000000   Number         0  dc.o ABSOLUTE
    main.c                                   0x00000000   Number         0  main.o ABSOLUTE
    speedtext\speedtext.c                    0x00000000   Number         0  speedtext.o ABSOLUTE
    stm32f10x_it.c                           0x00000000   Number         0  stm32f10x_it.o ABSOLUTE
    system_stm32f10x.c                       0x00000000   Number         0  system_stm32f10x.o ABSOLUTE
    RESET                                    0x08000000   Section      304  startup_stm32f10x_hd.o(RESET)
    !!!main                                  0x08000130   Section        8  __main.o(!!!main)
    !!!scatter                               0x08000138   Section       52  __scatter.o(!!!scatter)
    !!dczerorl2                              0x0800016c   Section       90  __dczerorl2.o(!!dczerorl2)
    !!handler_zi                             0x080001c8   Section       28  __scatter_zi.o(!!handler_zi)
    .ARM.Collect$$_printf_percent$$00000000  0x080001e4   Section        0  _printf_percent.o(.ARM.Collect$$_printf_percent$$00000000)
    .ARM.Collect$$_printf_percent$$00000003  0x080001e4   Section        6  _printf_f.o(.ARM.Collect$$_printf_percent$$00000003)
    .ARM.Collect$$_printf_percent$$00000017  0x080001ea   Section        4  _printf_percent_end.o(.ARM.Collect$$_printf_percent$$00000017)
    .ARM.Collect$$libinit$$00000000          0x080001ee   Section        2  libinit.o(.ARM.Collect$$libinit$$00000000)
    .ARM.Collect$$libinit$$00000002          0x080001f0   Section        0  libinit2.o(.ARM.Collect$$libinit$$00000002)
    .ARM.Collect$$libinit$$00000004          0x080001f0   Section        0  libinit2.o(.ARM.Collect$$libinit$$00000004)
    .ARM.Collect$$libinit$$0000000A          0x080001f0   Section        0  libinit2.o(.ARM.Collect$$libinit$$0000000A)
    .ARM.Collect$$libinit$$0000000C          0x080001f0   Section        0  libinit2.o(.ARM.Collect$$libinit$$0000000C)
    .ARM.Collect$$libinit$$0000000E          0x080001f0   Section        0  libinit2.o(.ARM.Collect$$libinit$$0000000E)
    .ARM.Collect$$libinit$$0000000F          0x080001f0   Section        6  libinit2.o(.ARM.Collect$$libinit$$0000000F)
    .ARM.Collect$$libinit$$00000011          0x080001f6   Section        0  libinit2.o(.ARM.Collect$$libinit$$00000011)
    .ARM.Collect$$libinit$$00000013          0x080001f6   Section        0  libinit2.o(.ARM.Collect$$libinit$$00000013)
    .ARM.Collect$$libinit$$00000015          0x080001f6   Section        0  libinit2.o(.ARM.Collect$$libinit$$00000015)
    .ARM.Collect$$libinit$$00000016          0x080001f6   Section       10  libinit2.o(.ARM.Collect$$libinit$$00000016)
    .ARM.Collect$$libinit$$00000017          0x08000200   Section        0  libinit2.o(.ARM.Collect$$libinit$$00000017)
    .ARM.Collect$$libinit$$00000019          0x08000200   Section        0  libinit2.o(.ARM.Collect$$libinit$$00000019)
    .ARM.Collect$$libinit$$0000001B          0x08000200   Section        0  libinit2.o(.ARM.Collect$$libinit$$0000001B)
    .ARM.Collect$$libinit$$0000001D          0x08000200   Section        0  libinit2.o(.ARM.Collect$$libinit$$0000001D)
    .ARM.Collect$$libinit$$0000001F          0x08000200   Section        0  libinit2.o(.ARM.Collect$$libinit$$0000001F)
    .ARM.Collect$$libinit$$00000021          0x08000200   Section        0  libinit2.o(.ARM.Collect$$libinit$$00000021)
    .ARM.Collect$$libinit$$00000023          0x08000200   Section        0  libinit2.o(.ARM.Collect$$libinit$$00000023)
    .ARM.Collect$$libinit$$00000025          0x08000200   Section        0  libinit2.o(.ARM.Collect$$libinit$$00000025)
    .ARM.Collect$$libinit$$0000002C          0x08000200   Section        0  libinit2.o(.ARM.Collect$$libinit$$0000002C)
    .ARM.Collect$$libinit$$0000002E          0x08000200   Section        0  libinit2.o(.ARM.Collect$$libinit$$0000002E)
    .ARM.Collect$$libinit$$00000030          0x08000200   Section        0  libinit2.o(.ARM.Collect$$libinit$$00000030)
    .ARM.Collect$$libinit$$00000032          0x08000200   Section        0  libinit2.o(.ARM.Collect$$libinit$$00000032)
    .ARM.Collect$$libinit$$00000033          0x08000200   Section        2  libinit2.o(.ARM.Collect$$libinit$$00000033)
    .ARM.Collect$$libshutdown$$00000000      0x08000202   Section        2  libshutdown.o(.ARM.Collect$$libshutdown$$00000000)
    .ARM.Collect$$libshutdown$$00000002      0x08000204   Section        0  libshutdown2.o(.ARM.Collect$$libshutdown$$00000002)
    .ARM.Collect$$libshutdown$$00000004      0x08000204   Section        0  libshutdown2.o(.ARM.Collect$$libshutdown$$00000004)
    .ARM.Collect$$libshutdown$$00000007      0x08000204   Section        0  libshutdown2.o(.ARM.Collect$$libshutdown$$00000007)
    .ARM.Collect$$libshutdown$$0000000A      0x08000204   Section        0  libshutdown2.o(.ARM.Collect$$libshutdown$$0000000A)
    .ARM.Collect$$libshutdown$$0000000C      0x08000204   Section        0  libshutdown2.o(.ARM.Collect$$libshutdown$$0000000C)
    .ARM.Collect$$libshutdown$$0000000F      0x08000204   Section        0  libshutdown2.o(.ARM.Collect$$libshutdown$$0000000F)
    .ARM.Collect$$libshutdown$$00000010      0x08000204   Section        2  libshutdown2.o(.ARM.Collect$$libshutdown$$00000010)
    .ARM.Collect$$rtentry$$00000000          0x08000206   Section        0  __rtentry.o(.ARM.Collect$$rtentry$$00000000)
    .ARM.Collect$$rtentry$$00000002          0x08000206   Section        0  __rtentry2.o(.ARM.Collect$$rtentry$$00000002)
    .ARM.Collect$$rtentry$$00000004          0x08000206   Section        6  __rtentry4.o(.ARM.Collect$$rtentry$$00000004)
    .ARM.Collect$$rtentry$$00000009          0x0800020c   Section        0  __rtentry2.o(.ARM.Collect$$rtentry$$00000009)
    .ARM.Collect$$rtentry$$0000000A          0x0800020c   Section        4  __rtentry2.o(.ARM.Collect$$rtentry$$0000000A)
    .ARM.Collect$$rtentry$$0000000C          0x08000210   Section        0  __rtentry2.o(.ARM.Collect$$rtentry$$0000000C)
    .ARM.Collect$$rtentry$$0000000D          0x08000210   Section        8  __rtentry2.o(.ARM.Collect$$rtentry$$0000000D)
    .ARM.Collect$$rtexit$$00000000           0x08000218   Section        2  rtexit.o(.ARM.Collect$$rtexit$$00000000)
    .ARM.Collect$$rtexit$$00000002           0x0800021a   Section        0  rtexit2.o(.ARM.Collect$$rtexit$$00000002)
    .ARM.Collect$$rtexit$$00000003           0x0800021a   Section        4  rtexit2.o(.ARM.Collect$$rtexit$$00000003)
    .ARM.Collect$$rtexit$$00000004           0x0800021e   Section        6  rtexit2.o(.ARM.Collect$$rtexit$$00000004)
    .text                                    0x08000224   Section        0  main.o(.text)
    .text                                    0x08000694   Section        0  stm32f10x_it.o(.text)
    .text                                    0x08000770   Section        0  speedtext.o(.text)
    .text                                    0x080007c0   Section        0  bsp_generaltim.o(.text)
    GENERAL_TIM_NVIC_Config                  0x080007c1   Thumb Code    42  bsp_generaltim.o(.text)
    GENERAL_TIM_Mode_Config                  0x080007eb   Thumb Code   330  bsp_generaltim.o(.text)
    .text                                    0x08000944   Section        0  led.o(.text)
    .text                                    0x080009e0   Section        0  oled.o(.text)
    .text                                    0x08000fb4   Section        0  delay.o(.text)
    .text                                    0x08001088   Section        0  sys.o(.text)
    .text                                    0x08001094   Section        0  usart.o(.text)
    .text                                    0x080011d4   Section       64  startup_stm32f10x_hd.o(.text)
    .text                                    0x08001214   Section        0  system_stm32f10x.o(.text)
    SetSysClockTo72                          0x08001215   Thumb Code   214  system_stm32f10x.o(.text)
    SetSysClock                              0x080012eb   Thumb Code     8  system_stm32f10x.o(.text)
    .text                                    0x080013e4   Section        0  misc.o(.text)
    .text                                    0x080014c0   Section        0  stm32f10x_gpio.o(.text)
    .text                                    0x0800181c   Section        0  stm32f10x_rcc.o(.text)
    .text                                    0x08001bc0   Section        0  stm32f10x_usart.o(.text)
    .text                                    0x08001fc8   Section        0  stm32f10x_tim.o(.text)
    TI4_Config                               0x0800246f   Thumb Code   130  stm32f10x_tim.o(.text)
    TI3_Config                               0x08002503   Thumb Code   122  stm32f10x_tim.o(.text)
    TI2_Config                               0x08002597   Thumb Code   130  stm32f10x_tim.o(.text)
    TI1_Config                               0x0800262b   Thumb Code   108  stm32f10x_tim.o(.text)
    .text                                    0x08002de2   Section        2  use_no_semi_2.o(.text)
    .text                                    0x08002de4   Section        0  noretval__2sprintf.o(.text)
    .text                                    0x08002e0c   Section        0  __printf_wp.o(.text)
    .text                                    0x08002f1a   Section        0  heapauxi.o(.text)
    .text                                    0x08002f20   Section        2  use_no_semi.o(.text)
    .text                                    0x08002f22   Section        0  _printf_fp_dec.o(.text)
    _fp_digits                               0x08002f25   Thumb Code   432  _printf_fp_dec.o(.text)
    .text                                    0x08003340   Section        0  _printf_char_common.o(.text)
    _printf_input_char                       0x08003341   Thumb Code    10  _printf_char_common.o(.text)
    .text                                    0x08003370   Section        0  _sputc.o(.text)
    .text                                    0x0800337c   Section        8  rt_locale_intlibspace.o(.text)
    .text                                    0x08003384   Section      138  lludiv10.o(.text)
    .text                                    0x08003410   Section        0  _printf_fp_infnan.o(.text)
    .text                                    0x08003490   Section        0  bigflt0.o(.text)
    .text                                    0x08003574   Section        8  libspace.o(.text)
    .text                                    0x0800357c   Section       74  sys_stackheap_outer.o(.text)
    .text                                    0x080035c6   Section        0  exit.o(.text)
    .text                                    0x080035d8   Section      128  strcmpv7m.o(.text)
    CL$$btod_d2e                             0x08003658   Section       62  btod.o(CL$$btod_d2e)
    CL$$btod_d2e_denorm_low                  0x08003696   Section       70  btod.o(CL$$btod_d2e_denorm_low)
    CL$$btod_d2e_norm_op1                    0x080036dc   Section       96  btod.o(CL$$btod_d2e_norm_op1)
    CL$$btod_div_common                      0x0800373c   Section      824  btod.o(CL$$btod_div_common)
    CL$$btod_e2e                             0x08003a74   Section      220  btod.o(CL$$btod_e2e)
    CL$$btod_ediv                            0x08003b50   Section       42  btod.o(CL$$btod_ediv)
    CL$$btod_emul                            0x08003b7a   Section       42  btod.o(CL$$btod_emul)
    CL$$btod_mult_common                     0x08003ba4   Section      580  btod.o(CL$$btod_mult_common)
    i.__ARM_fpclassify                       0x08003de8   Section        0  fpclassify.o(i.__ARM_fpclassify)
    i._is_digit                              0x08003e10   Section        0  __printf_wp.o(i._is_digit)
    locale$$code                             0x08003e20   Section       44  lc_numeric_c.o(locale$$code)
    x$fpl$dadd                               0x08003e4c   Section      336  daddsub_clz.o(x$fpl$dadd)
    _dadd1                                   0x08003e5d   Thumb Code     0  daddsub_clz.o(x$fpl$dadd)
    x$fpl$ddiv                               0x08003f9c   Section      688  ddiv.o(x$fpl$ddiv)
    ddiv_entry                               0x08003fa3   Thumb Code     0  ddiv.o(x$fpl$ddiv)
    x$fpl$dfltu                              0x0800424c   Section       38  dflt_clz.o(x$fpl$dfltu)
    x$fpl$dmul                               0x08004274   Section      340  dmul.o(x$fpl$dmul)
    x$fpl$dnaninf                            0x080043c8   Section      156  dnaninf.o(x$fpl$dnaninf)
    x$fpl$dretinf                            0x08004464   Section       12  dretinf.o(x$fpl$dretinf)
    x$fpl$dsub                               0x08004470   Section      468  daddsub_clz.o(x$fpl$dsub)
    _dsub1                                   0x08004481   Thumb Code     0  daddsub_clz.o(x$fpl$dsub)
    x$fpl$printf1                            0x08004644   Section        4  printf1.o(x$fpl$printf1)
    .constdata                               0x08004648   Section     2072  oled.o(.constdata)
    x$fpl$usenofp                            0x08004648   Section        0  usenofp.o(x$fpl$usenofp)
    .constdata                               0x08004e60   Section      148  bigflt0.o(.constdata)
    tenpwrs_x                                0x08004e60   Data          60  bigflt0.o(.constdata)
    tenpwrs_i                                0x08004e9c   Data          64  bigflt0.o(.constdata)
    locale$$data                             0x08004f14   Section       28  lc_numeric_c.o(locale$$data)
    __lcnum_c_name                           0x08004f18   Data           2  lc_numeric_c.o(locale$$data)
    __lcnum_c_start                          0x08004f20   Data           0  lc_numeric_c.o(locale$$data)
    __lcnum_c_point                          0x08004f2c   Data           0  lc_numeric_c.o(locale$$data)
    __lcnum_c_thousands                      0x08004f2e   Data           0  lc_numeric_c.o(locale$$data)
    __lcnum_c_grouping                       0x08004f2f   Data           0  lc_numeric_c.o(locale$$data)
    __lcnum_c_end                            0x08004f30   Data           0  lc_numeric_c.o(locale$$data)
    .data                                    0x20000000   Section       40  main.o(.data)
    .data                                    0x20000028   Section       40  speedtext.o(.data)
    .data                                    0x20000050   Section       12  bsp_generaltim.o(.data)
    .data                                    0x2000005c   Section      384  oled.o(.data)
    .data                                    0x200001dc   Section        4  delay.o(.data)
    fac_us                                   0x200001dc   Data           1  delay.o(.data)
    fac_ms                                   0x200001de   Data           2  delay.o(.data)
    .data                                    0x200001e0   Section        6  usart.o(.data)
    .data                                    0x200001e8   Section       20  system_stm32f10x.o(.data)
    .data                                    0x200001fc   Section       20  stm32f10x_rcc.o(.data)
    APBAHBPrescTable                         0x200001fc   Data          16  stm32f10x_rcc.o(.data)
    ADCPrescTable                            0x2000020c   Data           4  stm32f10x_rcc.o(.data)
    .bss                                     0x20000210   Section      160  main.o(.bss)
    .bss                                     0x200002b0   Section      200  usart.o(.bss)
    .bss                                     0x20000378   Section       96  libspace.o(.bss)
    HEAP                                     0x200003d8   Section      512  startup_stm32f10x_hd.o(HEAP)
    Heap_Mem                                 0x200003d8   Data         512  startup_stm32f10x_hd.o(HEAP)
    STACK                                    0x200005d8   Section     1024  startup_stm32f10x_hd.o(STACK)
    Stack_Mem                                0x200005d8   Data        1024  startup_stm32f10x_hd.o(STACK)
    __initial_sp                             0x200009d8   Data           0  startup_stm32f10x_hd.o(STACK)

    Global Symbols

    Symbol Name                              Value     Ov Type        Size  Object(Section)

    BuildAttributes$$THM_ISAv4$P$D$K$B$S$PE$A:L22UL41UL21$X:L11$S22US41US21$IEEE1$IW$USESV6$~STKCKD$USESV7$~SHL$OTIME$ROPI$IEEEJ$EBA8$UX$STANDARDLIB$REQ8$PRES8$EABIv2 0x00000000   Number         0  anon$$obj.o ABSOLUTE
    __ARM_use_no_argv                        0x00000000   Number         0  main.o ABSOLUTE
    _printf_flags                            0x00000000   Number         0  printf_stubs.o ABSOLUTE
    _printf_return_value                     0x00000000   Number         0  printf_stubs.o ABSOLUTE
    _printf_sizespec                         0x00000000   Number         0  printf_stubs.o ABSOLUTE
    _printf_widthprec                        0x00000000   Number         0  printf_stubs.o ABSOLUTE
    __ARM_exceptions_init                     - Undefined Weak Reference
    __alloca_initialize                       - Undefined Weak Reference
    __arm_preinit_                            - Undefined Weak Reference
    __cpp_initialize__aeabi_                  - Undefined Weak Reference
    __cxa_finalize                            - Undefined Weak Reference
    __sigvec_lookup                           - Undefined Weak Reference
    _atexit_init                              - Undefined Weak Reference
    _call_atexit_fns                          - Undefined Weak Reference
    _clock_init                               - Undefined Weak Reference
    _fp_trap_init                             - Undefined Weak Reference
    _fp_trap_shutdown                         - Undefined Weak Reference
    _get_lc_collate                           - Undefined Weak Reference
    _get_lc_ctype                             - Undefined Weak Reference
    _get_lc_monetary                          - Undefined Weak Reference
    _get_lc_time                              - Undefined Weak Reference
    _getenv_init                              - Undefined Weak Reference
    _handle_redirection                       - Undefined Weak Reference
    _init_alloc                               - Undefined Weak Reference
    _init_user_alloc                          - Undefined Weak Reference
    _initio                                   - Undefined Weak Reference
    _printf_post_padding                      - Undefined Weak Reference
    _printf_pre_padding                       - Undefined Weak Reference
    _rand_init                                - Undefined Weak Reference
    _signal_finish                            - Undefined Weak Reference
    _signal_init                              - Undefined Weak Reference
    _terminate_alloc                          - Undefined Weak Reference
    _terminate_user_alloc                     - Undefined Weak Reference
    _terminateio                              - Undefined Weak Reference
    __Vectors_Size                           0x00000130   Number         0  startup_stm32f10x_hd.o ABSOLUTE
    __Vectors                                0x08000000   Data           4  startup_stm32f10x_hd.o(RESET)
    __Vectors_End                            0x08000130   Data           0  startup_stm32f10x_hd.o(RESET)
    __main                                   0x08000131   Thumb Code     8  __main.o(!!!main)
    __scatterload                            0x08000139   Thumb Code     0  __scatter.o(!!!scatter)
    __scatterload_rt2                        0x08000139   Thumb Code    44  __scatter.o(!!!scatter)
    __scatterload_rt2_thumb_only             0x08000139   Thumb Code     0  __scatter.o(!!!scatter)
    __scatterload_null                       0x08000147   Thumb Code     0  __scatter.o(!!!scatter)
    __decompress                             0x0800016d   Thumb Code    90  __dczerorl2.o(!!dczerorl2)
    __decompress1                            0x0800016d   Thumb Code     0  __dczerorl2.o(!!dczerorl2)
    __scatterload_zeroinit                   0x080001c9   Thumb Code    28  __scatter_zi.o(!!handler_zi)
    _printf_f                                0x080001e5   Thumb Code     0  _printf_f.o(.ARM.Collect$$_printf_percent$$00000003)
    _printf_percent                          0x080001e5   Thumb Code     0  _printf_percent.o(.ARM.Collect$$_printf_percent$$00000000)
    _printf_percent_end                      0x080001eb   Thumb Code     0  _printf_percent_end.o(.ARM.Collect$$_printf_percent$$00000017)
    __rt_lib_init                            0x080001ef   Thumb Code     0  libinit.o(.ARM.Collect$$libinit$$00000000)
    __rt_lib_init_fp_1                       0x080001f1   Thumb Code     0  libinit2.o(.ARM.Collect$$libinit$$00000002)
    __rt_lib_init_heap_1                     0x080001f1   Thumb Code     0  libinit2.o(.ARM.Collect$$libinit$$0000000A)
    __rt_lib_init_lc_common                  0x080001f1   Thumb Code     0  libinit2.o(.ARM.Collect$$libinit$$0000000F)
    __rt_lib_init_preinit_1                  0x080001f1   Thumb Code     0  libinit2.o(.ARM.Collect$$libinit$$00000004)
    __rt_lib_init_rand_1                     0x080001f1   Thumb Code     0  libinit2.o(.ARM.Collect$$libinit$$0000000E)
    __rt_lib_init_user_alloc_1               0x080001f1   Thumb Code     0  libinit2.o(.ARM.Collect$$libinit$$0000000C)
    __rt_lib_init_lc_collate_1               0x080001f7   Thumb Code     0  libinit2.o(.ARM.Collect$$libinit$$00000011)
    __rt_lib_init_lc_ctype_1                 0x080001f7   Thumb Code     0  libinit2.o(.ARM.Collect$$libinit$$00000013)
    __rt_lib_init_lc_monetary_1              0x080001f7   Thumb Code     0  libinit2.o(.ARM.Collect$$libinit$$00000015)
    __rt_lib_init_lc_numeric_2               0x080001f7   Thumb Code     0  libinit2.o(.ARM.Collect$$libinit$$00000016)
    __rt_lib_init_alloca_1                   0x08000201   Thumb Code     0  libinit2.o(.ARM.Collect$$libinit$$0000002E)
    __rt_lib_init_argv_1                     0x08000201   Thumb Code     0  libinit2.o(.ARM.Collect$$libinit$$0000002C)
    __rt_lib_init_atexit_1                   0x08000201   Thumb Code     0  libinit2.o(.ARM.Collect$$libinit$$0000001B)
    __rt_lib_init_clock_1                    0x08000201   Thumb Code     0  libinit2.o(.ARM.Collect$$libinit$$00000021)
    __rt_lib_init_cpp_1                      0x08000201   Thumb Code     0  libinit2.o(.ARM.Collect$$libinit$$00000032)
    __rt_lib_init_exceptions_1               0x08000201   Thumb Code     0  libinit2.o(.ARM.Collect$$libinit$$00000030)
    __rt_lib_init_fp_trap_1                  0x08000201   Thumb Code     0  libinit2.o(.ARM.Collect$$libinit$$0000001F)
    __rt_lib_init_getenv_1                   0x08000201   Thumb Code     0  libinit2.o(.ARM.Collect$$libinit$$00000023)
    __rt_lib_init_lc_numeric_1               0x08000201   Thumb Code     0  libinit2.o(.ARM.Collect$$libinit$$00000017)
    __rt_lib_init_lc_time_1                  0x08000201   Thumb Code     0  libinit2.o(.ARM.Collect$$libinit$$00000019)
    __rt_lib_init_return                     0x08000201   Thumb Code     0  libinit2.o(.ARM.Collect$$libinit$$00000033)
    __rt_lib_init_signal_1                   0x08000201   Thumb Code     0  libinit2.o(.ARM.Collect$$libinit$$0000001D)
    __rt_lib_init_stdio_1                    0x08000201   Thumb Code     0  libinit2.o(.ARM.Collect$$libinit$$00000025)
    __rt_lib_shutdown                        0x08000203   Thumb Code     0  libshutdown.o(.ARM.Collect$$libshutdown$$00000000)
    __rt_lib_shutdown_cpp_1                  0x08000205   Thumb Code     0  libshutdown2.o(.ARM.Collect$$libshutdown$$00000002)
    __rt_lib_shutdown_fp_trap_1              0x08000205   Thumb Code     0  libshutdown2.o(.ARM.Collect$$libshutdown$$00000007)
    __rt_lib_shutdown_heap_1                 0x08000205   Thumb Code     0  libshutdown2.o(.ARM.Collect$$libshutdown$$0000000F)
    __rt_lib_shutdown_return                 0x08000205   Thumb Code     0  libshutdown2.o(.ARM.Collect$$libshutdown$$00000010)
    __rt_lib_shutdown_signal_1               0x08000205   Thumb Code     0  libshutdown2.o(.ARM.Collect$$libshutdown$$0000000A)
    __rt_lib_shutdown_stdio_1                0x08000205   Thumb Code     0  libshutdown2.o(.ARM.Collect$$libshutdown$$00000004)
    __rt_lib_shutdown_user_alloc_1           0x08000205   Thumb Code     0  libshutdown2.o(.ARM.Collect$$libshutdown$$0000000C)
    __rt_entry                               0x08000207   Thumb Code     0  __rtentry.o(.ARM.Collect$$rtentry$$00000000)
    __rt_entry_presh_1                       0x08000207   Thumb Code     0  __rtentry2.o(.ARM.Collect$$rtentry$$00000002)
    __rt_entry_sh                            0x08000207   Thumb Code     0  __rtentry4.o(.ARM.Collect$$rtentry$$00000004)
    __rt_entry_li                            0x0800020d   Thumb Code     0  __rtentry2.o(.ARM.Collect$$rtentry$$0000000A)
    __rt_entry_postsh_1                      0x0800020d   Thumb Code     0  __rtentry2.o(.ARM.Collect$$rtentry$$00000009)
    __rt_entry_main                          0x08000211   Thumb Code     0  __rtentry2.o(.ARM.Collect$$rtentry$$0000000D)
    __rt_entry_postli_1                      0x08000211   Thumb Code     0  __rtentry2.o(.ARM.Collect$$rtentry$$0000000C)
    __rt_exit                                0x08000219   Thumb Code     0  rtexit.o(.ARM.Collect$$rtexit$$00000000)
    __rt_exit_ls                             0x0800021b   Thumb Code     0  rtexit2.o(.ARM.Collect$$rtexit$$00000003)
    __rt_exit_prels_1                        0x0800021b   Thumb Code     0  rtexit2.o(.ARM.Collect$$rtexit$$00000002)
    __rt_exit_exit                           0x0800021f   Thumb Code     0  rtexit2.o(.ARM.Collect$$rtexit$$00000004)
    main                                     0x08000225   Thumb Code   608  main.o(.text)
    TIM2_CaptureCallBack                     0x08000485   Thumb Code   524  main.o(.text)
    NMI_Handler                              0x08000695   Thumb Code     2  stm32f10x_it.o(.text)
    HardFault_Handler                        0x08000697   Thumb Code     4  stm32f10x_it.o(.text)
    MemManage_Handler                        0x0800069b   Thumb Code     4  stm32f10x_it.o(.text)
    BusFault_Handler                         0x0800069f   Thumb Code     4  stm32f10x_it.o(.text)
    UsageFault_Handler                       0x080006a3   Thumb Code     4  stm32f10x_it.o(.text)
    SVC_Handler                              0x080006a7   Thumb Code     2  stm32f10x_it.o(.text)
    DebugMon_Handler                         0x080006a9   Thumb Code     2  stm32f10x_it.o(.text)
    PendSV_Handler                           0x080006ab   Thumb Code     2  stm32f10x_it.o(.text)
    SysTick_Handler                          0x080006ad   Thumb Code     2  stm32f10x_it.o(.text)
    TIM2_IRQHandler                          0x080006af   Thumb Code   176  stm32f10x_it.o(.text)
    Senor_GPIOInit                           0x08000771   Thumb Code    46  speedtext.o(.text)
    InitAll                                  0x0800079f   Thumb Code    24  speedtext.o(.text)
    InputCheck                               0x080007b7   Thumb Code     4  speedtext.o(.text)
    GENERAL_TIM_Init                         0x08000935   Thumb Code    12  bsp_generaltim.o(.text)
    LED_GPIO_Config                          0x08000945   Thumb Code    50  led.o(.text)
    Key_GPIO_Config                          0x08000977   Thumb Code    32  led.o(.text)
    Key_Scan                                 0x08000997   Thumb Code    64  led.o(.text)
    IIC_Start                                0x080009e1   Thumb Code    36  oled.o(.text)
    IIC_Stop                                 0x08000a05   Thumb Code    28  oled.o(.text)
    IIC_Wait_Ack                             0x08000a21   Thumb Code    20  oled.o(.text)
    Write_IIC_Byte                           0x08000a35   Thumb Code    80  oled.o(.text)
    Write_IIC_Command                        0x08000a85   Thumb Code    44  oled.o(.text)
    Write_IIC_Data                           0x08000ab1   Thumb Code    44  oled.o(.text)
    OLED_WR_Byte                             0x08000add   Thumb Code    24  oled.o(.text)
    fill_picture                             0x08000af5   Thumb Code    64  oled.o(.text)
    Delay_50ms                               0x08000b35   Thumb Code    22  oled.o(.text)
    Delay_1ms                                0x08000b4b   Thumb Code    26  oled.o(.text)
    OLED_Set_Pos                             0x08000b65   Thumb Code    40  oled.o(.text)
    OLED_Display_On                          0x08000b8d   Thumb Code    28  oled.o(.text)
    OLED_Display_Off                         0x08000ba9   Thumb Code    28  oled.o(.text)
    OLED_Clear                               0x08000bc5   Thumb Code    64  oled.o(.text)
    OLED_On                                  0x08000c05   Thumb Code    62  oled.o(.text)
    OLED_ShowChar                            0x08000c43   Thumb Code   154  oled.o(.text)
    oled_pow                                 0x08000cdd   Thumb Code    22  oled.o(.text)
    OLED_ShowNum                             0x08000cf3   Thumb Code   136  oled.o(.text)
    OLED_ShowString                          0x08000d7b   Thumb Code    58  oled.o(.text)
    OLED_ShowCHinese                         0x08000db5   Thumb Code   110  oled.o(.text)
    OLED_DrawBMP                             0x08000e23   Thumb Code   118  oled.o(.text)
    OLED_Init                                0x08000e99   Thumb Code   276  oled.o(.text)
    delay_init                               0x08000fb5   Thumb Code    50  delay.o(.text)
    delay_us                                 0x08000fe7   Thumb Code    72  delay.o(.text)
    delay_ms                                 0x0800102f   Thumb Code    72  delay.o(.text)
    NVIC_Configuration                       0x08001089   Thumb Code    12  sys.o(.text)
    _sys_exit                                0x08001095   Thumb Code     6  usart.o(.text)
    fputc                                    0x0800109b   Thumb Code    24  usart.o(.text)
    uart_init                                0x080010b3   Thumb Code   152  usart.o(.text)
    USART1_IRQHandler                        0x0800114b   Thumb Code   122  usart.o(.text)
    Reset_Handler                            0x080011d5   Thumb Code     8  startup_stm32f10x_hd.o(.text)
    ADC1_2_IRQHandler                        0x080011ef   Thumb Code     0  startup_stm32f10x_hd.o(.text)
    ADC3_IRQHandler                          0x080011ef   Thumb Code     0  startup_stm32f10x_hd.o(.text)
    CAN1_RX1_IRQHandler                      0x080011ef   Thumb Code     0  startup_stm32f10x_hd.o(.text)
    CAN1_SCE_IRQHandler                      0x080011ef   Thumb Code     0  startup_stm32f10x_hd.o(.text)
    DMA1_Channel1_IRQHandler                 0x080011ef   Thumb Code     0  startup_stm32f10x_hd.o(.text)
    DMA1_Channel2_IRQHandler                 0x080011ef   Thumb Code     0  startup_stm32f10x_hd.o(.text)
    DMA1_Channel3_IRQHandler                 0x080011ef   Thumb Code     0  startup_stm32f10x_hd.o(.text)
    DMA1_Channel4_IRQHandler                 0x080011ef   Thumb Code     0  startup_stm32f10x_hd.o(.text)
    DMA1_Channel5_IRQHandler                 0x080011ef   Thumb Code     0  startup_stm32f10x_hd.o(.text)
    DMA1_Channel6_IRQHandler                 0x080011ef   Thumb Code     0  startup_stm32f10x_hd.o(.text)
    DMA1_Channel7_IRQHandler                 0x080011ef   Thumb Code     0  startup_stm32f10x_hd.o(.text)
    DMA2_Channel1_IRQHandler                 0x080011ef   Thumb Code     0  startup_stm32f10x_hd.o(.text)
    DMA2_Channel2_IRQHandler                 0x080011ef   Thumb Code     0  startup_stm32f10x_hd.o(.text)
    DMA2_Channel3_IRQHandler                 0x080011ef   Thumb Code     0  startup_stm32f10x_hd.o(.text)
    DMA2_Channel4_5_IRQHandler               0x080011ef   Thumb Code     0  startup_stm32f10x_hd.o(.text)
    EXTI0_IRQHandler                         0x080011ef   Thumb Code     0  startup_stm32f10x_hd.o(.text)
    EXTI15_10_IRQHandler                     0x080011ef   Thumb Code     0  startup_stm32f10x_hd.o(.text)
    EXTI1_IRQHandler                         0x080011ef   Thumb Code     0  startup_stm32f10x_hd.o(.text)
    EXTI2_IRQHandler                         0x080011ef   Thumb Code     0  startup_stm32f10x_hd.o(.text)
    EXTI3_IRQHandler                         0x080011ef   Thumb Code     0  startup_stm32f10x_hd.o(.text)
    EXTI4_IRQHandler                         0x080011ef   Thumb Code     0  startup_stm32f10x_hd.o(.text)
    EXTI9_5_IRQHandler                       0x080011ef   Thumb Code     0  startup_stm32f10x_hd.o(.text)
    FLASH_IRQHandler                         0x080011ef   Thumb Code     0  startup_stm32f10x_hd.o(.text)
    FSMC_IRQHandler                          0x080011ef   Thumb Code     0  startup_stm32f10x_hd.o(.text)
    I2C1_ER_IRQHandler                       0x080011ef   Thumb Code     0  startup_stm32f10x_hd.o(.text)
    I2C1_EV_IRQHandler                       0x080011ef   Thumb Code     0  startup_stm32f10x_hd.o(.text)
    I2C2_ER_IRQHandler                       0x080011ef   Thumb Code     0  startup_stm32f10x_hd.o(.text)
    I2C2_EV_IRQHandler                       0x080011ef   Thumb Code     0  startup_stm32f10x_hd.o(.text)
    PVD_IRQHandler                           0x080011ef   Thumb Code     0  startup_stm32f10x_hd.o(.text)
    RCC_IRQHandler                           0x080011ef   Thumb Code     0  startup_stm32f10x_hd.o(.text)
    RTCAlarm_IRQHandler                      0x080011ef   Thumb Code     0  startup_stm32f10x_hd.o(.text)
    RTC_IRQHandler                           0x080011ef   Thumb Code     0  startup_stm32f10x_hd.o(.text)
    SDIO_IRQHandler                          0x080011ef   Thumb Code     0  startup_stm32f10x_hd.o(.text)
    SPI1_IRQHandler                          0x080011ef   Thumb Code     0  startup_stm32f10x_hd.o(.text)
    SPI2_IRQHandler                          0x080011ef   Thumb Code     0  startup_stm32f10x_hd.o(.text)
    SPI3_IRQHandler                          0x080011ef   Thumb Code     0  startup_stm32f10x_hd.o(.text)
    TAMPER_IRQHandler                        0x080011ef   Thumb Code     0  startup_stm32f10x_hd.o(.text)
    TIM1_BRK_IRQHandler                      0x080011ef   Thumb Code     0  startup_stm32f10x_hd.o(.text)
    TIM1_CC_IRQHandler                       0x080011ef   Thumb Code     0  startup_stm32f10x_hd.o(.text)
    TIM1_TRG_COM_IRQHandler                  0x080011ef   Thumb Code     0  startup_stm32f10x_hd.o(.text)
    TIM1_UP_IRQHandler                       0x080011ef   Thumb Code     0  startup_stm32f10x_hd.o(.text)
    TIM3_IRQHandler                          0x080011ef   Thumb Code     0  startup_stm32f10x_hd.o(.text)
    TIM4_IRQHandler                          0x080011ef   Thumb Code     0  startup_stm32f10x_hd.o(.text)
    TIM5_IRQHandler                          0x080011ef   Thumb Code     0  startup_stm32f10x_hd.o(.text)
    TIM6_IRQHandler                          0x080011ef   Thumb Code     0  startup_stm32f10x_hd.o(.text)
    TIM7_IRQHandler                          0x080011ef   Thumb Code     0  startup_stm32f10x_hd.o(.text)
    TIM8_BRK_IRQHandler                      0x080011ef   Thumb Code     0  startup_stm32f10x_hd.o(.text)
    TIM8_CC_IRQHandler                       0x080011ef   Thumb Code     0  startup_stm32f10x_hd.o(.text)
    TIM8_TRG_COM_IRQHandler                  0x080011ef   Thumb Code     0  startup_stm32f10x_hd.o(.text)
    TIM8_UP_IRQHandler                       0x080011ef   Thumb Code     0  startup_stm32f10x_hd.o(.text)
    UART4_IRQHandler                         0x080011ef   Thumb Code     0  startup_stm32f10x_hd.o(.text)
    UART5_IRQHandler                         0x080011ef   Thumb Code     0  startup_stm32f10x_hd.o(.text)
    USART2_IRQHandler                        0x080011ef   Thumb Code     0  startup_stm32f10x_hd.o(.text)
    USART3_IRQHandler                        0x080011ef   Thumb Code     0  startup_stm32f10x_hd.o(.text)
    USBWakeUp_IRQHandler                     0x080011ef   Thumb Code     0  startup_stm32f10x_hd.o(.text)
    USB_HP_CAN1_TX_IRQHandler                0x080011ef   Thumb Code     0  startup_stm32f10x_hd.o(.text)
    USB_LP_CAN1_RX0_IRQHandler               0x080011ef   Thumb Code     0  startup_stm32f10x_hd.o(.text)
    WWDG_IRQHandler                          0x080011ef   Thumb Code     0  startup_stm32f10x_hd.o(.text)
    __user_initial_stackheap                 0x080011f1   Thumb Code     0  startup_stm32f10x_hd.o(.text)
    SystemInit                               0x080012f3   Thumb Code    68  system_stm32f10x.o(.text)
    SystemCoreClockUpdate                    0x08001337   Thumb Code   142  system_stm32f10x.o(.text)
    NVIC_PriorityGroupConfig                 0x080013e5   Thumb Code    10  misc.o(.text)
    NVIC_Init                                0x080013ef   Thumb Code   100  misc.o(.text)
    NVIC_SetVectorTable                      0x08001453   Thumb Code    14  misc.o(.text)
    NVIC_SystemLPConfig                      0x08001461   Thumb Code    34  misc.o(.text)
    SysTick_CLKSourceConfig                  0x08001483   Thumb Code    40  misc.o(.text)
    GPIO_DeInit                              0x080014c1   Thumb Code   172  stm32f10x_gpio.o(.text)
    GPIO_AFIODeInit                          0x0800156d   Thumb Code    20  stm32f10x_gpio.o(.text)
    GPIO_Init                                0x08001581   Thumb Code   278  stm32f10x_gpio.o(.text)
    GPIO_StructInit                          0x08001697   Thumb Code    16  stm32f10x_gpio.o(.text)
    GPIO_ReadInputDataBit                    0x080016a7   Thumb Code    18  stm32f10x_gpio.o(.text)
    GPIO_ReadInputData                       0x080016b9   Thumb Code     8  stm32f10x_gpio.o(.text)
    GPIO_ReadOutputDataBit                   0x080016c1   Thumb Code    18  stm32f10x_gpio.o(.text)
    GPIO_ReadOutputData                      0x080016d3   Thumb Code     8  stm32f10x_gpio.o(.text)
    GPIO_SetBits                             0x080016db   Thumb Code     4  stm32f10x_gpio.o(.text)
    GPIO_ResetBits                           0x080016df   Thumb Code     4  stm32f10x_gpio.o(.text)
    GPIO_WriteBit                            0x080016e3   Thumb Code    10  stm32f10x_gpio.o(.text)
    GPIO_Write                               0x080016ed   Thumb Code     4  stm32f10x_gpio.o(.text)
    GPIO_PinLockConfig                       0x080016f1   Thumb Code    18  stm32f10x_gpio.o(.text)
    GPIO_EventOutputConfig                   0x08001703   Thumb Code    26  stm32f10x_gpio.o(.text)
    GPIO_EventOutputCmd                      0x0800171d   Thumb Code     6  stm32f10x_gpio.o(.text)
    GPIO_PinRemapConfig                      0x08001723   Thumb Code   138  stm32f10x_gpio.o(.text)
    GPIO_EXTILineConfig                      0x080017ad   Thumb Code    66  stm32f10x_gpio.o(.text)
    GPIO_ETH_MediaInterfaceConfig            0x080017ef   Thumb Code     8  stm32f10x_gpio.o(.text)
    RCC_DeInit                               0x0800181d   Thumb Code    64  stm32f10x_rcc.o(.text)
    RCC_HSEConfig                            0x0800185d   Thumb Code    70  stm32f10x_rcc.o(.text)
    RCC_GetFlagStatus                        0x080018a3   Thumb Code    56  stm32f10x_rcc.o(.text)
    RCC_WaitForHSEStartUp                    0x080018db   Thumb Code    56  stm32f10x_rcc.o(.text)
    RCC_AdjustHSICalibrationValue            0x08001913   Thumb Code    20  stm32f10x_rcc.o(.text)
    RCC_HSICmd                               0x08001927   Thumb Code     6  stm32f10x_rcc.o(.text)
    RCC_PLLConfig                            0x0800192d   Thumb Code    24  stm32f10x_rcc.o(.text)
    RCC_PLLCmd                               0x08001945   Thumb Code     6  stm32f10x_rcc.o(.text)
    RCC_SYSCLKConfig                         0x0800194b   Thumb Code    18  stm32f10x_rcc.o(.text)
    RCC_GetSYSCLKSource                      0x0800195d   Thumb Code    10  stm32f10x_rcc.o(.text)
    RCC_HCLKConfig                           0x08001967   Thumb Code    18  stm32f10x_rcc.o(.text)
    RCC_PCLK1Config                          0x08001979   Thumb Code    18  stm32f10x_rcc.o(.text)
    RCC_PCLK2Config                          0x0800198b   Thumb Code    20  stm32f10x_rcc.o(.text)
    RCC_ITConfig                             0x0800199f   Thumb Code    26  stm32f10x_rcc.o(.text)
    RCC_USBCLKConfig                         0x080019b9   Thumb Code     8  stm32f10x_rcc.o(.text)
    RCC_ADCCLKConfig                         0x080019c1   Thumb Code    18  stm32f10x_rcc.o(.text)
    RCC_LSEConfig                            0x080019d3   Thumb Code    50  stm32f10x_rcc.o(.text)
    RCC_LSICmd                               0x08001a05   Thumb Code     6  stm32f10x_rcc.o(.text)
    RCC_RTCCLKConfig                         0x08001a0b   Thumb Code    12  stm32f10x_rcc.o(.text)
    RCC_RTCCLKCmd                            0x08001a17   Thumb Code     8  stm32f10x_rcc.o(.text)
    RCC_GetClocksFreq                        0x08001a1f   Thumb Code   192  stm32f10x_rcc.o(.text)
    RCC_AHBPeriphClockCmd                    0x08001adf   Thumb Code    26  stm32f10x_rcc.o(.text)
    RCC_APB2PeriphClockCmd                   0x08001af9   Thumb Code    26  stm32f10x_rcc.o(.text)
    RCC_APB1PeriphClockCmd                   0x08001b13   Thumb Code    26  stm32f10x_rcc.o(.text)
    RCC_APB2PeriphResetCmd                   0x08001b2d   Thumb Code    26  stm32f10x_rcc.o(.text)
    RCC_APB1PeriphResetCmd                   0x08001b47   Thumb Code    26  stm32f10x_rcc.o(.text)
    RCC_BackupResetCmd                       0x08001b61   Thumb Code     8  stm32f10x_rcc.o(.text)
    RCC_ClockSecuritySystemCmd               0x08001b69   Thumb Code     6  stm32f10x_rcc.o(.text)
    RCC_MCOConfig                            0x08001b6f   Thumb Code     6  stm32f10x_rcc.o(.text)
    RCC_ClearFlag                            0x08001b75   Thumb Code    14  stm32f10x_rcc.o(.text)
    RCC_GetITStatus                          0x08001b83   Thumb Code    20  stm32f10x_rcc.o(.text)
    RCC_ClearITPendingBit                    0x08001b97   Thumb Code     6  stm32f10x_rcc.o(.text)
    USART_DeInit                             0x08001bc1   Thumb Code   134  stm32f10x_usart.o(.text)
    USART_Init                               0x08001c47   Thumb Code   210  stm32f10x_usart.o(.text)
    USART_StructInit                         0x08001d19   Thumb Code    24  stm32f10x_usart.o(.text)
    USART_ClockInit                          0x08001d31   Thumb Code    34  stm32f10x_usart.o(.text)
    USART_ClockStructInit                    0x08001d53   Thumb Code    12  stm32f10x_usart.o(.text)
    USART_Cmd                                0x08001d5f   Thumb Code    24  stm32f10x_usart.o(.text)
    USART_ITConfig                           0x08001d77   Thumb Code    74  stm32f10x_usart.o(.text)
    USART_DMACmd                             0x08001dc1   Thumb Code    18  stm32f10x_usart.o(.text)
    USART_SetAddress                         0x08001dd3   Thumb Code    18  stm32f10x_usart.o(.text)
    USART_WakeUpConfig                       0x08001de5   Thumb Code    18  stm32f10x_usart.o(.text)
    USART_ReceiverWakeUpCmd                  0x08001df7   Thumb Code    24  stm32f10x_usart.o(.text)
    USART_LINBreakDetectLengthConfig         0x08001e0f   Thumb Code    18  stm32f10x_usart.o(.text)
    USART_LINCmd                             0x08001e21   Thumb Code    24  stm32f10x_usart.o(.text)
    USART_SendData                           0x08001e39   Thumb Code     8  stm32f10x_usart.o(.text)
    USART_ReceiveData                        0x08001e41   Thumb Code    10  stm32f10x_usart.o(.text)
    USART_SendBreak                          0x08001e4b   Thumb Code    10  stm32f10x_usart.o(.text)
    USART_SetGuardTime                       0x08001e55   Thumb Code    16  stm32f10x_usart.o(.text)
    USART_SetPrescaler                       0x08001e65   Thumb Code    16  stm32f10x_usart.o(.text)
    USART_SmartCardCmd                       0x08001e75   Thumb Code    24  stm32f10x_usart.o(.text)
    USART_SmartCardNACKCmd                   0x08001e8d   Thumb Code    24  stm32f10x_usart.o(.text)
    USART_HalfDuplexCmd                      0x08001ea5   Thumb Code    24  stm32f10x_usart.o(.text)
    USART_OverSampling8Cmd                   0x08001ebd   Thumb Code    22  stm32f10x_usart.o(.text)
    USART_OneBitMethodCmd                    0x08001ed3   Thumb Code    24  stm32f10x_usart.o(.text)
    USART_IrDAConfig                         0x08001eeb   Thumb Code    18  stm32f10x_usart.o(.text)
    USART_IrDACmd                            0x08001efd   Thumb Code    24  stm32f10x_usart.o(.text)
    USART_GetFlagStatus                      0x08001f15   Thumb Code    26  stm32f10x_usart.o(.text)
    USART_ClearFlag                          0x08001f2f   Thumb Code    18  stm32f10x_usart.o(.text)
    USART_GetITStatus                        0x08001f41   Thumb Code    84  stm32f10x_usart.o(.text)
    USART_ClearITPendingBit                  0x08001f95   Thumb Code    52  stm32f10x_usart.o(.text)
    TIM_DeInit                               0x08001fc9   Thumb Code   424  stm32f10x_tim.o(.text)
    TIM_TimeBaseInit                         0x08002171   Thumb Code   122  stm32f10x_tim.o(.text)
    TIM_OC1Init                              0x080021eb   Thumb Code   132  stm32f10x_tim.o(.text)
    TIM_OC2Init                              0x0800226f   Thumb Code   154  stm32f10x_tim.o(.text)
    TIM_OC3Init                              0x08002309   Thumb Code   150  stm32f10x_tim.o(.text)
    TIM_OC4Init                              0x0800239f   Thumb Code   182  stm32f10x_tim.o(.text)
    TIM_SetIC4Prescaler                      0x08002455   Thumb Code    26  stm32f10x_tim.o(.text)
    TIM_SetIC3Prescaler                      0x080024f1   Thumb Code    18  stm32f10x_tim.o(.text)
    TIM_SetIC2Prescaler                      0x0800257d   Thumb Code    26  stm32f10x_tim.o(.text)
    TIM_SetIC1Prescaler                      0x08002619   Thumb Code    18  stm32f10x_tim.o(.text)
    TIM_ICInit                               0x08002697   Thumb Code   150  stm32f10x_tim.o(.text)
    TIM_PWMIConfig                           0x0800272d   Thumb Code   124  stm32f10x_tim.o(.text)
    TIM_BDTRConfig                           0x080027a9   Thumb Code    32  stm32f10x_tim.o(.text)
    TIM_TimeBaseStructInit                   0x080027c9   Thumb Code    18  stm32f10x_tim.o(.text)
    TIM_OCStructInit                         0x080027db   Thumb Code    20  stm32f10x_tim.o(.text)
    TIM_ICStructInit                         0x080027ef   Thumb Code    18  stm32f10x_tim.o(.text)
    TIM_BDTRStructInit                       0x08002801   Thumb Code    40  stm32f10x_tim.o(.text)
    TIM_Cmd                                  0x08002829   Thumb Code    24  stm32f10x_tim.o(.text)
    TIM_CtrlPWMOutputs                       0x08002841   Thumb Code    30  stm32f10x_tim.o(.text)
    TIM_ITConfig                             0x0800285f   Thumb Code    18  stm32f10x_tim.o(.text)
    TIM_GenerateEvent                        0x08002871   Thumb Code     4  stm32f10x_tim.o(.text)
    TIM_DMAConfig                            0x08002875   Thumb Code    10  stm32f10x_tim.o(.text)
    TIM_DMACmd                               0x0800287f   Thumb Code    18  stm32f10x_tim.o(.text)
    TIM_InternalClockConfig                  0x08002891   Thumb Code    12  stm32f10x_tim.o(.text)
    TIM_SelectInputTrigger                   0x0800289d   Thumb Code    18  stm32f10x_tim.o(.text)
    TIM_ITRxExternalClockConfig              0x080028af   Thumb Code    24  stm32f10x_tim.o(.text)
    TIM_TIxExternalClockConfig               0x080028c7   Thumb Code    62  stm32f10x_tim.o(.text)
    TIM_ETRConfig                            0x08002905   Thumb Code    28  stm32f10x_tim.o(.text)
    TIM_ETRClockMode1Config                  0x08002921   Thumb Code    54  stm32f10x_tim.o(.text)
    TIM_ETRClockMode2Config                  0x08002957   Thumb Code    32  stm32f10x_tim.o(.text)
    TIM_PrescalerConfig                      0x08002977   Thumb Code     6  stm32f10x_tim.o(.text)
    TIM_CounterModeConfig                    0x0800297d   Thumb Code    18  stm32f10x_tim.o(.text)
    TIM_EncoderInterfaceConfig               0x0800298f   Thumb Code    66  stm32f10x_tim.o(.text)
    TIM_ForcedOC1Config                      0x080029d1   Thumb Code    18  stm32f10x_tim.o(.text)
    TIM_ForcedOC2Config                      0x080029e3   Thumb Code    26  stm32f10x_tim.o(.text)
    TIM_ForcedOC3Config                      0x080029fd   Thumb Code    18  stm32f10x_tim.o(.text)
    TIM_ForcedOC4Config                      0x08002a0f   Thumb Code    26  stm32f10x_tim.o(.text)
    TIM_ARRPreloadConfig                     0x08002a29   Thumb Code    24  stm32f10x_tim.o(.text)
    TIM_SelectCOM                            0x08002a41   Thumb Code    24  stm32f10x_tim.o(.text)
    TIM_SelectCCDMA                          0x08002a59   Thumb Code    24  stm32f10x_tim.o(.text)
    TIM_CCPreloadControl                     0x08002a71   Thumb Code    24  stm32f10x_tim.o(.text)
    TIM_OC1PreloadConfig                     0x08002a89   Thumb Code    18  stm32f10x_tim.o(.text)
    TIM_OC2PreloadConfig                     0x08002a9b   Thumb Code    26  stm32f10x_tim.o(.text)
    TIM_OC3PreloadConfig                     0x08002ab5   Thumb Code    18  stm32f10x_tim.o(.text)
    TIM_OC4PreloadConfig                     0x08002ac7   Thumb Code    26  stm32f10x_tim.o(.text)
    TIM_OC1FastConfig                        0x08002ae1   Thumb Code    18  stm32f10x_tim.o(.text)
    TIM_OC2FastConfig                        0x08002af3   Thumb Code    26  stm32f10x_tim.o(.text)
    TIM_OC3FastConfig                        0x08002b0d   Thumb Code    18  stm32f10x_tim.o(.text)
    TIM_OC4FastConfig                        0x08002b1f   Thumb Code    26  stm32f10x_tim.o(.text)
    TIM_ClearOC1Ref                          0x08002b39   Thumb Code    18  stm32f10x_tim.o(.text)
    TIM_ClearOC2Ref                          0x08002b4b   Thumb Code    24  stm32f10x_tim.o(.text)
    TIM_ClearOC3Ref                          0x08002b63   Thumb Code    18  stm32f10x_tim.o(.text)
    TIM_ClearOC4Ref                          0x08002b75   Thumb Code    24  stm32f10x_tim.o(.text)
    TIM_OC1PolarityConfig                    0x08002b8d   Thumb Code    18  stm32f10x_tim.o(.text)
    TIM_OC1NPolarityConfig                   0x08002b9f   Thumb Code    18  stm32f10x_tim.o(.text)
    TIM_OC2PolarityConfig                    0x08002bb1   Thumb Code    26  stm32f10x_tim.o(.text)
    TIM_OC2NPolarityConfig                   0x08002bcb   Thumb Code    26  stm32f10x_tim.o(.text)
    TIM_OC3PolarityConfig                    0x08002be5   Thumb Code    26  stm32f10x_tim.o(.text)
    TIM_OC3NPolarityConfig                   0x08002bff   Thumb Code    26  stm32f10x_tim.o(.text)
    TIM_OC4PolarityConfig                    0x08002c19   Thumb Code    26  stm32f10x_tim.o(.text)
    TIM_CCxCmd                               0x08002c33   Thumb Code    30  stm32f10x_tim.o(.text)
    TIM_CCxNCmd                              0x08002c51   Thumb Code    30  stm32f10x_tim.o(.text)
    TIM_SelectOCxM                           0x08002c6f   Thumb Code    82  stm32f10x_tim.o(.text)
    TIM_UpdateDisableConfig                  0x08002cc1   Thumb Code    24  stm32f10x_tim.o(.text)
    TIM_UpdateRequestConfig                  0x08002cd9   Thumb Code    24  stm32f10x_tim.o(.text)
    TIM_SelectHallSensor                     0x08002cf1   Thumb Code    24  stm32f10x_tim.o(.text)
    TIM_SelectOnePulseMode                   0x08002d09   Thumb Code    18  stm32f10x_tim.o(.text)
    TIM_SelectOutputTrigger                  0x08002d1b   Thumb Code    18  stm32f10x_tim.o(.text)
    TIM_SelectSlaveMode                      0x08002d2d   Thumb Code    18  stm32f10x_tim.o(.text)
    TIM_SelectMasterSlaveMode                0x08002d3f   Thumb Code    18  stm32f10x_tim.o(.text)
    TIM_SetCounter                           0x08002d51   Thumb Code     4  stm32f10x_tim.o(.text)
    TIM_SetAutoreload                        0x08002d55   Thumb Code     4  stm32f10x_tim.o(.text)
    TIM_SetCompare1                          0x08002d59   Thumb Code     4  stm32f10x_tim.o(.text)
    TIM_SetCompare2                          0x08002d5d   Thumb Code     4  stm32f10x_tim.o(.text)
    TIM_SetCompare3                          0x08002d61   Thumb Code     4  stm32f10x_tim.o(.text)
    TIM_SetCompare4                          0x08002d65   Thumb Code     6  stm32f10x_tim.o(.text)
    TIM_SetClockDivision                     0x08002d6b   Thumb Code    18  stm32f10x_tim.o(.text)
    TIM_GetCapture1                          0x08002d7d   Thumb Code     6  stm32f10x_tim.o(.text)
    TIM_GetCapture2                          0x08002d83   Thumb Code     6  stm32f10x_tim.o(.text)
    TIM_GetCapture3                          0x08002d89   Thumb Code     6  stm32f10x_tim.o(.text)
    TIM_GetCapture4                          0x08002d8f   Thumb Code     8  stm32f10x_tim.o(.text)
    TIM_GetCounter                           0x08002d97   Thumb Code     6  stm32f10x_tim.o(.text)
    TIM_GetPrescaler                         0x08002d9d   Thumb Code     6  stm32f10x_tim.o(.text)
    TIM_GetFlagStatus                        0x08002da3   Thumb Code    18  stm32f10x_tim.o(.text)
    TIM_ClearFlag                            0x08002db5   Thumb Code     6  stm32f10x_tim.o(.text)
    TIM_GetITStatus                          0x08002dbb   Thumb Code    34  stm32f10x_tim.o(.text)
    TIM_ClearITPendingBit                    0x08002ddd   Thumb Code     6  stm32f10x_tim.o(.text)
    __use_no_semihosting                     0x08002de3   Thumb Code     2  use_no_semi_2.o(.text)
    __2sprintf                               0x08002de5   Thumb Code    34  noretval__2sprintf.o(.text)
    __printf                                 0x08002e0d   Thumb Code   270  __printf_wp.o(.text)
    __use_two_region_memory                  0x08002f1b   Thumb Code     2  heapauxi.o(.text)
    __rt_heap_escrow$2region                 0x08002f1d   Thumb Code     2  heapauxi.o(.text)
    __rt_heap_expand$2region                 0x08002f1f   Thumb Code     2  heapauxi.o(.text)
    __I$use$semihosting                      0x08002f21   Thumb Code     0  use_no_semi.o(.text)
    __use_no_semihosting_swi                 0x08002f21   Thumb Code     2  use_no_semi.o(.text)
    __lib_sel_fp_printf                      0x08002f23   Thumb Code     2  _printf_fp_dec.o(.text)
    _printf_fp_dec_real                      0x080030d5   Thumb Code   620  _printf_fp_dec.o(.text)
    _printf_char_common                      0x0800334b   Thumb Code    32  _printf_char_common.o(.text)
    _sputc                                   0x08003371   Thumb Code    10  _sputc.o(.text)
    __rt_locale                              0x0800337d   Thumb Code     8  rt_locale_intlibspace.o(.text)
    _ll_udiv10                               0x08003385   Thumb Code   138  lludiv10.o(.text)
    _printf_fp_infnan                        0x08003411   Thumb Code   112  _printf_fp_infnan.o(.text)
    _btod_etento                             0x08003491   Thumb Code   224  bigflt0.o(.text)
    __user_libspace                          0x08003575   Thumb Code     8  libspace.o(.text)
    __user_perproc_libspace                  0x08003575   Thumb Code     0  libspace.o(.text)
    __user_perthread_libspace                0x08003575   Thumb Code     0  libspace.o(.text)
    __user_setup_stackheap                   0x0800357d   Thumb Code    74  sys_stackheap_outer.o(.text)
    exit                                     0x080035c7   Thumb Code    18  exit.o(.text)
    strcmp                                   0x080035d9   Thumb Code   128  strcmpv7m.o(.text)
    _btod_d2e                                0x08003659   Thumb Code    62  btod.o(CL$$btod_d2e)
    _d2e_denorm_low                          0x08003697   Thumb Code    70  btod.o(CL$$btod_d2e_denorm_low)
    _d2e_norm_op1                            0x080036dd   Thumb Code    96  btod.o(CL$$btod_d2e_norm_op1)
    __btod_div_common                        0x0800373d   Thumb Code   696  btod.o(CL$$btod_div_common)
    _e2e                                     0x08003a75   Thumb Code   220  btod.o(CL$$btod_e2e)
    _btod_ediv                               0x08003b51   Thumb Code    42  btod.o(CL$$btod_ediv)
    _btod_emul                               0x08003b7b   Thumb Code    42  btod.o(CL$$btod_emul)
    __btod_mult_common                       0x08003ba5   Thumb Code   580  btod.o(CL$$btod_mult_common)
    __ARM_fpclassify                         0x08003de9   Thumb Code    40  fpclassify.o(i.__ARM_fpclassify)
    _is_digit                                0x08003e11   Thumb Code    14  __printf_wp.o(i._is_digit)
    _get_lc_numeric                          0x08003e21   Thumb Code    44  lc_numeric_c.o(locale$$code)
    __aeabi_dadd                             0x08003e4d   Thumb Code     0  daddsub_clz.o(x$fpl$dadd)
    _dadd                                    0x08003e4d   Thumb Code   332  daddsub_clz.o(x$fpl$dadd)
    __aeabi_ddiv                             0x08003f9d   Thumb Code     0  ddiv.o(x$fpl$ddiv)
    _ddiv                                    0x08003f9d   Thumb Code   552  ddiv.o(x$fpl$ddiv)
    __aeabi_ui2d                             0x0800424d   Thumb Code     0  dflt_clz.o(x$fpl$dfltu)
    _dfltu                                   0x0800424d   Thumb Code    38  dflt_clz.o(x$fpl$dfltu)
    __aeabi_dmul                             0x08004275   Thumb Code     0  dmul.o(x$fpl$dmul)
    _dmul                                    0x08004275   Thumb Code   332  dmul.o(x$fpl$dmul)
    __fpl_dnaninf                            0x080043c9   Thumb Code   156  dnaninf.o(x$fpl$dnaninf)
    __fpl_dretinf                            0x08004465   Thumb Code    12  dretinf.o(x$fpl$dretinf)
    __aeabi_dsub                             0x08004471   Thumb Code     0  daddsub_clz.o(x$fpl$dsub)
    _dsub                                    0x08004471   Thumb Code   464  daddsub_clz.o(x$fpl$dsub)
    _printf_fp_dec                           0x08004645   Thumb Code     4  printf1.o(x$fpl$printf1)
    F6x8                                     0x08004648   Data         552  oled.o(.constdata)
    __I$use$fp                               0x08004648   Number         0  usenofp.o(x$fpl$usenofp)
    F8X16                                    0x08004870   Data        1520  oled.o(.constdata)
    Region$$Table$$Base                      0x08004ef4   Number         0  anon$$obj.o(Region$$Table)
    Region$$Table$$Limit                     0x08004f14   Number         0  anon$$obj.o(Region$$Table)
    FlagS                                    0x20000000   Data           8  main.o(.data)
    showOLED                                 0x20000008   Data           6  main.o(.data)
    v1                                       0x2000000e   Data           6  main.o(.data)
    v2                                       0x20000014   Data           6  main.o(.data)
    a1                                       0x2000001a   Data           6  main.o(.data)
    STATE_USE                                0x20000020   Data           2  main.o(.data)
    show_flag                                0x20000024   Data           4  main.o(.data)
    TIME_SAVE                                0x20000028   Data          40  speedtext.o(.data)
    TIM_ICUserValueStructure1                0x20000050   Data           6  bsp_generaltim.o(.data)
    TIM_ICUserValueStructure2                0x20000056   Data           6  bsp_generaltim.o(.data)
    Hzk                                      0x2000005c   Data         384  oled.o(.data)
    __stdout                                 0x200001e0   Data           4  usart.o(.data)
    USART_RX_STA                             0x200001e4   Data           2  usart.o(.data)
    SystemCoreClock                          0x200001e8   Data           4  system_stm32f10x.o(.data)
    AHBPrescTable                            0x200001ec   Data          16  system_stm32f10x.o(.data)
    temp                                     0x20000210   Data          40  main.o(.bss)
    time                                     0x20000238   Data          48  main.o(.bss)
    speed                                    0x20000268   Data          40  main.o(.bss)
    a                                        0x20000290   Data          32  main.o(.bss)
    USART_RX_BUF                             0x200002b0   Data         200  usart.o(.bss)
    __libspace_start                         0x20000378   Data          96  libspace.o(.bss)
    __temporary_stack_top$libspace           0x200003d8   Data           0  libspace.o(.bss)



==============================================================================

Memory Map of the image

  Image Entry point : 0x08000131

  Load Region LR_IROM1 (Base: 0x08000000, Size: 0x00005140, Max: 0x00010000, ABSOLUTE, COMPRESSED[0x00004ff0])

    Execution Region ER_IROM1 (Exec base: 0x08000000, Load base: 0x08000000, Size: 0x00004f30, Max: 0x00010000, ABSOLUTE)

    Exec Addr    Load Addr    Size         Type   Attr      Idx    E Section Name        Object

    0x08000000   0x08000000   0x00000130   Data   RO          251    RESET               startup_stm32f10x_hd.o
    0x08000130   0x08000130   0x00000008   Code   RO          370  * !!!main             c_w.l(__main.o)
    0x08000138   0x08000138   0x00000034   Code   RO          604    !!!scatter          c_w.l(__scatter.o)
    0x0800016c   0x0800016c   0x0000005a   Code   RO          602    !!dczerorl2         c_w.l(__dczerorl2.o)
    0x080001c6   0x080001c6   0x00000002   PAD
    0x080001c8   0x080001c8   0x0000001c   Code   RO          606    !!handler_zi        c_w.l(__scatter_zi.o)
    0x080001e4   0x080001e4   0x00000000   Code   RO          367    .ARM.Collect$$_printf_percent$$00000000  c_w.l(_printf_percent.o)
    0x080001e4   0x080001e4   0x00000006   Code   RO          366    .ARM.Collect$$_printf_percent$$00000003  c_w.l(_printf_f.o)
    0x080001ea   0x080001ea   0x00000004   Code   RO          401    .ARM.Collect$$_printf_percent$$00000017  c_w.l(_printf_percent_end.o)
    0x080001ee   0x080001ee   0x00000002   Code   RO          479    .ARM.Collect$$libinit$$00000000  c_w.l(libinit.o)
    0x080001f0   0x080001f0   0x00000000   Code   RO          481    .ARM.Collect$$libinit$$00000002  c_w.l(libinit2.o)
    0x080001f0   0x080001f0   0x00000000   Code   RO          483    .ARM.Collect$$libinit$$00000004  c_w.l(libinit2.o)
    0x080001f0   0x080001f0   0x00000000   Code   RO          486    .ARM.Collect$$libinit$$0000000A  c_w.l(libinit2.o)
    0x080001f0   0x080001f0   0x00000000   Code   RO          488    .ARM.Collect$$libinit$$0000000C  c_w.l(libinit2.o)
    0x080001f0   0x080001f0   0x00000000   Code   RO          490    .ARM.Collect$$libinit$$0000000E  c_w.l(libinit2.o)
    0x080001f0   0x080001f0   0x00000006   Code   RO          491    .ARM.Collect$$libinit$$0000000F  c_w.l(libinit2.o)
    0x080001f6   0x080001f6   0x00000000   Code   RO          493    .ARM.Collect$$libinit$$00000011  c_w.l(libinit2.o)
    0x080001f6   0x080001f6   0x00000000   Code   RO          495    .ARM.Collect$$libinit$$00000013  c_w.l(libinit2.o)
    0x080001f6   0x080001f6   0x00000000   Code   RO          497    .ARM.Collect$$libinit$$00000015  c_w.l(libinit2.o)
    0x080001f6   0x080001f6   0x0000000a   Code   RO          498    .ARM.Collect$$libinit$$00000016  c_w.l(libinit2.o)
    0x08000200   0x08000200   0x00000000   Code   RO          499    .ARM.Collect$$libinit$$00000017  c_w.l(libinit2.o)
    0x08000200   0x08000200   0x00000000   Code   RO          501    .ARM.Collect$$libinit$$00000019  c_w.l(libinit2.o)
    0x08000200   0x08000200   0x00000000   Code   RO          503    .ARM.Collect$$libinit$$0000001B  c_w.l(libinit2.o)
    0x08000200   0x08000200   0x00000000   Code   RO          505    .ARM.Collect$$libinit$$0000001D  c_w.l(libinit2.o)
    0x08000200   0x08000200   0x00000000   Code   RO          507    .ARM.Collect$$libinit$$0000001F  c_w.l(libinit2.o)
    0x08000200   0x08000200   0x00000000   Code   RO          509    .ARM.Collect$$libinit$$00000021  c_w.l(libinit2.o)
    0x08000200   0x08000200   0x00000000   Code   RO          511    .ARM.Collect$$libinit$$00000023  c_w.l(libinit2.o)
    0x08000200   0x08000200   0x00000000   Code   RO          513    .ARM.Collect$$libinit$$00000025  c_w.l(libinit2.o)
    0x08000200   0x08000200   0x00000000   Code   RO          517    .ARM.Collect$$libinit$$0000002C  c_w.l(libinit2.o)
    0x08000200   0x08000200   0x00000000   Code   RO          519    .ARM.Collect$$libinit$$0000002E  c_w.l(libinit2.o)
    0x08000200   0x08000200   0x00000000   Code   RO          521    .ARM.Collect$$libinit$$00000030  c_w.l(libinit2.o)
    0x08000200   0x08000200   0x00000000   Code   RO          523    .ARM.Collect$$libinit$$00000032  c_w.l(libinit2.o)
    0x08000200   0x08000200   0x00000002   Code   RO          524    .ARM.Collect$$libinit$$00000033  c_w.l(libinit2.o)
    0x08000202   0x08000202   0x00000002   Code   RO          552    .ARM.Collect$$libshutdown$$00000000  c_w.l(libshutdown.o)
    0x08000204   0x08000204   0x00000000   Code   RO          561    .ARM.Collect$$libshutdown$$00000002  c_w.l(libshutdown2.o)
    0x08000204   0x08000204   0x00000000   Code   RO          563    .ARM.Collect$$libshutdown$$00000004  c_w.l(libshutdown2.o)
    0x08000204   0x08000204   0x00000000   Code   RO          566    .ARM.Collect$$libshutdown$$00000007  c_w.l(libshutdown2.o)
    0x08000204   0x08000204   0x00000000   Code   RO          569    .ARM.Collect$$libshutdown$$0000000A  c_w.l(libshutdown2.o)
    0x08000204   0x08000204   0x00000000   Code   RO          571    .ARM.Collect$$libshutdown$$0000000C  c_w.l(libshutdown2.o)
    0x08000204   0x08000204   0x00000000   Code   RO          574    .ARM.Collect$$libshutdown$$0000000F  c_w.l(libshutdown2.o)
    0x08000204   0x08000204   0x00000002   Code   RO          575    .ARM.Collect$$libshutdown$$00000010  c_w.l(libshutdown2.o)
    0x08000206   0x08000206   0x00000000   Code   RO          394    .ARM.Collect$$rtentry$$00000000  c_w.l(__rtentry.o)
    0x08000206   0x08000206   0x00000000   Code   RO          408    .ARM.Collect$$rtentry$$00000002  c_w.l(__rtentry2.o)
    0x08000206   0x08000206   0x00000006   Code   RO          420    .ARM.Collect$$rtentry$$00000004  c_w.l(__rtentry4.o)
    0x0800020c   0x0800020c   0x00000000   Code   RO          410    .ARM.Collect$$rtentry$$00000009  c_w.l(__rtentry2.o)
    0x0800020c   0x0800020c   0x00000004   Code   RO          411    .ARM.Collect$$rtentry$$0000000A  c_w.l(__rtentry2.o)
    0x08000210   0x08000210   0x00000000   Code   RO          413    .ARM.Collect$$rtentry$$0000000C  c_w.l(__rtentry2.o)
    0x08000210   0x08000210   0x00000008   Code   RO          414    .ARM.Collect$$rtentry$$0000000D  c_w.l(__rtentry2.o)
    0x08000218   0x08000218   0x00000002   Code   RO          525    .ARM.Collect$$rtexit$$00000000  c_w.l(rtexit.o)
    0x0800021a   0x0800021a   0x00000000   Code   RO          532    .ARM.Collect$$rtexit$$00000002  c_w.l(rtexit2.o)
    0x0800021a   0x0800021a   0x00000004   Code   RO          533    .ARM.Collect$$rtexit$$00000003  c_w.l(rtexit2.o)
    0x0800021e   0x0800021e   0x00000006   Code   RO          534    .ARM.Collect$$rtexit$$00000004  c_w.l(rtexit2.o)
    0x08000224   0x08000224   0x00000470   Code   RO            1    .text               main.o
    0x08000694   0x08000694   0x000000dc   Code   RO           82    .text               stm32f10x_it.o
    0x08000770   0x08000770   0x00000050   Code   RO           98    .text               speedtext.o
    0x080007c0   0x080007c0   0x00000184   Code   RO          137    .text               bsp_generaltim.o
    0x08000944   0x08000944   0x0000009c   Code   RO          155    .text               led.o
    0x080009e0   0x080009e0   0x000005d4   Code   RO          170    .text               oled.o
    0x08000fb4   0x08000fb4   0x000000d4   Code   RO          189    .text               delay.o
    0x08001088   0x08001088   0x0000000c   Code   RO          203    .text               sys.o
    0x08001094   0x08001094   0x00000140   Code   RO          215    .text               usart.o
    0x080011d4   0x080011d4   0x00000040   Code   RO          252    .text               startup_stm32f10x_hd.o
    0x08001214   0x08001214   0x000001d0   Code   RO          256    .text               system_stm32f10x.o
    0x080013e4   0x080013e4   0x000000dc   Code   RO          274    .text               misc.o
    0x080014c0   0x080014c0   0x0000035c   Code   RO          286    .text               stm32f10x_gpio.o
    0x0800181c   0x0800181c   0x000003a4   Code   RO          298    .text               stm32f10x_rcc.o
    0x08001bc0   0x08001bc0   0x00000408   Code   RO          312    .text               stm32f10x_usart.o
    0x08001fc8   0x08001fc8   0x00000e1a   Code   RO          324    .text               stm32f10x_tim.o
    0x08002de2   0x08002de2   0x00000002   Code   RO          338    .text               c_w.l(use_no_semi_2.o)
    0x08002de4   0x08002de4   0x00000028   Code   RO          342    .text               c_w.l(noretval__2sprintf.o)
    0x08002e0c   0x08002e0c   0x0000010e   Code   RO          354    .text               c_w.l(__printf_wp.o)
    0x08002f1a   0x08002f1a   0x00000006   Code   RO          368    .text               c_w.l(heapauxi.o)
    0x08002f20   0x08002f20   0x00000002   Code   RO          392    .text               c_w.l(use_no_semi.o)
    0x08002f22   0x08002f22   0x0000041e   Code   RO          395    .text               c_w.l(_printf_fp_dec.o)
    0x08003340   0x08003340   0x00000030   Code   RO          397    .text               c_w.l(_printf_char_common.o)
    0x08003370   0x08003370   0x0000000a   Code   RO          399    .text               c_w.l(_sputc.o)
    0x0800337a   0x0800337a   0x00000002   PAD
    0x0800337c   0x0800337c   0x00000008   Code   RO          425    .text               c_w.l(rt_locale_intlibspace.o)
    0x08003384   0x08003384   0x0000008a   Code   RO          427    .text               c_w.l(lludiv10.o)
    0x0800340e   0x0800340e   0x00000002   PAD
    0x08003410   0x08003410   0x00000080   Code   RO          429    .text               c_w.l(_printf_fp_infnan.o)
    0x08003490   0x08003490   0x000000e4   Code   RO          433    .text               c_w.l(bigflt0.o)
    0x08003574   0x08003574   0x00000008   Code   RO          465    .text               c_w.l(libspace.o)
    0x0800357c   0x0800357c   0x0000004a   Code   RO          468    .text               c_w.l(sys_stackheap_outer.o)
    0x080035c6   0x080035c6   0x00000012   Code   RO          470    .text               c_w.l(exit.o)
    0x080035d8   0x080035d8   0x00000080   Code   RO          472    .text               c_w.l(strcmpv7m.o)
    0x08003658   0x08003658   0x0000003e   Code   RO          436    CL$$btod_d2e        c_w.l(btod.o)
    0x08003696   0x08003696   0x00000046   Code   RO          438    CL$$btod_d2e_denorm_low  c_w.l(btod.o)
    0x080036dc   0x080036dc   0x00000060   Code   RO          437    CL$$btod_d2e_norm_op1  c_w.l(btod.o)
    0x0800373c   0x0800373c   0x00000338   Code   RO          446    CL$$btod_div_common  c_w.l(btod.o)
    0x08003a74   0x08003a74   0x000000dc   Code   RO          443    CL$$btod_e2e        c_w.l(btod.o)
    0x08003b50   0x08003b50   0x0000002a   Code   RO          440    CL$$btod_ediv       c_w.l(btod.o)
    0x08003b7a   0x08003b7a   0x0000002a   Code   RO          439    CL$$btod_emul       c_w.l(btod.o)
    0x08003ba4   0x08003ba4   0x00000244   Code   RO          445    CL$$btod_mult_common  c_w.l(btod.o)
    0x08003de8   0x08003de8   0x00000028   Code   RO          463    i.__ARM_fpclassify  m_ws.l(fpclassify.o)
    0x08003e10   0x08003e10   0x0000000e   Code   RO          356    i._is_digit         c_w.l(__printf_wp.o)
    0x08003e1e   0x08003e1e   0x00000002   PAD
    0x08003e20   0x08003e20   0x0000002c   Code   RO          459    locale$$code        c_w.l(lc_numeric_c.o)
    0x08003e4c   0x08003e4c   0x00000150   Code   RO          372    x$fpl$dadd          fz_ws.l(daddsub_clz.o)
    0x08003f9c   0x08003f9c   0x000002b0   Code   RO          379    x$fpl$ddiv          fz_ws.l(ddiv.o)
    0x0800424c   0x0800424c   0x00000026   Code   RO          382    x$fpl$dfltu         fz_ws.l(dflt_clz.o)
    0x08004272   0x08004272   0x00000002   PAD
    0x08004274   0x08004274   0x00000154   Code   RO          388    x$fpl$dmul          fz_ws.l(dmul.o)
    0x080043c8   0x080043c8   0x0000009c   Code   RO          402    x$fpl$dnaninf       fz_ws.l(dnaninf.o)
    0x08004464   0x08004464   0x0000000c   Code   RO          404    x$fpl$dretinf       fz_ws.l(dretinf.o)
    0x08004470   0x08004470   0x000001d4   Code   RO          374    x$fpl$dsub          fz_ws.l(daddsub_clz.o)
    0x08004644   0x08004644   0x00000004   Code   RO          390    x$fpl$printf1       fz_ws.l(printf1.o)
    0x08004648   0x08004648   0x00000000   Code   RO          406    x$fpl$usenofp       fz_ws.l(usenofp.o)
    0x08004648   0x08004648   0x00000818   Data   RO          171    .constdata          oled.o
    0x08004e60   0x08004e60   0x00000094   Data   RO          434    .constdata          c_w.l(bigflt0.o)
    0x08004ef4   0x08004ef4   0x00000020   Data   RO          600    Region$$Table       anon$$obj.o
    0x08004f14   0x08004f14   0x0000001c   Data   RO          458    locale$$data        c_w.l(lc_numeric_c.o)


    Execution Region RW_IRAM1 (Exec base: 0x20000000, Load base: 0x08004f30, Size: 0x000009d8, Max: 0x00005000, ABSOLUTE, COMPRESSED[0x000000c0])

    Exec Addr    Load Addr    Size         Type   Attr      Idx    E Section Name        Object

    0x20000000   COMPRESSED   0x00000028   Data   RW            3    .data               main.o
    0x20000028   COMPRESSED   0x00000028   Data   RW           99    .data               speedtext.o
    0x20000050   COMPRESSED   0x0000000c   Data   RW          138    .data               bsp_generaltim.o
    0x2000005c   COMPRESSED   0x00000180   Data   RW          172    .data               oled.o
    0x200001dc   COMPRESSED   0x00000004   Data   RW          190    .data               delay.o
    0x200001e0   COMPRESSED   0x00000006   Data   RW          217    .data               usart.o
    0x200001e6   COMPRESSED   0x00000002   PAD
    0x200001e8   COMPRESSED   0x00000014   Data   RW          257    .data               system_stm32f10x.o
    0x200001fc   COMPRESSED   0x00000014   Data   RW          299    .data               stm32f10x_rcc.o
    0x20000210        -       0x000000a0   Zero   RW            2    .bss                main.o
    0x200002b0        -       0x000000c8   Zero   RW          216    .bss                usart.o
    0x20000378        -       0x00000060   Zero   RW          466    .bss                c_w.l(libspace.o)
    0x200003d8        -       0x00000200   Zero   RW          250    HEAP                startup_stm32f10x_hd.o
    0x200005d8        -       0x00000400   Zero   RW          249    STACK               startup_stm32f10x_hd.o


==============================================================================

Image component sizes


      Code (inc. data)   RO Data    RW Data    ZI Data      Debug   Object Name

       388          4          0         12          0       2485   bsp_generaltim.o
         0          0          0          0          0         32   core_cm3.o
       212         18          0          4          0       1071   delay.o
       156         10          0          0          0       1211   led.o
      1136         82          0         40        160     254288   main.o
       220         22          0          0          0       1833   misc.o
      1492         20       2072        384          0       6947   oled.o
        80          6          0         40          0     205156   speedtext.o
        64         26        304          0       1536        812   startup_stm32f10x_hd.o
       860         38          0          0          0       5769   stm32f10x_gpio.o
       220         18          0          0          0       1482   stm32f10x_it.o
       932         36          0         20          0       8968   stm32f10x_rcc.o
      3610         88          0          0          0      22876   stm32f10x_tim.o
      1032         22          0          0          0       8492   stm32f10x_usart.o
        12          0          0          0          0        469   sys.o
       464         32          0         20          0       1779   system_stm32f10x.o
       320         16          0          6        200       3230   usart.o

    ----------------------------------------------------------------------
     11198        438       2408        528       1896     526900   Object Totals
         0          0         32          0          0          0   (incl. Generated)
         0          0          0          2          0          0   (incl. Padding)

    ----------------------------------------------------------------------

      Code (inc. data)   RO Data    RW Data    ZI Data      Debug   Library Member Name

        90          0          0          0          0          0   __dczerorl2.o
         8          0          0          0          0         68   __main.o
       284          0          0          0          0        156   __printf_wp.o
         0          0          0          0          0          0   __rtentry.o
        12          0          0          0          0          0   __rtentry2.o
         6          0          0          0          0          0   __rtentry4.o
        52          8          0          0          0          0   __scatter.o
        28          0          0          0          0          0   __scatter_zi.o
        48          6          0          0          0         96   _printf_char_common.o
         6          0          0          0          0          0   _printf_f.o
      1054          0          0          0          0        216   _printf_fp_dec.o
       128         16          0          0          0         84   _printf_fp_infnan.o
         0          0          0          0          0          0   _printf_percent.o
         4          0          0          0          0          0   _printf_percent_end.o
        10          0          0          0          0         68   _sputc.o
       228          4        148          0          0         96   bigflt0.o
      1936        128          0          0          0        672   btod.o
        18          0          0          0          0         80   exit.o
         6          0          0          0          0        152   heapauxi.o
        44         10         28          0          0         76   lc_numeric_c.o
         2          0          0          0          0          0   libinit.o
        18          0          0          0          0          0   libinit2.o
         2          0          0          0          0          0   libshutdown.o
         2          0          0          0          0          0   libshutdown2.o
         8          4          0          0         96         68   libspace.o
       138          0          0          0          0         80   lludiv10.o
        40          6          0          0          0         84   noretval__2sprintf.o
         8          4          0          0          0         68   rt_locale_intlibspace.o
         2          0          0          0          0          0   rtexit.o
        10          0          0          0          0          0   rtexit2.o
       128          0          0          0          0         68   strcmpv7m.o
        74          0          0          0          0         80   sys_stackheap_outer.o
         2          0          0          0          0         68   use_no_semi.o
         2          0          0          0          0         68   use_no_semi_2.o
       804         16          0          0          0        272   daddsub_clz.o
       688        140          0          0          0        208   ddiv.o
        38          0          0          0          0         68   dflt_clz.o
       340         12          0          0          0        104   dmul.o
       156          4          0          0          0         92   dnaninf.o
        12          0          0          0          0         68   dretinf.o
         4          0          0          0          0         68   printf1.o
         0          0          0          0          0          0   usenofp.o
        40          0          0          0          0         68   fpclassify.o

    ----------------------------------------------------------------------
      6490        358        176          0         96       3296   Library Totals
        10          0          0          0          0          0   (incl. Padding)

    ----------------------------------------------------------------------

      Code (inc. data)   RO Data    RW Data    ZI Data      Debug   Library Name

      4398        186        176          0         96       2348   c_w.l
      2042        172          0          0          0        880   fz_ws.l
        40          0          0          0          0         68   m_ws.l

    ----------------------------------------------------------------------
      6490        358        176          0         96       3296   Library Totals

    ----------------------------------------------------------------------

==============================================================================


      Code (inc. data)   RO Data    RW Data    ZI Data      Debug   

     17688        796       2584        528       1992     527228   Grand Totals
     17688        796       2584        192       1992     527228   ELF Image Totals (compressed)
     17688        796       2584        192          0          0   ROM Totals

==============================================================================

    Total RO  Size (Code + RO Data)                20272 (  19.80kB)
    Total RW  Size (RW Data + ZI Data)              2520 (   2.46kB)
    Total ROM Size (Code + RO Data + RW Data)      20464 (  19.98kB)

==============================================================================

